C51 COMPILER V9.54   MAIN                                                                  04/10/2025 14:29:54 PAGE 1   


C51 COMPILER V9.54, COMPILATION OF MODULE MAIN
OBJECT MODULE PLACED IN .\Objects\main.obj
COMPILER INVOKED BY: D:\Keil_v5\C51\BIN\C51.EXE User\main.c OPTIMIZE(8,SPEED) BROWSE INCDIR(.\Driver;.\User) DEBUG OBJEC
                    -TEXTEND PRINT(.\Listings\main.lst) OBJECT(.\Objects\main.obj)

line level    source

   1          #include <STC15F2K60S2.H>
   2          #include <Init.H>
   3          #include <Seg.H>
   4          #include <Key.H>
   5          #include <ds1302.H>
   6          #include <Uart.H>
   7          #include <string.H>
   8          unsigned char Key_Slow,Key_Val,Key_Old,Key_Down,Key_Up;
   9          unsigned char Seg_Slow,Seg_Pos,Seg_Buf[8]={10,10,10,10,10,10,10,10};
  10          unsigned char Uart_Buf[10]={0};
  11          unsigned char Uart_Index;
  12          unsigned char Uart_Rx_Flag,Uart_Tick;
  13          
  14          unsigned char Rtc[3]={23,59,57,};
  15          
  16          void Key_Proc()
  17          {
  18   1              if(Key_Slow)return;
  19   1              Key_Slow=1;
  20   1              
  21   1              Key_Val=Key_Read();
  22   1              Key_Down=Key_Val&(Key_Old^Key_Val);
  23   1              Key_Up=~Key_Val&(Key_Old^Key_Val);
  24   1              Key_Old=Key_Val;
  25   1              
  26   1              if(Key_Down==4)
  27   1              {
  28   2                      printf("Hour: %bu",Rtc[0]);
  29   2              }
  30   1              else if(Key_Down==8)
  31   1              {
  32   2                      printf("Minute: %bu",Rtc[1]);
  33   2              }
  34   1              else if(Key_Down==12)
  35   1              {
  36   2                      printf("Second: %bu",Rtc[2]);
  37   2              }
  38   1      }
  39          void Seg_Proc()
  40          {
  41   1              if(Seg_Slow)return;
  42   1              Seg_Slow=1;
  43   1              
  44   1              RTC_Read(Rtc);
  45   1              
  46   1              Seg_Buf[0]=Rtc[0]/10%10;
  47   1              Seg_Buf[1]=Rtc[0]%10;
  48   1              Seg_Buf[2]=11;
  49   1              Seg_Buf[3]=Rtc[1]/10%10;
  50   1              Seg_Buf[4]=Rtc[1]%10;
  51   1              Seg_Buf[5]=11;
  52   1              Seg_Buf[6]=Rtc[2]/10%10;
  53   1              Seg_Buf[7]=Rtc[2]%10;
  54   1      }
C51 COMPILER V9.54   MAIN                                                                  04/10/2025 14:29:54 PAGE 2   

  55          void Uart_Proc()
  56          {
  57   1              if(Uart_Index==0)return;
  58   1              if(Uart_Tick>=10)
  59   1              {
  60   2                      Uart_Rx_Flag=0;
  61   2                      Uart_Tick=0;
  62   2                      
  63   2                      
  64   2                      
  65   2                      memset(Uart_Buf,0,Uart_Index);
  66   2                      Uart_Index=0;
  67   2              }
  68   1      }
  69          void Uart1_Isr(void) interrupt 4
  70          {
  71   1              if (RI)                         //检测串口1接收中断
  72   1              {
  73   2                      Uart_Rx_Flag=1;
  74   2                      Uart_Tick=0;
  75   2                      Uart_Buf[Uart_Index++]=SBUF;
  76   2                      
  77   2                      RI = 0;                 //清除串口1接收中断请求位
  78   2                      if(Uart_Index>10)
  79   2                      {
  80   3                              Uart_Index=0;
  81   3                              memset(Uart_Buf,0,10);
  82   3                      }
  83   2              }
  84   1      }
  85          void Timer1_Init(void)          //1毫秒@12.000MHz
  86          {
  87   1              AUXR &= 0xBF;                   //定时器时钟12T模式
  88   1              TMOD &= 0x0F;                   //设置定时器模式
  89   1              TL1 = 0x18;                             //设置定时初始值
  90   1              TH1 = 0xFC;                             //设置定时初始值
  91   1              TF1 = 0;                                //清除TF1标志
  92   1              TR1 = 1;                                //定时器1开始计时
  93   1              ET1 = 1;                                //使能定时器1中断
  94   1              EA=1;
  95   1      }
  96          void Timer1_Isr(void) interrupt 3
  97          {
  98   1              if(++Key_Slow==20)Key_Slow=0;
  99   1              if(++Seg_Slow==100)Seg_Slow=0;
 100   1              if(++Seg_Pos==8)Seg_Pos=0;
 101   1              if(Seg_Buf[Seg_Pos]>20)
 102   1                      Seg_Disp(Seg_Pos,Seg_Buf[Seg_Pos]-',',1);
 103   1              else
 104   1                      Seg_Disp(Seg_Pos,Seg_Buf[Seg_Pos],0);
 105   1              
 106   1              if(Uart_Rx_Flag)Uart_Tick++;
 107   1      }
 108          void main()
 109          {
 110   1              RTC_Set(Rtc);
 111   1              Sys_Init();
 112   1              Timer1_Init();
 113   1              Uart1_Init();
 114   1              while(1)
 115   1              {
 116   2                      Key_Proc();
C51 COMPILER V9.54   MAIN                                                                  04/10/2025 14:29:54 PAGE 3   

 117   2                      Seg_Proc();
 118   2                      Uart_Proc();
 119   2              }
 120   1      }
 121          
 122          


MODULE INFORMATION:   STATIC OVERLAYABLE
   CODE SIZE        =    488    ----
   CONSTANT SIZE    =     34    ----
   XDATA SIZE       =   ----    ----
   PDATA SIZE       =   ----    ----
   DATA SIZE        =     31    ----
   IDATA SIZE       =   ----    ----
   BIT SIZE         =   ----    ----
END OF MODULE INFORMATION.


C51 COMPILATION COMPLETE.  0 WARNING(S),  0 ERROR(S)
