C51 COMPILER V9.54   MAIN                                                                  03/21/2025 11:38:34 PAGE 1   


C51 COMPILER V9.54, COMPILATION OF MODULE MAIN
OBJECT MODULE PLACED IN .\Objects\main.obj
COMPILER INVOKED BY: D:\Keil_v5\C51\BIN\C51.EXE User\main.c OPTIMIZE(8,SPEED) BROWSE INCDIR(.\Driver;.\User) DEBUG OBJEC
                    -TEXTEND PRINT(.\Listings\main.lst) OBJECT(.\Objects\main.obj)

line level    source

   1          /*头文件引用区域*/
   2          #include <STC15F2K60S2.H>
   3          #include <Init.H>
   4          #include <Led.H>
   5          #include <Seg.H>
   6          #include <Key.H>
   7          #include <onewire.H>
   8          #include <iic.H>
   9          /*变量声明区域*/
  10          unsigned char Key_Slow;
  11          unsigned char Key_Val,Key_Old,Key_Down,Key_Up;
  12          unsigned char Seg_Slow;
  13          unsigned char Seg_Pos;
  14          unsigned char Seg_Buf[8]={10,10,10,10,10,10,10,10};
  15          unsigned char Seg_Point[8]={0,0,0,0,0,0,0,0};
  16          unsigned char Led_Buf[8]={0,0,0,0,0,0,0,0};
  17          
  18          unsigned char Seg_Show_Mode=0;//【0-温度】【1-DAC输出控制】【2-校准值】
  19          float Temperature_DS18B20;
  20          char Temperature_Correction=0;
  21          char Temperature_Correction_Set=0;
  22          unsigned char Temperature;
  23          unsigned char Temperature_Near;
  24          
  25          unsigned char Temperature_DAC_Voltage;
  26          unsigned char DAC_Value=100;
  27          unsigned char DAC_Value_Set=100;
  28          bit DAC_Output_Mode=0;//DAC输出控制模式，【0-温度控制】【1-手动控制】两种DAC 输出模式
  29          bit Relay_Work_Mode=1;//继电器状态，【0-锁定】【1-解锁】
  30          unsigned int S13_Time_1500ms;
  31          bit S13_Start_Flag;
  32          bit S13_Keep_Flag;
  33          
  34          unsigned int L2_Time_2000ms=0;
  35          bit L2_Start_Flag=0;
  36          bit L2_Keep_Flag=0;
  37          unsigned int L3_Time_2000ms=0;
  38          bit L3_Start_Flag=0;
  39          bit L3_Keep_Flag=0;
  40          unsigned int L4_Time_3000ms=0;
  41          unsigned int L4_Flash_200ms=0;
  42          bit L4_Start_Flag=0;
  43          bit L4_Keep_Flag=0;
  44          bit L4_Flash_Flag=0;
  45          /*按键控制区域*/
  46          void Key_Proc()
  47          {
  48   1              if(Key_Slow)return;
  49   1              Key_Slow=1;
  50   1              
  51   1              Key_Val=Key_Read();
  52   1              Key_Down=Key_Val&(Key_Old^Key_Val);
  53   1              Key_Up=~Key_Val&(Key_Old^Key_Val);
  54   1              Key_Old=Key_Val;
C51 COMPILER V9.54   MAIN                                                                  03/21/2025 11:38:34 PAGE 2   

  55   1              
  56   1              
  57   1              if(Key_Old==13)
  58   1              {
  59   2                      S13_Start_Flag=1;
  60   2              }
  61   1              if(Key_Up==13 && S13_Keep_Flag==0)
  62   1              {
  63   2                      S13_Start_Flag=0;
  64   2                      S13_Time_1500ms=0;
  65   2                      S13_Keep_Flag=0;
  66   2              }
  67   1              else if(Key_Up==13 && S13_Keep_Flag==1)
  68   1              {
  69   2                      S13_Start_Flag=0;
  70   2                      S13_Time_1500ms=0;
  71   2                      S13_Keep_Flag=0;
  72   2                      
  73   2                      Relay_Work_Mode^=1;//② 长按S13 按键超过1.5 秒后松开，触发继电器“锁定”状态切换功能。  
  74   2              }
  75   1              
  76   1              
  77   1              
  78   1              switch(Key_Down)
  79   1              {
  80   2                      case 12://S12：界面切换按键，按下切换显示【0-温度】【1-DAC输出控制】【2-校准值】界面。
  81   2                              if(++Seg_Show_Mode==3)Seg_Show_Mode=0;
  82   2                              if(Seg_Show_Mode==1)
  83   2                              {
  84   3                                      DAC_Value_Set=DAC_Value;
  85   3                              }
  86   2                              else if(Seg_Show_Mode==2)
  87   2                              {
  88   3                                      DAC_Value=DAC_Value_Set;
  89   3                                      Temperature_Correction_Set=Temperature_Correction;
  90   3                              }
  91   2                              else if(Seg_Show_Mode==0)
  92   2                              {
  93   3                                      Temperature_Correction=Temperature_Correction_Set;
  94   3                              }
  95   2                      break;
  96   2                      case 13://S13：定义为模式/锁定按键。 
  97   2                              DAC_Output_Mode^=1;//① 短按S13按键，切换DAC输出控制模式。
  98   2                      break;
  99   2                      case 16://S16：定义为“加”按键。
 100   2                              if(Seg_Show_Mode==1)            //【1-DAC输出控制】界面，按下按键，DAC数字量加5。
 101   2                              {
 102   3                                      DAC_Value_Set+=5;
 103   3                                      if(DAC_Value_Set==4)DAC_Value_Set=255;
 104   3                              }
 105   2                              else if(Seg_Show_Mode==2)       //【2-校准值】界面，按下按键，温度校准值加1。
 106   2                              {
 107   3                                      Temperature_Correction_Set++;
 108   3                                      if(Temperature_Correction_Set==10)Temperature_Correction_Set=9;
 109   3                              }
 110   2                              else if(Seg_Show_Mode==0)       //【0-温度】界面且当前为【解锁】状态，按下按键，打开继电器。
 111   2                              {
 112   3                                      if(Relay_Work_Mode==1)
 113   3                                              Relay(1);
 114   3                              }
 115   2                      break;
 116   2                      case 17://S17：定义为“减”按键。
C51 COMPILER V9.54   MAIN                                                                  03/21/2025 11:38:34 PAGE 3   

 117   2                              if(Seg_Show_Mode==1)            //【1-DAC输出控制】界面，按下按键，DAC数字量减5。
 118   2                              {
 119   3                                      DAC_Value_Set-=5;
 120   3                                      if(DAC_Value_Set==251)DAC_Value_Set=0;
 121   3                              }
 122   2                              else if(Seg_Show_Mode==2)       //【2-校准值】界面，按下按键，温度校准值减1。
 123   2                              {
 124   3                                      Temperature_Correction_Set--;
 125   3                                      if(Temperature_Correction_Set==-10)Temperature_Correction_Set=-9;
 126   3                              }
 127   2                              else if(Seg_Show_Mode==0)       //【0-温度】界面且当前为【解锁】状态，按下按键，关闭继电器。
 128   2                              {
 129   3                                      if(Relay_Work_Mode==1)
 130   3                                              Relay(0);
 131   3                              }
 132   2                      break;
 133   2              }
 134   1      }
 135          /*数码管显示区域*/
 136          void Seg_Proc()
 137          {
 138   1              if(Seg_Slow)return;
 139   1              Seg_Slow=1;
 140   1              
 141   1              Temperature_Near=Temperature;
 142   1              Temperature_DS18B20=Temperature_Read();
 143   1              Temperature=(unsigned char)Temperature_DS18B20+Temperature_Correction;
 144   1              
 145   1              if(Temperature>=10 && Temperature<=40)
 146   1                      Temperature_DAC_Voltage=10*Temperature-98;
 147   1              else if(Temperature<10)
 148   1                      Temperature_DAC_Voltage=2;
 149   1              else if(Temperature>40)
 150   1                      Temperature_DAC_Voltage=5;
 151   1              
 152   1              if(DAC_Output_Mode==0)
 153   1              {
 154   2                      DA_Write(Temperature_DAC_Voltage*51);
 155   2              }
 156   1              else if(DAC_Output_Mode==1)
 157   1              {
 158   2                      DA_Write(DAC_Value);
 159   2              }
 160   1              
 161   1              switch(Seg_Show_Mode)
 162   1              {
 163   2                      case 0:
 164   2                              Seg_Buf[0]=11;//C
 165   2                              Seg_Buf[1]=Seg_Buf[2]=Seg_Buf[3]=Seg_Buf[4]=Seg_Buf[5]=10;
 166   2                              Seg_Buf[6]=(unsigned char)Temperature/10%10;
 167   2                              Seg_Buf[7]=(unsigned char)Temperature/1%10;
 168   2                      break;
 169   2                      case 1:
 170   2                              Seg_Buf[0]=12;//A
 171   2                              Seg_Buf[1]=Seg_Buf[2]=Seg_Buf[3]=Seg_Buf[4]=10;
 172   2                              if(DAC_Value_Set>=100)
 173   2                              {
 174   3                                      Seg_Buf[5]=DAC_Value_Set/100%10;
 175   3                                      Seg_Buf[6]=DAC_Value_Set/10%10;
 176   3                                      Seg_Buf[7]=DAC_Value_Set/1%10;
 177   3                              }
 178   2                              else if(DAC_Value_Set<100 && DAC_Value_Set>=10)
C51 COMPILER V9.54   MAIN                                                                  03/21/2025 11:38:34 PAGE 4   

 179   2                              {
 180   3                                      Seg_Buf[5]=10;
 181   3                                      Seg_Buf[6]=DAC_Value_Set/10%10;
 182   3                                      Seg_Buf[7]=DAC_Value_Set/1%10;
 183   3                              }
 184   2                              else if(DAC_Value_Set<10 && DAC_Value_Set>=0)
 185   2                              {
 186   3                                      Seg_Buf[5]=10;
 187   3                                      Seg_Buf[6]=10;
 188   3                                      Seg_Buf[7]=DAC_Value_Set/1%10;
 189   3                              }
 190   2                      break;
 191   2                      case 2:
 192   2                              Seg_Buf[0]=13;//P
 193   2                              Seg_Buf[1]=Seg_Buf[2]=Seg_Buf[3]=Seg_Buf[4]=Seg_Buf[5]=10;
 194   2                              if(Temperature_Correction_Set>=0)
 195   2                              {
 196   3                                      Seg_Buf[6]=10;
 197   3                                      Seg_Buf[7]=Temperature_Correction_Set%10;
 198   3                              }
 199   2                              else
 200   2                              {
 201   3                                      Seg_Buf[6]=14;
 202   3                                      Seg_Buf[7]=-Temperature_Correction_Set%10;
 203   3                              }
 204   2                      break;
 205   2              }
 206   1      }
 207          /*Led显示区域*/
 208          void Led_Proc()
 209          {
 210   1              if(Temperature_Near<Temperature)
 211   1              {
 212   2                      L2_Start_Flag=1;
 213   2                      L3_Start_Flag=0;
 214   2              }
 215   1              else
 216   1              {
 217   2                      L3_Start_Flag=1;
 218   2                      L2_Start_Flag=0;
 219   2              }
 220   1      
 221   1              if((Temperature>Temperature_Near && Temperature-Temperature_Near>=1) || (Temperature_Near>Temperature && 
             -Temperature_Near-Temperature>=1))
 222   1              {
 223   2                      L4_Start_Flag=1;
 224   2              }
 225   1              
 226   1              Led_Buf[0]=(DAC_Output_Mode==0)?1:0;
 227   1              
 228   1              Led_Buf[1]=(L2_Start_Flag==1)?1:0;
 229   1              Led_Buf[2]=(L3_Start_Flag==1)?1:0;
 230   1              Led_Buf[3]=(L4_Start_Flag==1)?L4_Flash_Flag:0;
 231   1              
 232   1              
 233   1              Led_Buf[7]=(Relay_Work_Mode==1)?1:0;
 234   1      }
 235          /*定时器0区域*/
 236          void Timer0_Init(void)          //1毫秒@12.000MHz
 237          {
 238   1              AUXR &= 0x7F;                   //定时器时钟12T模式
 239   1              TMOD &= 0xF0;                   //设置定时器模式
C51 COMPILER V9.54   MAIN                                                                  03/21/2025 11:38:34 PAGE 5   

 240   1              TL0 = 0x18;                             //设置定时初始值
 241   1              TH0 = 0xFC;                             //设置定时初始值
 242   1              TF0 = 0;                                //清除TF0标志
 243   1              TR0 = 1;                                //定时器0开始计时
 244   1              ET0 = 1;                                //使能定时器0中断
 245   1              EA=1;
 246   1      }
 247          void Timer0_Isr(void) interrupt 1
 248          {
 249   1              if(++Key_Slow==20)Key_Slow=0;
 250   1              if(++Seg_Slow==100)Seg_Slow=0;
 251   1              
 252   1              if(++Seg_Pos==8)Seg_Pos=0;
 253   1              Seg_Disp(Seg_Pos,Seg_Buf[Seg_Pos],Seg_Point[Seg_Pos]);
 254   1              Led_Disp(Seg_Pos,Led_Buf[Seg_Pos]);
 255   1              
 256   1              
 257   1              if(S13_Start_Flag==1)
 258   1              {
 259   2                      if(++S13_Time_1500ms==1500)
 260   2                      {
 261   3                              S13_Time_1500ms=0;
 262   3                              S13_Keep_Flag=1;
 263   3                      }
 264   2              }
 265   1              else
 266   1              {
 267   2                      S13_Time_1500ms=0;
 268   2                      S13_Keep_Flag=0;        
 269   2              }
 270   1      
 271   1      
 272   1      
 273   1              
 274   1              if(L2_Start_Flag==1)
 275   1              {
 276   2                      if(++L2_Time_2000ms==2000)
 277   2                      {
 278   3                              L2_Time_2000ms=0;
 279   3                              L2_Keep_Flag=1;
 280   3                              L2_Start_Flag=0;
 281   3                      }
 282   2              }
 283   1              else
 284   1              {
 285   2                      L2_Time_2000ms=0;
 286   2                      L2_Keep_Flag=0; 
 287   2              }
 288   1      
 289   1              if(L3_Start_Flag==1)
 290   1              {
 291   2                      if(++L3_Time_2000ms==2000)
 292   2                      {
 293   3                              L3_Time_2000ms=0;
 294   3                              L3_Keep_Flag=1;
 295   3                              L3_Start_Flag=0;
 296   3                      }
 297   2              }
 298   1              else
 299   1              {
 300   2                      L3_Time_2000ms=0;
 301   2                      L3_Keep_Flag=0; 
C51 COMPILER V9.54   MAIN                                                                  03/21/2025 11:38:34 PAGE 6   

 302   2              }
 303   1      
 304   1              
 305   1              if(L4_Start_Flag==1)
 306   1              {
 307   2                      if(++L4_Time_3000ms==3000)
 308   2                      {
 309   3                              L4_Time_3000ms=0;
 310   3                              L4_Keep_Flag=1;
 311   3                              L4_Start_Flag=0;
 312   3                      }
 313   2                      if(++L4_Flash_200ms==200)
 314   2                      {
 315   3                               L4_Flash_Flag^=1;
 316   3                      }
 317   2              }
 318   1              else
 319   1              {
 320   2                      L4_Time_3000ms=0;
 321   2                      L4_Keep_Flag=0; 
 322   2              }
 323   1      
 324   1      }
 325          /*初始化区域*/
 326          void Init_Proc()
 327          {
 328   1              Sys_Init();
 329   1              Beeper(0);
 330   1              Timer0_Init();
 331   1      }
 332          /*主函数区域*/
 333          void main()
 334          {
 335   1              Init_Proc();
 336   1              while(1)
 337   1              {
 338   2                      Key_Proc();
 339   2                      Seg_Proc();
 340   2                      Led_Proc();
 341   2              }
 342   1      }


MODULE INFORMATION:   STATIC OVERLAYABLE
   CODE SIZE        =   1012    ----
   CONSTANT SIZE    =   ----    ----
   XDATA SIZE       =   ----    ----
   PDATA SIZE       =   ----    ----
   DATA SIZE        =     53    ----
   IDATA SIZE       =   ----    ----
   BIT SIZE         =     11    ----
END OF MODULE INFORMATION.


C51 COMPILATION COMPLETE.  0 WARNING(S),  0 ERROR(S)
