C51 COMPILER V9.54   MAIN                                                                  04/05/2025 01:44:28 PAGE 1   


C51 COMPILER V9.54, COMPILATION OF MODULE MAIN
OBJECT MODULE PLACED IN .\Objects\main.obj
COMPILER INVOKED BY: D:\Keil_v5\C51\BIN\C51.EXE User\main.c OPTIMIZE(8,SPEED) BROWSE INCDIR(.\Driver;.\User) DEBUG OBJEC
                    -TEXTEND PRINT(.\Listings\main.lst) OBJECT(.\Objects\main.obj)

line level    source

   1          /*头文件引用区域*/
   2          #include <STC15F2K60S2.H>
   3          #include <Init.H>
   4          #include <Seg.H>
   5          #include <iic.H>
   6          #include <Led.H>
   7          #include <Uart.H>
   8          
   9          /*变量声明区域*/
  10          pdata unsigned char Seg_Buf[8]={10,10,10,10,10,10,10,10};
  11          idata unsigned char Seg_Slow,Seg_Pos;
  12          idata unsigned char Led_Buf[8]={0,0,0,0,0,0,0,0};
  13          idata unsigned char Beeper_Buf=0;
  14          idata unsigned char Relay_Buf=0;
  15          idata unsigned char Uart_Buf[10]={0};
  16          idata unsigned char Uart_Index;
  17          idata unsigned char Uart_Rx_Flag;
  18          idata unsigned char Uart_Tick;
  19          idata char Uart_Char[6];
  20          idata int chars_read;
  21          idata int result;
  22          
  23          idata unsigned char i;
  24          
  25          idata unsigned char Seg_Show_Mode=2;//【0-一位小数】【0-两位小数】【0-整数】
  26          
  27          idata float ADC_Rb2_Voltage;
  28          /*数码管控制区域*/
  29          void Seg_Proc()
  30          {
  31   1              if(Seg_Slow)return;
  32   1              Seg_Slow=1;
  33   1              
  34   1              ADC_Rb2_Voltage=AD_Read(0x03)/51.0;
  35   1              
  36   1              Seg_Buf[0]=11;
  37   1              Seg_Buf[1]=Seg_Buf[2]=Seg_Buf[3]=Seg_Buf[4]=10;
  38   1              switch(Seg_Show_Mode)
  39   1              {
  40   2                      case 0:
  41   2                              Seg_Buf[5]=10;
  42   2                              Seg_Buf[6]=(unsigned char)(ADC_Rb2_Voltage)%10+',';
  43   2                              Seg_Buf[7]=(unsigned char)(ADC_Rb2_Voltage*10)%10;
  44   2                      break;
  45   2                      case 1:
  46   2                              Seg_Buf[5]=(unsigned char)(ADC_Rb2_Voltage)%10+',';
  47   2                              Seg_Buf[6]=(unsigned char)(ADC_Rb2_Voltage*10)%10;
  48   2                              Seg_Buf[7]=(unsigned int)(ADC_Rb2_Voltage*100)%10;
  49   2                      break;
  50   2                      case 2:
  51   2                              Seg_Buf[5]=10;
  52   2                              Seg_Buf[6]=10;
  53   2                              Seg_Buf[7]=(unsigned char)(ADC_Rb2_Voltage)%10;
  54   2                      break;
C51 COMPILER V9.54   MAIN                                                                  04/05/2025 01:44:28 PAGE 2   

  55   2              }
  56   1      }
  57          /*Led控制区域*/
  58          void Led_Proc()
  59          {
  60   1              Relay_Buf=Beeper_Buf=0;
  61   1      
  62   1              Led_Buf[0]=Seg_Show_Mode==0?1:0;
  63   1              Led_Buf[1]=Seg_Show_Mode==1?1:0;
  64   1      }
  65          /*串口控制区域*/
  66          void Uart_Proc()
  67          {
  68   1              if(Uart_Index==0)return;
  69   1              if(Uart_Tick>=10)
  70   1              {
  71   2                      if((Uart_Buf[0]=='a'||Uart_Buf[0]=='A') || (Uart_Buf[1]=='a'||Uart_Buf[1]=='A') || (Uart_Buf[2]=='a'||Ua
             -rt_Buf[2]=='A') || (Uart_Buf[3]=='a'||Uart_Buf[3]=='A') || (Uart_Buf[4]=='a'||Uart_Buf[4]=='A'))
  72   2                              Seg_Show_Mode=0;
  73   2      //                      printf("0000");
  74   2                      else if((Uart_Buf[0]=='1'||Uart_Buf[0]=='#') || (Uart_Buf[1]=='1'||Uart_Buf[1]=='#') || (Uart_Buf[2]=='1
             -'||Uart_Buf[2]=='#') || (Uart_Buf[3]=='1'||Uart_Buf[3]=='#') || (Uart_Buf[4]=='1'||Uart_Buf[4]=='#'))
  75   2                              Seg_Show_Mode=1;
  76   2      //                      printf("11111");
  77   2                      else
  78   2                              Seg_Show_Mode=2;
  79   2      //                      printf("22222");
  80   2                      
  81   2                      Uart_Tick=0;
  82   2                      memset(Uart_Buf,0,Uart_Index);
  83   2                      Uart_Index=0;
  84   2              }
  85   1      }
  86          /*串口中断区域*/
  87          void Uart1_Isr(void) interrupt 4
  88          {
  89   1              if (RI)                         //检测串口1接收中断
  90   1              {
  91   2                      Uart_Rx_Flag=1;
  92   2                      Uart_Tick=0;
  93   2                      Uart_Buf[Uart_Index++]=SBUF;
  94   2                      RI = 0;                 //清除串口1接收中断请求位
  95   2                      if(Uart_Index>10)
  96   2                      {
  97   3                              Uart_Index=0;
  98   3                              memset(Uart_Buf,0,10);
  99   3                      }
 100   2              }
 101   1      }
 102          /*定时器1区域*/
 103          void Timer1_Init(void)          //1毫秒@12.000MHz
 104          {
 105   1              AUXR &= 0xBF;                   //定时器时钟12T模式
 106   1              TMOD &= 0x0F;                   //设置定时器模式
 107   1              TL1 = 0x18;                             //设置定时初始值
 108   1              TH1 = 0xFC;                             //设置定时初始值
 109   1              TF1 = 0;                                //清除TF1标志
 110   1              TR1 = 1;                                //定时器1开始计时
 111   1              ET1 = 1;                                //使能定时器1中断
 112   1              EA=1;
 113   1      }
 114          void Timer1_Isr(void) interrupt 3
C51 COMPILER V9.54   MAIN                                                                  04/05/2025 01:44:28 PAGE 3   

 115          {
 116   1              if(++Seg_Slow==100)Seg_Slow=0;
 117   1              
 118   1              if(++Seg_Pos==8)Seg_Pos=0;
 119   1              if(Seg_Buf[Seg_Pos]>20)
 120   1                      Seg_Disp(Seg_Pos,Seg_Buf[Seg_Pos]-',',1);
 121   1              else
 122   1                      Seg_Disp(Seg_Pos,Seg_Buf[Seg_Pos],0);
 123   1              Led_Disp(Seg_Pos,Led_Buf[Seg_Pos]);
 124   1              Relay(Relay_Buf);
 125   1              Beeper(Beeper_Buf);
 126   1              
 127   1              
 128   1              if(Uart_Rx_Flag==1)Uart_Tick++;
 129   1      }
 130          /*初始化区域*/
 131          void Init_Proc()
 132          {
 133   1              Sys_Init();
 134   1              Timer1_Init();
 135   1              Uart1_Init();
 136   1      }
 137          /*主函数区域*/
 138          void main()
 139          {
 140   1              Init_Proc();
 141   1              while(1)
 142   1              {
 143   2                      Seg_Proc();
 144   2                      Led_Proc();
 145   2                      Uart_Proc();
 146   2              }
 147   1      }


MODULE INFORMATION:   STATIC OVERLAYABLE
   CODE SIZE        =    739    ----
   CONSTANT SIZE    =   ----    ----
   XDATA SIZE       =   ----    ----
   PDATA SIZE       =      8    ----
   DATA SIZE        =   ----    ----
   IDATA SIZE       =     41    ----
   BIT SIZE         =   ----    ----
END OF MODULE INFORMATION.


C51 COMPILATION COMPLETE.  0 WARNING(S),  0 ERROR(S)
