BL51 BANKED LINKER/LOCATER V6.22                                                        04/05/2025  01:44:29  PAGE 1


BL51 BANKED LINKER/LOCATER V6.22, INVOKED BY:
D:\KEIL_V5\C51\BIN\BL51.EXE .\Objects\STARTUP.obj, .\Objects\main.obj, .\Objects\iic.obj, .\Objects\Init.obj, .\Objects\
>> Seg.obj, .\Objects\Uart.obj, .\Objects\Led.obj TO .\Objects\No1_1S PRINT (.\Listings\No1_1S.m51) RAMSIZE (256)


MEMORY MODEL: SMALL WITH FLOATING POINT ARITHMETIC


INPUT MODULES INCLUDED:
  .\Objects\STARTUP.obj (?C_STARTUP)
  .\Objects\main.obj (MAIN)
  .\Objects\iic.obj (IIC)
  .\Objects\Init.obj (INIT)
  .\Objects\Seg.obj (SEG)
  .\Objects\Uart.obj (UART)
  .\Objects\Led.obj (LED)
  D:\KEIL_V5\C51\LIB\C51FPS.LIB (?C?FPMUL)
  D:\KEIL_V5\C51\LIB\C51FPS.LIB (?C?FPDIV)
  D:\KEIL_V5\C51\LIB\C51FPS.LIB (?C?FCAST)
  D:\KEIL_V5\C51\LIB\C51FPS.LIB (?C?CASTF)
  D:\KEIL_V5\C51\LIB\C51FPS.LIB (?C?FPGETOPN)
  D:\KEIL_V5\C51\LIB\C51S.LIB (?C_INIT)
  D:\KEIL_V5\C51\LIB\C51S.LIB (?C?UIDIV)
  D:\KEIL_V5\C51\LIB\C51S.LIB (?C?LNEG)
  D:\KEIL_V5\C51\LIB\C51S.LIB (?C?LLDIDATA)
  D:\KEIL_V5\C51\LIB\C51S.LIB (?C?LLDIDATA0)
  D:\KEIL_V5\C51\LIB\C51S.LIB (?C?LSTIDATA)
  D:\KEIL_V5\C51\LIB\C51S.LIB (?C?MEMSET)


LINK MAP OF MODULE:  .\Objects\No1_1S (?C_STARTUP)


            TYPE    BASE      LENGTH    RELOCATION   SEGMENT NAME
            -----------------------------------------------------

            * * * * * * *   D A T A   M E M O R Y   * * * * * * *
            REG     0000H     0008H     ABSOLUTE     "REG BANK 0"
            DATA    0008H     0006H     UNIT         ?DT?LED
                    000EH     0012H                  *** GAP ***
            BIT     0020H.0   0000H.1   UNIT         _BIT_GROUP_
                    0020H.1   0000H.7                *** GAP ***
            IDATA   0021H     0029H     UNIT         ?ID?MAIN
            IDATA   004AH     0001H     UNIT         ?STACK

            * * * * * * *  X D A T A   M E M O R Y  * * * * * * *
            XDATA   0000H     0008H     INPAGE       ?PD?MAIN

            * * * * * * *   C O D E   M E M O R Y   * * * * * * *
            CODE    0000H     0003H     ABSOLUTE     
            CODE    0003H     0018H     UNIT         ?PR?_I2CSENDACK?IIC
            CODE    001BH     0003H     ABSOLUTE     
                    001EH     0005H                  *** GAP ***
            CODE    0023H     0003H     ABSOLUTE     
            CODE    0026H     0319H     UNIT         ?C?LIB_CODE
            CODE    033FH     00DAH     UNIT         ?PR?SEG_PROC?MAIN
            CODE    0419H     00AFH     UNIT         ?PR?UART_PROC?MAIN
            CODE    04C8H     00A2H     UNIT         ?PR?TIMER1_ISR?MAIN
BL51 BANKED LINKER/LOCATER V6.22                                                      04/05/2025  01:44:29  PAGE 2


            CODE    056AH     008CH     UNIT         ?C_C51STARTUP
            CODE    05F6H     0067H     UNIT         ?PR?UART1_ISR?MAIN
            CODE    065DH     0047H     UNIT         ?PR?_SEG_DISP?SEG
            CODE    06A4H     003CH     UNIT         ?C_INITSEG
            CODE    06E0H     003BH     UNIT         ?PR?_LED_DISP?LED
            CODE    071BH     002CH     UNIT         ?PR?_I2CSENDBYTE?IIC
            CODE    0747H     0025H     UNIT         ?PR?LED_PROC?MAIN
            CODE    076CH     0025H     UNIT         ?PR?_AD_READ?IIC
            CODE    0791H     0023H     UNIT         ?PR?BEEPER?LED
            CODE    07B4H     0023H     UNIT         ?PR?RELAY?LED
            CODE    07D7H     001DH     UNIT         ?PR?I2CRECEIVEBYTE?IIC
            CODE    07F4H     001DH     UNIT         ?PR?I2CWAITACK?IIC
            CODE    0811H     001DH     UNIT         ?PR?SYS_INIT?INIT
            CODE    082EH     001AH     UNIT         ?PR?_I2C_DELAY?IIC
            CODE    0848H     0017H     UNIT         ?PR?UART1_INIT?UART
            CODE    085FH     0015H     UNIT         ?PR?TIMER1_INIT?MAIN
            CODE    0874H     0015H     UNIT         ?PR?_DA_WRIET?IIC
            CODE    0889H     000FH     UNIT         ?PR?I2CSTART?IIC
            CODE    0898H     000EH     UNIT         ?PR?MAIN?MAIN
            CODE    08A6H     000CH     UNIT         ?PR?I2CSTOP?IIC
            CODE    08B2H     000CH     UNIT         ?CO?SEG
            CODE    08BEH     0009H     UNIT         ?PR?INIT_PROC?MAIN
            CODE    08C7H     0008H     UNIT         ?PR?_PUTCHAR?UART



OVERLAY MAP OF MODULE:   .\Objects\No1_1S (?C_STARTUP)


SEGMENT                           BIT_GROUP 
  +--> CALLED SEGMENT          START    LENGTH
----------------------------------------------
?C_C51STARTUP                  -----    -----
  +--> ?PR?MAIN?MAIN
  +--> ?C_INITSEG

?PR?MAIN?MAIN                  -----    -----
  +--> ?PR?INIT_PROC?MAIN
  +--> ?PR?SEG_PROC?MAIN
  +--> ?PR?LED_PROC?MAIN
  +--> ?PR?UART_PROC?MAIN

?PR?INIT_PROC?MAIN             -----    -----
  +--> ?PR?SYS_INIT?INIT
  +--> ?PR?TIMER1_INIT?MAIN
  +--> ?PR?UART1_INIT?UART

?PR?SEG_PROC?MAIN              -----    -----
  +--> ?PR?_AD_READ?IIC

?PR?_AD_READ?IIC               -----    -----
  +--> ?PR?I2CSTART?IIC
  +--> ?PR?I2CWAITACK?IIC
  +--> ?PR?_I2CSENDBYTE?IIC
  +--> ?PR?I2CRECEIVEBYTE?IIC
  +--> ?PR?_I2CSENDACK?IIC
  +--> ?PR?I2CSTOP?IIC
BL51 BANKED LINKER/LOCATER V6.22                                                      04/05/2025  01:44:29  PAGE 3



?PR?I2CSTART?IIC               -----    -----
  +--> ?PR?_I2C_DELAY?IIC

?PR?I2CWAITACK?IIC             -----    -----
  +--> ?PR?_I2CSENDBYTE?IIC
  +--> ?PR?_I2C_DELAY?IIC

?PR?_I2CSENDBYTE?IIC           -----    -----
  +--> ?PR?_I2C_DELAY?IIC

?PR?I2CRECEIVEBYTE?IIC         -----    -----
  +--> ?PR?_I2C_DELAY?IIC

?PR?_I2CSENDACK?IIC            -----    -----
  +--> ?PR?_I2C_DELAY?IIC

?PR?I2CSTOP?IIC                -----    -----
  +--> ?PR?_I2C_DELAY?IIC

*** NEW ROOT ***************************************************

?PR?TIMER1_ISR?MAIN            -----    -----
  +--> ?PR?_SEG_DISP?SEG
  +--> ?PR?_LED_DISP?LED
  +--> ?PR?RELAY?LED
  +--> ?PR?BEEPER?LED

?PR?_SEG_DISP?SEG              -----    -----
  +--> ?CO?SEG

?PR?RELAY?LED                  0020H.0  0000H.1

?PR?BEEPER?LED                 0020H.0  0000H.1



SYMBOL TABLE OF MODULE:  .\Objects\No1_1S (?C_STARTUP)

  VALUE           TYPE          NAME
  ----------------------------------

  -------         MODULE        ?C_STARTUP
  C:056AH         SEGMENT       ?C_C51STARTUP
  I:004AH         SEGMENT       ?STACK
  C:0000H         PUBLIC        ?C_STARTUP
  D:00E0H         SYMBOL        ACC
  D:00F0H         SYMBOL        B
  D:0083H         SYMBOL        DPH
  D:0082H         SYMBOL        DPL
  N:0000H         SYMBOL        IBPSTACK
  N:0100H         SYMBOL        IBPSTACKTOP
  N:0080H         SYMBOL        IDATALEN
  C:056DH         SYMBOL        IDATALOOP
  N:0000H         SYMBOL        PBPSTACK
  N:0100H         SYMBOL        PBPSTACKTOP
  N:0000H         SYMBOL        PDATALEN
BL51 BANKED LINKER/LOCATER V6.22                                                      04/05/2025  01:44:29  PAGE 4


  N:0000H         SYMBOL        PDATASTART
  N:0000H         SYMBOL        PPAGE
  N:0000H         SYMBOL        PPAGEENABLE
  D:00A0H         SYMBOL        PPAGE_SFR
  D:0081H         SYMBOL        SP
  C:056AH         SYMBOL        STARTUP1
  N:0000H         SYMBOL        XBPSTACK
  N:0000H         SYMBOL        XBPSTACKTOP
  N:0000H         SYMBOL        XDATALEN
  N:0000H         SYMBOL        XDATASTART
  C:0000H         LINE#         126
  C:056AH         LINE#         133
  C:056CH         LINE#         134
  C:056DH         LINE#         135
  C:056EH         LINE#         136
  C:0570H         LINE#         185
  C:0573H         LINE#         196
  -------         ENDMOD        ?C_STARTUP

  -------         MODULE        MAIN
  C:0000H         SYMBOL        _ICE_DUMMY_
  I:0021H         PUBLIC        Uart_Char
  I:0027H         PUBLIC        Relay_Buf
  D:0080H         PUBLIC        P0
  D:0090H         PUBLIC        P1
  D:00A0H         PUBLIC        P2
  D:00B0H         PUBLIC        P3
  D:00C0H         PUBLIC        P4
  D:00C8H         PUBLIC        P5
  D:00E8H         PUBLIC        P6
  B:00A8H.7       PUBLIC        EA
  D:00F8H         PUBLIC        P7
  I:0028H         PUBLIC        Seg_Show_Mode
  I:0029H         PUBLIC        Uart_Tick
  C:08BEH         PUBLIC        Init_Proc
  C:0747H         PUBLIC        Led_Proc
  D:00A8H         PUBLIC        IE
  I:002AH         PUBLIC        chars_read
  C:0419H         PUBLIC        Uart_Proc
  I:002CH         PUBLIC        Led_Buf
  C:033FH         PUBLIC        Seg_Proc
  D:00B8H         PUBLIC        IP
  B:0098H.0       PUBLIC        RI
  I:0034H         PUBLIC        Uart_Buf
  X:0000H         PUBLIC        Seg_Buf
  I:003EH         PUBLIC        result
  D:00D8H         PUBLIC        CCON
  I:0040H         PUBLIC        Uart_Rx_Flag
  C:0898H         PUBLIC        main
  I:0041H         PUBLIC        Seg_Slow
  C:085FH         PUBLIC        Timer1_Init
  D:0099H         PUBLIC        SBUF
  I:0042H         PUBLIC        Seg_Pos
  D:0098H         PUBLIC        SCON
  D:0089H         PUBLIC        TMOD
  D:0088H         PUBLIC        TCON
  D:008EH         PUBLIC        AUXR
BL51 BANKED LINKER/LOCATER V6.22                                                      04/05/2025  01:44:29  PAGE 5


  C:04C8H         PUBLIC        Timer1_Isr
  I:0043H         PUBLIC        ADC_Rb2_Voltage
  B:00A8H.3       PUBLIC        ET1
  B:0088H.7       PUBLIC        TF1
  D:008DH         PUBLIC        TH1
  D:008BH         PUBLIC        TL1
  I:0047H         PUBLIC        Beeper_Buf
  B:0088H.6       PUBLIC        TR1
  C:05F6H         PUBLIC        Uart1_Isr
  I:0048H         PUBLIC        i
  I:0049H         PUBLIC        Uart_Index
  D:00D0H         PUBLIC        PSW
  -------         PROC          SEG_PROC
  C:033FH         LINE#         29
  C:033FH         LINE#         30
  C:033FH         LINE#         31
  C:0347H         LINE#         32
  C:034BH         LINE#         34
  C:0365H         LINE#         36
  C:036AH         LINE#         37
  C:0374H         LINE#         38
  C:0387H         LINE#         39
  C:0387H         LINE#         40
  C:0387H         LINE#         41
  C:038CH         LINE#         42
  C:03A0H         LINE#         43
  C:03AFH         LINE#         44
  C:03B1H         LINE#         45
  C:03B1H         LINE#         46
  C:03C5H         LINE#         47
  C:03E1H         LINE#         48
  C:03FEH         LINE#         49
  C:03FFH         LINE#         50
  C:03FFH         LINE#         51
  C:0404H         LINE#         52
  C:0406H         LINE#         53
  C:0418H         LINE#         54
  C:0418H         LINE#         55
  C:0418H         LINE#         56
  -------         ENDPROC       SEG_PROC
  -------         PROC          LED_PROC
  C:0747H         LINE#         58
  C:0747H         LINE#         59
  C:0747H         LINE#         60
  C:074EH         LINE#         62
  C:075DH         LINE#         63
  C:076BH         LINE#         64
  -------         ENDPROC       LED_PROC
  -------         PROC          UART_PROC
  C:0419H         LINE#         66
  C:0419H         LINE#         67
  C:0419H         LINE#         68
  C:0422H         LINE#         69
  C:042DH         LINE#         70
  C:042DH         LINE#         71
  C:0469H         LINE#         72
  C:046FH         LINE#         74
BL51 BANKED LINKER/LOCATER V6.22                                                      04/05/2025  01:44:29  PAGE 6


  C:04ABH         LINE#         75
  C:04B1H         LINE#         78
  C:04B5H         LINE#         81
  C:04B9H         LINE#         82
  C:04C3H         LINE#         83
  C:04C7H         LINE#         84
  C:04C7H         LINE#         85
  -------         ENDPROC       UART_PROC
  -------         PROC          UART1_ISR
  C:05F6H         LINE#         87
  C:0613H         LINE#         89
  C:0616H         LINE#         90
  C:0616H         LINE#         91
  C:061AH         LINE#         92
  C:061EH         LINE#         93
  C:0627H         LINE#         94
  C:0629H         LINE#         95
  C:0631H         LINE#         96
  C:0631H         LINE#         97
  C:0633H         LINE#         98
  C:0642H         LINE#         99
  C:0642H         LINE#         100
  C:0642H         LINE#         101
  -------         ENDPROC       UART1_ISR
  -------         PROC          TIMER1_INIT
  C:085FH         LINE#         103
  C:085FH         LINE#         104
  C:085FH         LINE#         105
  C:0862H         LINE#         106
  C:0865H         LINE#         107
  C:0868H         LINE#         108
  C:086BH         LINE#         109
  C:086DH         LINE#         110
  C:086FH         LINE#         111
  C:0871H         LINE#         112
  C:0873H         LINE#         113
  -------         ENDPROC       TIMER1_INIT
  -------         PROC          TIMER1_ISR
  C:04C8H         LINE#         114
  C:04E5H         LINE#         116
  C:04EEH         LINE#         118
  C:04F7H         LINE#         119
  C:0505H         LINE#         120
  C:0513H         LINE#         122
  C:0524H         LINE#         123
  C:0532H         LINE#         124
  C:053CH         LINE#         125
  C:0546H         LINE#         128
  C:054FH         LINE#         129
  -------         ENDPROC       TIMER1_ISR
  -------         PROC          INIT_PROC
  C:08BEH         LINE#         131
  C:08BEH         LINE#         132
  C:08BEH         LINE#         133
  C:08C1H         LINE#         134
  C:08C4H         LINE#         135
  -------         ENDPROC       INIT_PROC
BL51 BANKED LINKER/LOCATER V6.22                                                      04/05/2025  01:44:29  PAGE 7


  -------         PROC          MAIN
  C:0898H         LINE#         138
  C:0898H         LINE#         139
  C:0898H         LINE#         140
  C:089BH         LINE#         141
  C:089BH         LINE#         142
  C:089BH         LINE#         143
  C:089EH         LINE#         144
  C:08A1H         LINE#         145
  C:08A4H         LINE#         146
  -------         ENDPROC       MAIN
  -------         ENDMOD        MAIN

  -------         MODULE        IIC
  C:0000H         SYMBOL        _ICE_DUMMY_
  D:0080H         PUBLIC        P0
  D:0090H         PUBLIC        P1
  D:00A0H         PUBLIC        P2
  D:00B0H         PUBLIC        P3
  D:00C0H         PUBLIC        P4
  D:00C8H         PUBLIC        P5
  D:00E8H         PUBLIC        P6
  D:00F8H         PUBLIC        P7
  D:00A8H         PUBLIC        IE
  C:0832H         SYMBOL        _I2C_Delay
  D:00B8H         PUBLIC        IP
  C:07D7H         PUBLIC        I2CReceiveByte
  D:00D8H         PUBLIC        CCON
  D:0098H         PUBLIC        SCON
  D:0088H         PUBLIC        TCON
  B:00A0H.1       PUBLIC        sda
  B:00A0H.0       PUBLIC        scl
  C:0889H         PUBLIC        I2CStart
  C:0003H         PUBLIC        _I2CSendAck
  C:071BH         PUBLIC        _I2CSendByte
  C:076CH         PUBLIC        _AD_Read
  C:07FFH         PUBLIC        I2CWaitAck
  C:08A6H         PUBLIC        I2CStop
  C:0874H         PUBLIC        _DA_Wriet
  D:00D0H         PUBLIC        PSW
  C:082EH         SYMBOL        L?0024
  -------         PROC          L?0023
  -------         ENDPROC       L?0023
  C:082EH         SYMBOL        L?0024
  -------         PROC          _I2C_DELAY
  D:0007H         SYMBOL        n
  C:0832H         LINE#         11
  C:0832H         LINE#         12
  C:0832H         LINE#         14
  C:0832H         LINE#         15
  C:0837H         LINE#         16
  C:083CH         LINE#         17
  C:0841H         LINE#         18
  C:0841H         LINE#         19
  C:0847H         LINE#         20
  -------         ENDPROC       _I2C_DELAY
  -------         PROC          I2CSTART
BL51 BANKED LINKER/LOCATER V6.22                                                      04/05/2025  01:44:29  PAGE 8


  C:0889H         LINE#         23
  C:0889H         LINE#         24
  C:0889H         LINE#         25
  C:088BH         LINE#         26
  C:088BH         LINE#         27
  C:088EH         LINE#         28
  C:0890H         LINE#         29
  C:0895H         LINE#         30
  C:0897H         LINE#         31
  -------         ENDPROC       I2CSTART
  -------         PROC          I2CSTOP
  C:08A6H         LINE#         34
  C:08A6H         LINE#         35
  C:08A6H         LINE#         36
  C:08A8H         LINE#         37
  C:08A8H         LINE#         38
  C:08ABH         LINE#         39
  C:08ADH         LINE#         40
  -------         ENDPROC       I2CSTOP
  -------         PROC          _I2CSENDBYTE
  D:0005H         SYMBOL        byt
  -------         DO            
  D:0004H         SYMBOL        i
  -------         ENDDO         
  C:071BH         LINE#         44
  C:071DH         LINE#         45
  C:071DH         LINE#         48
  C:071FH         LINE#         49
  C:0721H         LINE#         50
  C:0726H         LINE#         51
  C:072AH         LINE#         52
  C:072CH         LINE#         53
  C:072EH         LINE#         54
  C:072EH         LINE#         55
  C:0730H         LINE#         56
  C:0730H         LINE#         57
  C:0735H         LINE#         58
  C:0737H         LINE#         59
  C:073BH         LINE#         60
  C:0740H         LINE#         61
  C:0744H         LINE#         63
  C:0746H         LINE#         64
  -------         ENDPROC       _I2CSENDBYTE
  -------         PROC          I2CRECEIVEBYTE
  -------         DO            
  D:0005H         SYMBOL        da
  D:0004H         SYMBOL        i
  -------         ENDDO         
  C:07D7H         LINE#         67
  C:07D7H         LINE#         68
  C:07D7H         LINE#         71
  C:07D9H         LINE#         72
  C:07D9H         LINE#         73
  C:07DCH         LINE#         74
  C:07E0H         LINE#         75
  C:07E3H         LINE#         76
  C:07E6H         LINE#         77
BL51 BANKED LINKER/LOCATER V6.22                                                      04/05/2025  01:44:29  PAGE 9


  C:07E8H         LINE#         78
  C:07EDH         LINE#         79
  C:07F1H         LINE#         80
  C:07F3H         LINE#         81
  -------         ENDPROC       I2CRECEIVEBYTE
  -------         PROC          L?0022
  -------         ENDPROC       L?0022
  -------         PROC          I2CWAITACK
  -------         DO            
  D:0005H         SYMBOL        ackbit
  -------         ENDDO         
  C:07FFH         LINE#         84
  C:07FFH         LINE#         85
  C:07FFH         LINE#         88
  C:07FFH         LINE#         89
  C:0802H         LINE#         90
  C:0807H         LINE#         91
  C:0809H         LINE#         92
  C:080EH         LINE#         94
  C:0810H         LINE#         95
  -------         ENDPROC       I2CWAITACK
  -------         PROC          _I2CSENDACK
  D:0007H         SYMBOL        ackbit
  C:0003H         LINE#         98
  C:0003H         LINE#         99
  C:0003H         LINE#         100
  C:0005H         LINE#         101
  C:000AH         LINE#         102
  C:000FH         LINE#         103
  C:000FH         LINE#         104
  C:0012H         LINE#         105
  C:0014H         LINE#         106
  C:0016H         LINE#         107
  -------         ENDPROC       _I2CSENDACK
  -------         PROC          _AD_READ
  D:0003H         SYMBOL        addr
  -------         DO            
  D:0005H         SYMBOL        temp
  -------         ENDDO         
  C:076CH         LINE#         110
  C:076EH         LINE#         111
  C:076EH         LINE#         113
  C:0771H         LINE#         114
  C:0773H         LINE#         115
  C:0773H         LINE#         116
  C:0773H         LINE#         117
  C:0776H         LINE#         119
  C:0779H         LINE#         120
  C:077EH         LINE#         121
  C:0781H         LINE#         122
  C:0786H         LINE#         123
  C:078BH         LINE#         125
  C:078EH         LINE#         126
  C:0790H         LINE#         127
  -------         ENDPROC       _AD_READ
  -------         PROC          _DA_WRIET
  D:0003H         SYMBOL        dat
BL51 BANKED LINKER/LOCATER V6.22                                                      04/05/2025  01:44:29  PAGE 10


  C:0874H         LINE#         129
  C:0876H         LINE#         130
  C:0876H         LINE#         131
  C:0879H         LINE#         132
  C:087EH         LINE#         133
  C:0881H         LINE#         134
  C:0883H         LINE#         135
  C:0883H         LINE#         136
  C:0883H         LINE#         137
  C:0886H         LINE#         138
  -------         ENDPROC       _DA_WRIET
  -------         ENDMOD        IIC

  -------         MODULE        INIT
  C:0000H         SYMBOL        _ICE_DUMMY_
  D:0080H         PUBLIC        P0
  D:0090H         PUBLIC        P1
  D:00A0H         PUBLIC        P2
  D:00B0H         PUBLIC        P3
  D:00C0H         PUBLIC        P4
  D:00C8H         PUBLIC        P5
  D:00E8H         PUBLIC        P6
  D:00F8H         PUBLIC        P7
  D:00A8H         PUBLIC        IE
  D:00B8H         PUBLIC        IP
  D:00D8H         PUBLIC        CCON
  D:0098H         PUBLIC        SCON
  D:0088H         PUBLIC        TCON
  C:0811H         PUBLIC        Sys_Init
  D:00D0H         PUBLIC        PSW
  -------         PROC          SYS_INIT
  C:0811H         LINE#         2
  C:0811H         LINE#         3
  C:0811H         LINE#         4
  C:0814H         LINE#         5
  C:081CH         LINE#         6
  C:081FH         LINE#         8
  C:0822H         LINE#         9
  C:082AH         LINE#         10
  C:082DH         LINE#         11
  -------         ENDPROC       SYS_INIT
  -------         ENDMOD        INIT

  -------         MODULE        SEG
  C:0000H         SYMBOL        _ICE_DUMMY_
  D:0080H         PUBLIC        P0
  D:0090H         PUBLIC        P1
  D:00A0H         PUBLIC        P2
  D:00B0H         PUBLIC        P3
  D:00C0H         PUBLIC        P4
  D:00C8H         PUBLIC        P5
  D:00E8H         PUBLIC        P6
  D:00F8H         PUBLIC        P7
  C:08B2H         PUBLIC        Seg_Dula
  D:00A8H         PUBLIC        IE
  C:065DH         PUBLIC        _Seg_Disp
  D:00B8H         PUBLIC        IP
BL51 BANKED LINKER/LOCATER V6.22                                                      04/05/2025  01:44:29  PAGE 11


  D:00D8H         PUBLIC        CCON
  D:0098H         PUBLIC        SCON
  D:0088H         PUBLIC        TCON
  D:00D0H         PUBLIC        PSW
  -------         PROC          _SEG_DISP
  D:0007H         SYMBOL        wela
  D:0004H         SYMBOL        dula
  D:0002H         SYMBOL        point
  C:065DH         LINE#         4
  C:065DH         LINE#         5
  C:065DH         LINE#         6
  C:0660H         LINE#         7
  C:0668H         LINE#         8
  C:066BH         LINE#         10
  C:0678H         LINE#         11
  C:0680H         LINE#         12
  C:0683H         LINE#         14
  C:0691H         LINE#         15
  C:0698H         LINE#         16
  C:06A0H         LINE#         17
  C:06A3H         LINE#         18
  -------         ENDPROC       _SEG_DISP
  -------         ENDMOD        SEG

  -------         MODULE        UART
  C:0000H         SYMBOL        _ICE_DUMMY_
  D:0080H         PUBLIC        P0
  D:0090H         PUBLIC        P1
  D:00A0H         PUBLIC        P2
  D:00B0H         PUBLIC        P3
  D:00C0H         PUBLIC        P4
  D:00C8H         PUBLIC        P5
  D:00E8H         PUBLIC        P6
  B:00A8H.7       PUBLIC        EA
  D:00F8H         PUBLIC        P7
  D:00A8H         PUBLIC        IE
  B:00A8H.4       PUBLIC        ES
  D:00B8H         PUBLIC        IP
  B:0098H.1       PUBLIC        TI
  D:00D8H         PUBLIC        CCON
  D:0099H         PUBLIC        SBUF
  D:0098H         PUBLIC        SCON
  D:0088H         PUBLIC        TCON
  D:008EH         PUBLIC        AUXR
  C:0848H         PUBLIC        Uart1_Init
  D:00D6H         PUBLIC        T2H
  D:00D7H         PUBLIC        T2L
  D:00D0H         PUBLIC        PSW
  C:08C7H         PUBLIC        _putchar
  -------         PROC          UART1_INIT
  C:0848H         LINE#         2
  C:0848H         LINE#         3
  C:0848H         LINE#         4
  C:084BH         LINE#         5
  C:084EH         LINE#         6
  C:0851H         LINE#         7
  C:0854H         LINE#         8
BL51 BANKED LINKER/LOCATER V6.22                                                      04/05/2025  01:44:29  PAGE 12


  C:0857H         LINE#         9
  C:085AH         LINE#         10
  C:085CH         LINE#         11
  C:085EH         LINE#         12
  -------         ENDPROC       UART1_INIT
  -------         PROC          _PUTCHAR
  D:0007H         SYMBOL        ch
  C:08C7H         LINE#         13
  C:08C7H         LINE#         14
  C:08C7H         LINE#         15
  C:08C9H         LINE#         16
  C:08CCH         LINE#         17
  C:08CEH         LINE#         18
  C:08CEH         LINE#         19
  -------         ENDPROC       _PUTCHAR
  -------         ENDMOD        UART

  -------         MODULE        LED
  C:0000H         SYMBOL        _ICE_DUMMY_
  C:07B4H         PUBLIC        Relay
  D:0080H         PUBLIC        P0
  D:0090H         PUBLIC        P1
  D:00A0H         PUBLIC        P2
  D:00B0H         PUBLIC        P3
  D:00C0H         PUBLIC        P4
  D:00C8H         PUBLIC        P5
  D:00E8H         PUBLIC        P6
  D:00F8H         PUBLIC        P7
  C:06E0H         PUBLIC        _Led_Disp
  D:00A8H         PUBLIC        IE
  D:00B8H         PUBLIC        IP
  D:00D8H         PUBLIC        CCON
  D:0098H         PUBLIC        SCON
  D:0088H         PUBLIC        TCON
  C:0791H         PUBLIC        Beeper
  D:00D0H         PUBLIC        PSW
  -------         PROC          _LED_DISP
  D:0007H         SYMBOL        addr
  D:0004H         SYMBOL        enable
  -------         DO            
  D:0008H         SYMBOL        temp
  D:0009H         SYMBOL        temp_old
  -------         ENDDO         
  C:06E0H         LINE#         2
  C:06E0H         LINE#         3
  C:06E0H         LINE#         7
  C:06E4H         LINE#         8
  C:06F3H         LINE#         10
  C:0701H         LINE#         12
  C:0707H         LINE#         13
  C:0707H         LINE#         14
  C:070CH         LINE#         15
  C:0714H         LINE#         16
  C:0717H         LINE#         17
  C:071AH         LINE#         18
  C:071AH         LINE#         19
  -------         ENDPROC       _LED_DISP
BL51 BANKED LINKER/LOCATER V6.22                                                      04/05/2025  01:44:29  PAGE 13


  -------         PROC          BEEPER
  B:0020H.0       SYMBOL        enable
  -------         DO            
  D:000AH         SYMBOL        temp
  D:000BH         SYMBOL        temp_old
  -------         ENDDO         
  C:0791H         LINE#         22
  C:0791H         LINE#         23
  C:0791H         LINE#         27
  C:0794H         LINE#         28
  C:0799H         LINE#         30
  C:079CH         LINE#         32
  C:07A2H         LINE#         33
  C:07A2H         LINE#         34
  C:07A5H         LINE#         35
  C:07ADH         LINE#         36
  C:07B0H         LINE#         37
  C:07B3H         LINE#         38
  C:07B3H         LINE#         39
  -------         ENDPROC       BEEPER
  -------         PROC          RELAY
  B:0020H.0       SYMBOL        enable
  -------         DO            
  D:000CH         SYMBOL        temp
  D:000DH         SYMBOL        temp_old
  -------         ENDDO         
  C:07B4H         LINE#         42
  C:07B4H         LINE#         43
  C:07B4H         LINE#         47
  C:07B7H         LINE#         48
  C:07BCH         LINE#         50
  C:07BFH         LINE#         52
  C:07C5H         LINE#         53
  C:07C5H         LINE#         54
  C:07C8H         LINE#         55
  C:07D0H         LINE#         56
  C:07D3H         LINE#         57
  C:07D6H         LINE#         58
  C:07D6H         LINE#         59
  -------         ENDPROC       RELAY
  -------         ENDMOD        LED

  -------         MODULE        ?C?FPMUL
  C:0026H         PUBLIC        ?C?FPMUL
  -------         ENDMOD        ?C?FPMUL

  -------         MODULE        ?C?FPDIV
  C:012FH         PUBLIC        ?C?FPDIV
  -------         ENDMOD        ?C?FPDIV

  -------         MODULE        ?C?FCAST
  C:01D6H         PUBLIC        ?C?FCASTC
  C:01D1H         PUBLIC        ?C?FCASTI
  C:01CCH         PUBLIC        ?C?FCASTL
  -------         ENDMOD        ?C?FCAST

  -------         MODULE        ?C?CASTF
BL51 BANKED LINKER/LOCATER V6.22                                                      04/05/2025  01:44:29  PAGE 14


  C:020AH         PUBLIC        ?C?CASTF
  -------         ENDMOD        ?C?CASTF

  -------         MODULE        ?C?UIDIV
  C:028BH         PUBLIC        ?C?UIDIV
  -------         ENDMOD        ?C?UIDIV

  -------         MODULE        ?C?LNEG
  C:02E0H         PUBLIC        ?C?LNEG
  -------         ENDMOD        ?C?LNEG

  -------         MODULE        ?C?LLDIDATA
  C:02EEH         PUBLIC        ?C?LLDIDATA
  -------         ENDMOD        ?C?LLDIDATA

  -------         MODULE        ?C?LLDIDATA0
  C:02FAH         PUBLIC        ?C?LLDIDATA0
  -------         ENDMOD        ?C?LLDIDATA0

  -------         MODULE        ?C?LSTIDATA
  C:0307H         PUBLIC        ?C?LSTIDATA
  -------         ENDMOD        ?C?LSTIDATA

  -------         MODULE        ?C?MEMSET
  C:0313H         PUBLIC        ?C?MEMSET
  -------         ENDMOD        ?C?MEMSET

*** WARNING L16: UNCALLED SEGMENT, IGNORED FOR OVERLAY PROCESS
    SEGMENT: ?PR?_DA_WRIET?IIC

*** WARNING L16: UNCALLED SEGMENT, IGNORED FOR OVERLAY PROCESS
    SEGMENT: ?PR?_PUTCHAR?UART

Program Size: data=56.1 xdata=8 code=2250
LINK/LOCATE RUN COMPLETE.  2 WARNING(S),  0 ERROR(S)
