C51 COMPILER V9.54   MAIN                                                                  04/05/2025 05:01:22 PAGE 1   


C51 COMPILER V9.54, COMPILATION OF MODULE MAIN
OBJECT MODULE PLACED IN .\Objects\main.obj
COMPILER INVOKED BY: D:\Keil_v5\C51\BIN\C51.EXE User\main.c OPTIMIZE(8,SPEED) BROWSE INCDIR(.\Driver;.\User) DEBUG OBJEC
                    -TEXTEND PRINT(.\Listings\main.lst) OBJECT(.\Objects\main.obj)

line level    source

   1          /*头文件引用区域*/
   2          #include <STC15F2K60S2.H>
   3          #include <Init.H>
   4          #include <Seg.H>
   5          #include <Key.H>
   6          #include <Led.H>
   7          /*变量声明区域*/
   8          idata unsigned char Key_Slow,Key_Val,Key_Old,Key_Down,Key_Up;
   9          idata unsigned char Seg_Slow,Seg_Pos,Seg_Buf[8]={10,10,10,10,10,10,10,10};
  10          idata unsigned char Led_Buf[8]={0,0,0,0,0,0,0,0};
  11          idata unsigned char i;
  12          
  13          idata unsigned char Count_Num=0;
  14          idata bit Work_Mode=1;//【0-锁定】【1-解锁】
  15          
  16          idata unsigned int Time_2s;
  17          /*按键控制区域*/
  18          void Key_Proc()
  19          {
  20   1              if(Key_Slow)return;
  21   1              Key_Slow=1;
  22   1              
  23   1              Key_Val=Key_Read();
  24   1              Key_Down=Key_Val&(Key_Old^Key_Val);
  25   1              Key_Up=~Key_Val&(Key_Old^Key_Val);
  26   1              Key_Old=Key_Val;
  27   1              
  28   1              if(Work_Mode==1)
  29   1              {
  30   2                      if(Key_Down==4)
  31   2                      {
  32   3                              if(++Count_Num==101)Count_Num=100;
  33   3                      }
  34   2                      else if(Key_Down==5)
  35   2                      {
  36   3                              if(--Count_Num==255)Count_Num=0;
  37   3                      }
  38   2                      else if(Key_Down==6)
  39   2                      {
  40   3                              Count_Num=0;
  41   3                              Led_Buf[0]=1;
  42   3                      }
  43   2              }
  44   1              if(Key_Down==7)
  45   1              {
  46   2                      Work_Mode^=1;
  47   2              }
  48   1      }
  49          /*数码管控制区域*/
  50          void Seg_Proc()
  51          {
  52   1              if(Seg_Slow)return;
  53   1              Seg_Slow=1;
  54   1              
C51 COMPILER V9.54   MAIN                                                                  04/05/2025 05:01:22 PAGE 2   

  55   1              Seg_Buf[5]=Count_Num/100%10;
  56   1              Seg_Buf[6]=Count_Num/10%10;
  57   1              Seg_Buf[7]=Count_Num/1%10;
  58   1              for(i=5;i<7;i++)
  59   1              {
  60   2                      if(Seg_Buf[i]!=0)break;
  61   2                      Seg_Buf[i]=10;
  62   2              }
  63   1      }
  64          /*Led控制区域*/
  65          void Led_Proc()
  66          {
  67   1              Led_Buf[7]=!Work_Mode;
  68   1      }
  69          /*定时器1区域*/
  70          void Timer1_Init(void)          //1毫秒@12.000MHz
  71          {
  72   1              AUXR &= 0xBF;                   //定时器时钟12T模式
  73   1              TMOD &= 0x0F;                   //设置定时器模式
  74   1              TL1 = 0x18;                             //设置定时初始值
  75   1              TH1 = 0xFC;                             //设置定时初始值
  76   1              TF1 = 0;                                //清除TF1标志
  77   1              TR1 = 1;                                //定时器1开始计时
  78   1              ET1 = 1;                                //使能定时器1中断
  79   1              EA=1;
  80   1      }
  81          void Timer1_Isr(void) interrupt 3
  82          {
  83   1              if(++Key_Slow==20)Key_Slow=0;
  84   1              if(++Seg_Slow==90)Seg_Slow=0;
  85   1              
  86   1              if(++Seg_Pos==8)Seg_Pos=0;
  87   1              if(Seg_Buf[Seg_Pos]>20)
  88   1                      Seg_Disp(Seg_Pos,Seg_Buf[Seg_Pos]-',',1);
  89   1              else
  90   1                      Seg_Disp(Seg_Pos,Seg_Buf[Seg_Pos],0);
  91   1              Led_Disp(Seg_Pos,Led_Buf[Seg_Pos]);
  92   1              
  93   1              
  94   1              if(Led_Buf[0]==1)
  95   1              {
  96   2                      if(++Time_2s==2000)
  97   2                      {
  98   3                              Time_2s=0;
  99   3                              Led_Buf[0]=0;
 100   3                      }
 101   2              }
 102   1              
 103   1      }
 104          /*主函数区域*/
 105          void main()
 106          {
 107   1              Sys_Init();
 108   1              Timer1_Init();
 109   1              while(1)
 110   1              {
 111   2                      Key_Proc();
 112   2                      Seg_Proc();
 113   2                      Led_Proc();
 114   2              }
 115   1      }

C51 COMPILER V9.54   MAIN                                                                  04/05/2025 05:01:22 PAGE 3   


MODULE INFORMATION:   STATIC OVERLAYABLE
   CODE SIZE        =    406    ----
   CONSTANT SIZE    =   ----    ----
   XDATA SIZE       =   ----    ----
   PDATA SIZE       =   ----    ----
   DATA SIZE        =   ----    ----
   IDATA SIZE       =     27    ----
   BIT SIZE         =      1    ----
END OF MODULE INFORMATION.


C51 COMPILATION COMPLETE.  0 WARNING(S),  0 ERROR(S)
