C51 COMPILER V9.54   KEY                                                                   03/14/2025 22:10:58 PAGE 1   


C51 COMPILER V9.54, COMPILATION OF MODULE KEY
OBJECT MODULE PLACED IN .\Objects\Key.obj
COMPILER INVOKED BY: D:\Keil_v5\C51\BIN\C51.EXE Driver\Key.c OPTIMIZE(8,SPEED) BROWSE INCDIR(.\Driver;.\User) DEBUG OBJE
                    -CTEXTEND PRINT(.\Listings\Key.lst) OBJECT(.\Objects\Key.obj)

line level    source

   1          #include <Key.H>
   2          //unsigned char Key_Read()
   3          //{
   4          //      unsigned char temp=0;
   5          //      P44=0;P42=1;P35=1;P34=1;
   6          //      if(P33==0)temp=4;
   7          //      if(P32==0)temp=5;
   8          //      if(P31==0)temp=6;
   9          //      if(P30==0)temp=7;
  10          //      P44=1;P42=0;P35=1;P34=1;
  11          //      if(P33==0)temp=8;
  12          //      if(P32==0)temp=9;
  13          //      if(P31==0)temp=10;
  14          //      if(P30==0)temp=11;
  15          //      P44=1;P42=1;P35=0;P34=1;
  16          //      if(P33==0)temp=12;
  17          //      if(P32==0)temp=13;
  18          //      if(P31==0)temp=14;
  19          //      if(P30==0)temp=15;
  20          //      P44=1;P42=1;P35=1;P34=0;
  21          //      if(P33==0)temp=16;
  22          //      if(P32==0)temp=17;
  23          //      if(P31==0)temp=18;
  24          //      if(P30==0)temp=19;
  25          //      return temp;
  26          //}
  27          
  28          unsigned char Key_Read()
  29          {
  30   1              unsigned char temp=0;
  31   1              if(P33==0)temp=4;
  32   1              if(P32==0)temp=5;
  33   1              if(P31==0)temp=6;
  34   1              if(P30==0)temp=7;
  35   1              return temp;
  36   1      }


MODULE INFORMATION:   STATIC OVERLAYABLE
   CODE SIZE        =     23    ----
   CONSTANT SIZE    =   ----    ----
   XDATA SIZE       =   ----    ----
   PDATA SIZE       =   ----    ----
   DATA SIZE        =   ----    ----
   IDATA SIZE       =   ----    ----
   BIT SIZE         =   ----    ----
END OF MODULE INFORMATION.


C51 COMPILATION COMPLETE.  0 WARNING(S),  0 ERROR(S)
