C51 COMPILER V9.54   SEG                                                                   04/07/2025 10:35:02 PAGE 1   


C51 COMPILER V9.54, COMPILATION OF MODULE SEG
OBJECT MODULE PLACED IN .\Objects\Seg.obj
COMPILER INVOKED BY: D:\Keil_v5\C51\BIN\C51.EXE Driver\Seg.c OPTIMIZE(8,SPEED) BROWSE INCDIR(.\Driver;.\User) DEBUG OBJE
                    -CTEXTEND PRINT(.\Listings\Seg.lst) OBJECT(.\Objects\Seg.obj)

line level    source

   1          #include <Seg.H>
   2          code unsigned char Seg_Dula[]={0xC0,0xF9,0xA4,0xB0,0x99,0x92,0x82,0xF8,0x80,0x90,0xff,0x8c,0x86};
   3          void Seg_Disp(unsigned char wela,dula,point)
   4          {
   5   1              P0=0xff;
   6   1              P2=P2&0x1f|0xe0;
   7   1              P2&=0x1f;
   8   1              
   9   1              P0=0x01<<wela;
  10   1              P2=P2&0x1f|0xc0;
  11   1              P2&=0x1f;
  12   1              
  13   1              P0=Seg_Dula[dula];
  14   1              if(point)P0&=0x7f;
  15   1              P2=P2&0x1f|0xe0;
  16   1              P2&=0x1f;
  17   1      }


MODULE INFORMATION:   STATIC OVERLAYABLE
   CODE SIZE        =     71    ----
   CONSTANT SIZE    =     13    ----
   XDATA SIZE       =   ----    ----
   PDATA SIZE       =   ----    ----
   DATA SIZE        =   ----    ----
   IDATA SIZE       =   ----    ----
   BIT SIZE         =   ----    ----
END OF MODULE INFORMATION.


C51 COMPILATION COMPLETE.  0 WARNING(S),  0 ERROR(S)
