C51 COMPILER V9.54   LED                                                                   03/06/2025 15:34:14 PAGE 1   


C51 COMPILER V9.54, COMPILATION OF MODULE LED
OBJECT MODULE PLACED IN .\Objects\Led.obj
COMPILER INVOKED BY: D:\Keil_v5\C51\BIN\C51.EXE Driver\Led.c OPTIMIZE(8,SPEED) BROWSE INCDIR(.\Driver;.\User) DEBUG OBJE
                    -CTEXTEND PRINT(.\Listings\Led.lst) OBJECT(.\Objects\Led.obj)

line level    source

   1          #include <Led.H>
   2          void Led_Disp(unsigned char addr,enable)
   3          {
   4   1              unsigned char temp=0x00;
   5   1              unsigned char temp_old=0xff;
   6   1              
   7   1              if(enable)
   8   1                      temp|=0x01<<addr;
   9   1              else
  10   1                      temp&=~(0x01<<addr);
  11   1              
  12   1              P0=~temp;
  13   1              P2=P2&0x1f|0x80;
  14   1              P2&=0x1f;
  15   1              temp_old=temp;
  16   1      }


MODULE INFORMATION:   STATIC OVERLAYABLE
   CODE SIZE        =     53    ----
   CONSTANT SIZE    =   ----    ----
   XDATA SIZE       =   ----    ----
   PDATA SIZE       =   ----    ----
   DATA SIZE        =   ----    ----
   IDATA SIZE       =   ----    ----
   BIT SIZE         =   ----    ----
END OF MODULE INFORMATION.


C51 COMPILATION COMPLETE.  0 WARNING(S),  0 ERROR(S)
