C51 COMPILER V9.54   KEY                                                                   06/10/2025 16:56:40 PAGE 1   


C51 COMPILER V9.54, COMPILATION OF MODULE KEY
OBJECT MODULE PLACED IN .\Objects\key.obj
COMPILER INVOKED BY: D:\Keil_v5\C51\BIN\C51.EXE ..\Source\Driver\key.c OPTIMIZE(8,SPEED) BROWSE INCDIR(..\Source\User;..
                    -\Source\Driver) DEBUG OBJECTEXTEND PRINT(.\Listings\key.lst) OBJECT(.\Objects\key.obj)

line level    source

   1          #include <key.H>
   2          unsigned char key_read(void)
   3          {
   4   1              unsigned char temp=0;
   5   1              AUXR &= ~0x10;          //定时器2停止计时
   6   1              P44=0;P42=1;P35=1;//P34=1;
   7   1              if(P33==0)temp=4;
   8   1              if(P32==0)temp=5;
   9   1              if(P31==0)temp=6;
  10   1              if(P30==0)temp=7;
  11   1              P44=1;P42=0;P35=1;//P34=1;
  12   1              if(P33==0)temp=8;
  13   1              if(P32==0)temp=9;
  14   1              if(P31==0)temp=10;
  15   1              if(P30==0)temp=11;
  16   1              P44=1;P42=1;P35=0;//P34=1;
  17   1              if(P33==0)temp=12;
  18   1              if(P32==0)temp=13;
  19   1              if(P31==0)temp=14;
  20   1              if(P30==0)temp=15;
  21   1      //      P44=1;P42=1;P35=1;P34=0;
  22   1      //      if(P33==0)temp=16;
  23   1      //      if(P32==0)temp=17;
  24   1      //      if(P31==0)temp=18;
  25   1      //      if(P30==0)temp=19;
  26   1              P3=0xff;
  27   1              AUXR |= 0x10;           //定时器2开始计时
  28   1              return temp;
  29   1      }


MODULE INFORMATION:   STATIC OVERLAYABLE
   CODE SIZE        =     90    ----
   CONSTANT SIZE    =   ----    ----
   XDATA SIZE       =   ----    ----
   PDATA SIZE       =   ----    ----
   DATA SIZE        =   ----    ----
   IDATA SIZE       =   ----    ----
   BIT SIZE         =   ----    ----
END OF MODULE INFORMATION.


C51 COMPILATION COMPLETE.  0 WARNING(S),  0 ERROR(S)
