C51 COMPILER V9.54   LED                                                                   06/10/2025 16:56:40 PAGE 1   


C51 COMPILER V9.54, COMPILATION OF MODULE LED
OBJECT MODULE PLACED IN .\Objects\led.obj
COMPILER INVOKED BY: D:\Keil_v5\C51\BIN\C51.EXE ..\Source\Driver\led.c OPTIMIZE(8,SPEED) BROWSE INCDIR(..\Source\User;..
                    -\Source\Driver) DEBUG OBJECTEXTEND PRINT(.\Listings\led.lst) OBJECT(.\Objects\led.obj)

line level    source

   1          #include <led.H>
   2          idata unsigned char led_now=0x00;
   3          idata unsigned char led_old=0xff;
   4          void led_disp(unsigned char *ucLed)
   5          {
   6   1              unsigned char temp;
   7   1              led_now=0x00;
   8   1              led_now=(ucLed[0]<<0)|(ucLed[1]<<1)|(ucLed[2]<<2)|(ucLed[3]<<3)|
   9   1                              (ucLed[4]<<4)|(ucLed[5]<<5)|(ucLed[6]<<6)|(ucLed[7]<<7);
  10   1              
  11   1              if(led_now!=led_old)
  12   1              {
  13   2                      P0=~led_now;
  14   2                      
  15   2                      temp=P2&0x1f;
  16   2                      temp=temp|0x80;
  17   2                      P2=temp;
  18   2                      temp=P2&0x1f;
  19   2                      P2=temp;
  20   2                      
  21   2                      led_old=led_now;
  22   2              }
  23   1      }
  24          
  25          idata unsigned char relay_now=0x00;
  26          idata unsigned char relay_old=0xff;
  27          void relay(bit enable)
  28          {
  29   1              unsigned char temp;
  30   1              
  31   1              if (enable)
  32   1                      relay_now |= 0x10;
  33   1              else
  34   1                      relay_now &= ~(0x10);
  35   1      
  36   1              if (relay_now != relay_old)
  37   1              {
  38   2                      P0 = relay_now;
  39   2                      
  40   2                      temp=P2&0x1f;
  41   2                      temp=temp|0xa0;
  42   2                      P2=temp;
  43   2                      temp=P2&0x1f;
  44   2                      P2=temp;
  45   2              
  46   2                      relay_old = relay_now;
  47   2              }
  48   1      }


MODULE INFORMATION:   STATIC OVERLAYABLE
   CODE SIZE        =    170    ----
   CONSTANT SIZE    =   ----    ----
   XDATA SIZE       =   ----    ----
C51 COMPILER V9.54   LED                                                                   06/10/2025 16:56:40 PAGE 2   

   PDATA SIZE       =   ----    ----
   DATA SIZE        =   ----    ----
   IDATA SIZE       =      4    ----
   BIT SIZE         =   ----       1
END OF MODULE INFORMATION.


C51 COMPILATION COMPLETE.  0 WARNING(S),  0 ERROR(S)
