BL51 BANKED LINKER/LOCATER V6.22                                                        02/16/2025  11:20:07  PAGE 1


BL51 BANKED LINKER/LOCATER V6.22, INVOKED BY:
D:\KEIL_V5\C51\BIN\BL51.EXE .\Objects\main.obj, .\Objects\Led.obj, .\Objects\Key.obj, .\Objects\Seg.obj, .\Objects\Init.
>> obj, .\Objects\ds1302.obj TO .\Objects\ds1302 PRINT (.\Listings\ds1302.m51) RAMSIZE (256)


MEMORY MODEL: SMALL


INPUT MODULES INCLUDED:
  .\Objects\main.obj (MAIN)
  .\Objects\Led.obj (LED)
  .\Objects\Key.obj (KEY)
  .\Objects\Seg.obj (SEG)
  .\Objects\Init.obj (INIT)
  .\Objects\ds1302.obj (DS1302)
  D:\KEIL_V5\C51\LIB\C51S.LIB (?C_STARTUP)
  D:\KEIL_V5\C51\LIB\C51S.LIB (?C?CLDPTR)
  D:\KEIL_V5\C51\LIB\C51S.LIB (?C?CLDOPTR)
  D:\KEIL_V5\C51\LIB\C51S.LIB (?C?CSTPTR)
  D:\KEIL_V5\C51\LIB\C51S.LIB (?C?CSTOPTR)
  D:\KEIL_V5\C51\LIB\C51S.LIB (?C_INIT)


LINK MAP OF MODULE:  .\Objects\ds1302 (MAIN)


            TYPE    BASE      LENGTH    RELOCATION   SEGMENT NAME
            -----------------------------------------------------

            * * * * * * *   D A T A   M E M O R Y   * * * * * * *
            REG     0000H     0008H     ABSOLUTE     "REG BANK 0"
            DATA    0008H     0022H     UNIT         ?DT?MAIN
            DATA    002AH     0013H     UNIT         ?DT?SEG
            DATA    003DH     0002H     UNIT         ?DT?LED
            IDATA   003FH     0001H     UNIT         ?STACK

            * * * * * * *   C O D E   M E M O R Y   * * * * * * *
            CODE    0000H     0003H     ABSOLUTE     
            CODE    0003H     0001H     UNIT         ?PR?LED_PROC?MAIN
                    0004H     0007H                  *** GAP ***
            CODE    000BH     0003H     ABSOLUTE     
            CODE    000EH     008CH     UNIT         ?C_C51STARTUP
            CODE    009AH     0080H     UNIT         ?PR?TIMER0_ISR?MAIN
            CODE    011AH     007AH     UNIT         ?C?LIB_CODE
            CODE    0194H     0073H     UNIT         ?PR?KEY_READ?KEY
            CODE    0207H     004AH     UNIT         ?C_INITSEG
            CODE    0251H     0042H     UNIT         ?PR?_SEG_DISP?SEG
            CODE    0293H     003BH     UNIT         ?PR?SEG_PROC?MAIN
            CODE    02CEH     003BH     UNIT         ?PR?_LED_DISP?LED
            CODE    0309H     0034H     UNIT         ?PR?_READ_DS1302_BYTE?DS1302
            CODE    033DH     002FH     UNIT         ?PR?_SET_RTC?DS1302
            CODE    036CH     0021H     UNIT         ?PR?_READ_RTC?DS1302
            CODE    038DH     001FH     UNIT         ?PR?KEY_PROC?MAIN
            CODE    03ACH     001DH     UNIT         ?PR?SYS_INIT?INIT
            CODE    03C9H     0015H     UNIT         ?PR?TIMER0_INIT?MAIN
            CODE    03DEH     0014H     UNIT         ?PR?_WRITE_DS1302_BYTE?DS1302
            CODE    03F2H     0013H     UNIT         ?PR?_WRITE_DS1302?DS1302
            CODE    0405H     000FH     UNIT         ?PR?INIT?MAIN
BL51 BANKED LINKER/LOCATER V6.22                                                      02/16/2025  11:20:07  PAGE 2


            CODE    0414H     000EH     UNIT         ?PR?MAIN?MAIN



OVERLAY MAP OF MODULE:   .\Objects\ds1302 (MAIN)


SEGMENT
  +--> CALLED SEGMENT
---------------------
?PR?TIMER0_ISR?MAIN
  +--> ?PR?_SEG_DISP?SEG
  +--> ?PR?_LED_DISP?LED

*** NEW ROOT ***************************************************

?C_C51STARTUP
  +--> ?PR?MAIN?MAIN
  +--> ?C_INITSEG

?PR?MAIN?MAIN
  +--> ?PR?INIT?MAIN
  +--> ?PR?KEY_PROC?MAIN
  +--> ?PR?SEG_PROC?MAIN
  +--> ?PR?LED_PROC?MAIN

?PR?INIT?MAIN
  +--> ?PR?SYS_INIT?INIT
  +--> ?PR?TIMER0_INIT?MAIN
  +--> ?PR?_SET_RTC?DS1302

?PR?_SET_RTC?DS1302
  +--> ?PR?_WRITE_DS1302_BYTE?DS1302

?PR?_WRITE_DS1302_BYTE?DS1302
  +--> ?PR?_WRITE_DS1302?DS1302

?PR?KEY_PROC?MAIN
  +--> ?PR?KEY_READ?KEY

?PR?SEG_PROC?MAIN
  +--> ?PR?_READ_RTC?DS1302

?PR?_READ_RTC?DS1302
  +--> ?PR?_READ_DS1302_BYTE?DS1302

?PR?_READ_DS1302_BYTE?DS1302
  +--> ?PR?_WRITE_DS1302?DS1302



SYMBOL TABLE OF MODULE:  .\Objects\ds1302 (MAIN)

  VALUE           TYPE          NAME
  ----------------------------------

  -------         MODULE        MAIN
BL51 BANKED LINKER/LOCATER V6.22                                                      02/16/2025  11:20:07  PAGE 3


  C:0000H         SYMBOL        _ICE_DUMMY_
  D:0080H         PUBLIC        P0
  D:0090H         PUBLIC        P1
  D:00A0H         PUBLIC        P2
  D:00B0H         PUBLIC        P3
  D:00C0H         PUBLIC        P4
  D:00C8H         PUBLIC        P5
  D:00E8H         PUBLIC        P6
  B:00A8H.7       PUBLIC        EA
  D:00F8H         PUBLIC        P7
  C:0003H         PUBLIC        Led_Proc
  D:0008H         PUBLIC        Seg_Point
  D:00A8H         PUBLIC        IE
  D:0010H         PUBLIC        Led_Buf
  C:0405H         PUBLIC        Init
  C:0293H         PUBLIC        Seg_Proc
  D:00B8H         PUBLIC        IP
  D:0018H         PUBLIC        Seg_Buf
  C:038DH         PUBLIC        Key_Proc
  D:00D8H         PUBLIC        CCON
  D:0020H         PUBLIC        Key_Down
  C:0414H         PUBLIC        main
  D:0021H         PUBLIC        Seg_Slow
  D:0022H         PUBLIC        Rtc
  C:03C9H         PUBLIC        Timer0_Init
  D:0025H         PUBLIC        Key_Old
  D:0026H         PUBLIC        Key_Val
  D:0027H         PUBLIC        Key_Slow
  D:0028H         PUBLIC        Seg_Pos
  D:0098H         PUBLIC        SCON
  D:0089H         PUBLIC        TMOD
  D:0088H         PUBLIC        TCON
  D:008EH         PUBLIC        AUXR
  C:009AH         PUBLIC        Timer0_Isr
  B:00A8H.1       PUBLIC        ET0
  B:0088H.5       PUBLIC        TF0
  D:008CH         PUBLIC        TH0
  D:0029H         PUBLIC        Key_Up
  D:008AH         PUBLIC        TL0
  B:0088H.4       PUBLIC        TR0
  D:00D0H         PUBLIC        PSW
  -------         PROC          KEY_PROC
  C:038DH         LINE#         18
  C:038DH         LINE#         19
  C:038DH         LINE#         20
  C:0391H         LINE#         21
  C:0394H         LINE#         23
  C:0399H         LINE#         24
  C:03A2H         LINE#         25
  C:03A8H         LINE#         26
  C:03ABH         LINE#         29
  -------         ENDPROC       KEY_PROC
  -------         PROC          SEG_PROC
  C:0293H         LINE#         31
  C:0293H         LINE#         32
  C:0293H         LINE#         33
  C:0297H         LINE#         34
BL51 BANKED LINKER/LOCATER V6.22                                                      02/16/2025  11:20:07  PAGE 4


  C:029AH         LINE#         36
  C:02A3H         LINE#         38
  C:02AAH         LINE#         39
  C:02B0H         LINE#         41
  C:02B7H         LINE#         42
  C:02BDH         LINE#         44
  C:02C4H         LINE#         45
  C:02CAH         LINE#         47
  C:02CDH         LINE#         48
  -------         ENDPROC       SEG_PROC
  -------         PROC          LED_PROC
  C:0003H         LINE#         50
  C:0003H         LINE#         51
  C:0003H         LINE#         53
  -------         ENDPROC       LED_PROC
  -------         PROC          TIMER0_ISR
  C:009AH         LINE#         61
  C:00B7H         LINE#         63
  C:00C1H         LINE#         64
  C:00D0H         LINE#         65
  C:00DAH         LINE#         66
  C:00F1H         LINE#         67
  C:00FFH         LINE#         68
  -------         ENDPROC       TIMER0_ISR
  -------         PROC          TIMER0_INIT
  C:03C9H         LINE#         69
  C:03C9H         LINE#         70
  C:03C9H         LINE#         71
  C:03CCH         LINE#         72
  C:03CFH         LINE#         73
  C:03D2H         LINE#         74
  C:03D5H         LINE#         75
  C:03D7H         LINE#         76
  C:03D9H         LINE#         77
  C:03DBH         LINE#         78
  C:03DDH         LINE#         79
  -------         ENDPROC       TIMER0_INIT
  -------         PROC          INIT
  C:0405H         LINE#         81
  C:0405H         LINE#         82
  C:0405H         LINE#         83
  C:0408H         LINE#         84
  C:040BH         LINE#         85
  -------         ENDPROC       INIT
  -------         PROC          MAIN
  C:0414H         LINE#         89
  C:0414H         LINE#         90
  C:0414H         LINE#         91
  C:0417H         LINE#         92
  C:0417H         LINE#         93
  C:0417H         LINE#         94
  C:041AH         LINE#         95
  C:041DH         LINE#         96
  C:0420H         LINE#         97
  -------         ENDPROC       MAIN
  -------         ENDMOD        MAIN

BL51 BANKED LINKER/LOCATER V6.22                                                      02/16/2025  11:20:07  PAGE 5


  -------         MODULE        LED
  C:0000H         SYMBOL        _ICE_DUMMY_
  D:0080H         PUBLIC        P0
  D:0090H         PUBLIC        P1
  D:00A0H         PUBLIC        P2
  D:00B0H         PUBLIC        P3
  D:00C0H         PUBLIC        P4
  D:00C8H         PUBLIC        P5
  D:00E8H         PUBLIC        P6
  D:00F8H         PUBLIC        P7
  C:02CEH         PUBLIC        _Led_Disp
  D:00A8H         PUBLIC        IE
  D:00B8H         PUBLIC        IP
  D:00D8H         PUBLIC        CCON
  D:0098H         PUBLIC        SCON
  D:0088H         PUBLIC        TCON
  D:00D0H         PUBLIC        PSW
  -------         PROC          _LED_DISP
  D:0007H         SYMBOL        addr
  D:0004H         SYMBOL        enable
  -------         DO            
  D:003DH         SYMBOL        temp
  D:003EH         SYMBOL        temp_old
  -------         ENDDO         
  C:02CEH         LINE#         2
  C:02CEH         LINE#         3
  C:02CEH         LINE#         7
  C:02D2H         LINE#         8
  C:02E1H         LINE#         10
  C:02EFH         LINE#         12
  C:02F5H         LINE#         13
  C:02F5H         LINE#         14
  C:02FAH         LINE#         15
  C:0302H         LINE#         16
  C:0305H         LINE#         17
  C:0308H         LINE#         18
  C:0308H         LINE#         19
  -------         ENDPROC       _LED_DISP
  -------         ENDMOD        LED

  -------         MODULE        KEY
  C:0000H         SYMBOL        _ICE_DUMMY_
  D:0080H         PUBLIC        P0
  D:0090H         PUBLIC        P1
  D:00A0H         PUBLIC        P2
  D:00B0H         PUBLIC        P3
  D:00C0H         PUBLIC        P4
  D:00C8H         PUBLIC        P5
  D:00E8H         PUBLIC        P6
  D:00F8H         PUBLIC        P7
  C:0194H         PUBLIC        Key_Read
  D:00A8H         PUBLIC        IE
  D:00B8H         PUBLIC        IP
  D:00D8H         PUBLIC        CCON
  B:00B0H.0       PUBLIC        P30
  B:00B0H.1       PUBLIC        P31
  D:0098H         PUBLIC        SCON
BL51 BANKED LINKER/LOCATER V6.22                                                      02/16/2025  11:20:07  PAGE 6


  B:00B0H.2       PUBLIC        P32
  D:0088H         PUBLIC        TCON
  B:00C0H.2       PUBLIC        P42
  B:00B0H.3       PUBLIC        P33
  B:00B0H.4       PUBLIC        P34
  B:00C0H.4       PUBLIC        P44
  B:00B0H.5       PUBLIC        P35
  D:00D0H         PUBLIC        PSW
  -------         PROC          KEY_READ
  -------         DO            
  D:0007H         SYMBOL        temp
  -------         ENDDO         
  C:0194H         LINE#         2
  C:0194H         LINE#         3
  C:0194H         LINE#         4
  C:0196H         LINE#         6
  C:019EH         LINE#         7
  C:01A3H         LINE#         8
  C:01A8H         LINE#         9
  C:01ADH         LINE#         10
  C:01B2H         LINE#         12
  C:01BAH         LINE#         13
  C:01BFH         LINE#         14
  C:01C4H         LINE#         15
  C:01C9H         LINE#         16
  C:01CEH         LINE#         18
  C:01D6H         LINE#         19
  C:01DBH         LINE#         20
  C:01E0H         LINE#         21
  C:01E5H         LINE#         22
  C:01EAH         LINE#         24
  C:01F2H         LINE#         25
  C:01F7H         LINE#         26
  C:01FCH         LINE#         27
  C:0201H         LINE#         28
  C:0206H         LINE#         30
  C:0206H         LINE#         31
  -------         ENDPROC       KEY_READ
  -------         ENDMOD        KEY

  -------         MODULE        SEG
  C:0000H         SYMBOL        _ICE_DUMMY_
  D:0080H         PUBLIC        P0
  D:0090H         PUBLIC        P1
  D:00A0H         PUBLIC        P2
  D:00B0H         PUBLIC        P3
  D:00C0H         PUBLIC        P4
  D:00C8H         PUBLIC        P5
  D:00E8H         PUBLIC        P6
  D:00F8H         PUBLIC        P7
  D:002AH         PUBLIC        Seg_Dula
  D:0035H         PUBLIC        Seg_Wela
  D:00A8H         PUBLIC        IE
  C:0251H         PUBLIC        _Seg_Disp
  D:00B8H         PUBLIC        IP
  D:00D8H         PUBLIC        CCON
  D:0098H         PUBLIC        SCON
BL51 BANKED LINKER/LOCATER V6.22                                                      02/16/2025  11:20:07  PAGE 7


  D:0088H         PUBLIC        TCON
  D:00D0H         PUBLIC        PSW
  -------         PROC          _SEG_DISP
  D:0007H         SYMBOL        wela
  D:0004H         SYMBOL        dula
  D:0002H         SYMBOL        point
  C:0251H         LINE#         16
  C:0251H         LINE#         17
  C:0251H         LINE#         18
  C:0254H         LINE#         19
  C:025CH         LINE#         20
  C:025FH         LINE#         22
  C:0266H         LINE#         23
  C:026EH         LINE#         24
  C:0271H         LINE#         25
  C:0275H         LINE#         26
  C:0280H         LINE#         28
  C:0287H         LINE#         30
  C:028FH         LINE#         31
  C:0292H         LINE#         33
  -------         ENDPROC       _SEG_DISP
  -------         ENDMOD        SEG

  -------         MODULE        INIT
  C:0000H         SYMBOL        _ICE_DUMMY_
  D:0080H         PUBLIC        P0
  D:0090H         PUBLIC        P1
  D:00A0H         PUBLIC        P2
  D:00B0H         PUBLIC        P3
  D:00C0H         PUBLIC        P4
  D:00C8H         PUBLIC        P5
  D:00E8H         PUBLIC        P6
  D:00F8H         PUBLIC        P7
  D:00A8H         PUBLIC        IE
  D:00B8H         PUBLIC        IP
  D:00D8H         PUBLIC        CCON
  D:0098H         PUBLIC        SCON
  D:0088H         PUBLIC        TCON
  C:03ACH         PUBLIC        Sys_Init
  D:00D0H         PUBLIC        PSW
  -------         PROC          SYS_INIT
  C:03ACH         LINE#         4
  C:03ACH         LINE#         5
  C:03ACH         LINE#         7
  C:03AFH         LINE#         8
  C:03B7H         LINE#         9
  C:03BAH         LINE#         11
  C:03BDH         LINE#         12
  C:03C5H         LINE#         13
  C:03C8H         LINE#         15
  -------         ENDPROC       SYS_INIT
  -------         ENDMOD        INIT

  -------         MODULE        DS1302
  C:0000H         SYMBOL        _ICE_DUMMY_
  D:0080H         PUBLIC        P0
  D:0090H         PUBLIC        P1
BL51 BANKED LINKER/LOCATER V6.22                                                      02/16/2025  11:20:07  PAGE 8


  D:00A0H         PUBLIC        P2
  D:00B0H         PUBLIC        P3
  D:00C0H         PUBLIC        P4
  D:00C8H         PUBLIC        P5
  D:00E8H         PUBLIC        P6
  D:00F8H         PUBLIC        P7
  C:036CH         PUBLIC        _Read_Rtc
  D:00A8H         PUBLIC        IE
  D:00B8H         PUBLIC        IP
  D:00D8H         PUBLIC        CCON
  D:0098H         PUBLIC        SCON
  D:0088H         PUBLIC        TCON
  C:033DH         PUBLIC        _Set_Rtc
  C:0309H         PUBLIC        _Read_Ds1302_Byte
  B:00A0H.3       PUBLIC        SDA
  B:0090H.7       PUBLIC        SCK
  C:03DEH         PUBLIC        _Write_Ds1302_Byte
  C:03F2H         PUBLIC        _Write_Ds1302
  B:0090H.3       PUBLIC        RST
  D:00D0H         PUBLIC        PSW
  -------         PROC          _WRITE_DS1302
  D:0007H         SYMBOL        temp
  -------         DO            
  D:0006H         SYMBOL        i
  -------         ENDDO         
  C:03F2H         LINE#         8
  C:03F2H         LINE#         9
  C:03F2H         LINE#         11
  C:03F4H         LINE#         12
  C:03F4H         LINE#         13
  C:03F6H         LINE#         14
  C:03FAH         LINE#         15
  C:03FEH         LINE#         16
  C:0400H         LINE#         17
  C:0404H         LINE#         18
  -------         ENDPROC       _WRITE_DS1302
  -------         PROC          _WRITE_DS1302_BYTE
  D:0007H         SYMBOL        address
  D:0005H         SYMBOL        dat
  C:03DEH         LINE#         21
  C:03DEH         LINE#         22
  C:03DEH         LINE#         23
  C:03E1H         LINE#         24
  C:03E4H         LINE#         25
  C:03E7H         LINE#         26
  C:03EAH         LINE#         27
  C:03EFH         LINE#         28
  C:03F1H         LINE#         29
  -------         ENDPROC       _WRITE_DS1302_BYTE
  -------         PROC          _READ_DS1302_BYTE
  D:0007H         SYMBOL        address
  -------         DO            
  D:0007H         SYMBOL        i
  D:0005H         SYMBOL        temp
  -------         ENDDO         
  C:0309H         LINE#         32
  C:0309H         LINE#         33
BL51 BANKED LINKER/LOCATER V6.22                                                      02/16/2025  11:20:07  PAGE 9


  C:0309H         LINE#         34
  C:030BH         LINE#         35
  C:030EH         LINE#         36
  C:0311H         LINE#         37
  C:0314H         LINE#         38
  C:0317H         LINE#         39
  C:0319H         LINE#         40
  C:0319H         LINE#         41
  C:031BH         LINE#         42
  C:031FH         LINE#         43
  C:0322H         LINE#         44
  C:0325H         LINE#         45
  C:0327H         LINE#         46
  C:032BH         LINE#         47
  C:032EH         LINE#         48
  C:0331H         LINE#         49
  C:0334H         LINE#         50
  C:0337H         LINE#         51
  C:033AH         LINE#         52
  C:033CH         LINE#         53
  -------         ENDPROC       _READ_DS1302_BYTE
  -------         PROC          _SET_RTC
  D:0001H         SYMBOL        ucRtc
  C:033DH         LINE#         55
  C:033DH         LINE#         56
  C:033DH         LINE#         57
  C:0344H         LINE#         58
  C:034DH         LINE#         59
  C:0359H         LINE#         60
  C:0365H         LINE#         61
  -------         ENDPROC       _SET_RTC
  -------         PROC          _READ_RTC
  D:0001H         SYMBOL        ucRtc
  C:036CH         LINE#         64
  C:036CH         LINE#         65
  C:036CH         LINE#         66
  C:0375H         LINE#         67
  C:0381H         LINE#         68
  -------         ENDPROC       _READ_RTC
  -------         ENDMOD        DS1302

  -------         MODULE        ?C?CLDPTR
  C:011AH         PUBLIC        ?C?CLDPTR
  -------         ENDMOD        ?C?CLDPTR

  -------         MODULE        ?C?CLDOPTR
  C:0133H         PUBLIC        ?C?CLDOPTR
  -------         ENDMOD        ?C?CLDOPTR

  -------         MODULE        ?C?CSTPTR
  C:0160H         PUBLIC        ?C?CSTPTR
  -------         ENDMOD        ?C?CSTPTR

  -------         MODULE        ?C?CSTOPTR
  C:0172H         PUBLIC        ?C?CSTOPTR
  -------         ENDMOD        ?C?CSTOPTR

BL51 BANKED LINKER/LOCATER V6.22                                                      02/16/2025  11:20:07  PAGE 10


Program Size: data=64.0 xdata=0 code=1051
LINK/LOCATE RUN COMPLETE.  0 WARNING(S),  0 ERROR(S)
