C51 COMPILER V9.54   INIT                                                                  02/16/2025 11:20:07 PAGE 1   


C51 COMPILER V9.54, COMPILATION OF MODULE INIT
OBJECT MODULE PLACED IN .\Objects\Init.obj
COMPILER INVOKED BY: D:\Keil_v5\C51\BIN\C51.EXE Init.c OPTIMIZE(8,SPEED) BROWSE INCDIR(..\Driver;..\System;..\User) DEBU
                    -G OBJECTEXTEND PRINT(.\Listings\Init.lst) OBJECT(.\Objects\Init.obj)

line level    source

   1          #include <Init.H>
   2          
   3          
   4          void Sys_Init()
   5          {
   6   1              //¹Ø±ÕLED
   7   1              P0=0xff;
   8   1              P2=P2&0x1f|0x80;
   9   1              P2&=0x1f;
  10   1              //¹Ø±Õ·äÃùÆ÷
  11   1              P0=0x00;
  12   1              P2=P2&0x1f|0xa0;
  13   1              P2&=0x1f;
  14   1              
  15   1      }


MODULE INFORMATION:   STATIC OVERLAYABLE
   CODE SIZE        =     29    ----
   CONSTANT SIZE    =   ----    ----
   XDATA SIZE       =   ----    ----
   PDATA SIZE       =   ----    ----
   DATA SIZE        =   ----    ----
   IDATA SIZE       =   ----    ----
   BIT SIZE         =   ----    ----
END OF MODULE INFORMATION.


C51 COMPILATION COMPLETE.  0 WARNING(S),  0 ERROR(S)
