C51 COMPILER V9.54   SEG                                                                   02/16/2025 11:20:07 PAGE 1   


C51 COMPILER V9.54, COMPILATION OF MODULE SEG
OBJECT MODULE PLACED IN .\Objects\Seg.obj
COMPILER INVOKED BY: D:\Keil_v5\C51\BIN\C51.EXE ..\Driver\Seg.c OPTIMIZE(8,SPEED) BROWSE INCDIR(..\Driver;..\System;..\U
                    -ser) DEBUG OBJECTEXTEND PRINT(.\Listings\Seg.lst) OBJECT(.\Objects\Seg.obj)

line level    source

   1          #include <Seg.H>
   2          unsigned char Seg_Dula[]={
   3          0xc0,  
   4          0xf9,  
   5          0xa4,  
   6          0xb0,  
   7          0x99,  
   8          0x92,  
   9          0x82,  
  10          0xf8,  
  11          0x80,  
  12          0x90,  
  13          0xff};
  14          unsigned char Seg_Wela[]={0x01,0x02,0x04,0x08,0x10,0x20,0x40,0x80};
  15          
  16          void Seg_Disp(unsigned char wela,dula,point)
  17          {
  18   1              P0=0xff;
  19   1              P2=P2&0x1f|0xe0;
  20   1              P2&=0x1f;
  21   1              
  22   1              P0=Seg_Wela[wela];
  23   1              P2=P2&0x1f|0xc0;
  24   1              P2&=0x1f;
  25   1              if(point)
  26   1                      P0=Seg_Dula[dula]&0x7f;
  27   1              else
  28   1                      P0=Seg_Dula[dula];
  29   1              
  30   1              P2=P2&0x1f|0xe0;
  31   1              P2&=0x1f;
  32   1      
  33   1      }


MODULE INFORMATION:   STATIC OVERLAYABLE
   CODE SIZE        =     66    ----
   CONSTANT SIZE    =   ----    ----
   XDATA SIZE       =   ----    ----
   PDATA SIZE       =   ----    ----
   DATA SIZE        =     19    ----
   IDATA SIZE       =   ----    ----
   BIT SIZE         =   ----    ----
END OF MODULE INFORMATION.


C51 COMPILATION COMPLETE.  0 WARNING(S),  0 ERROR(S)
