C51 COMPILER V9.54   MAIN                                                                  04/10/2025 03:46:48 PAGE 1   


C51 COMPILER V9.54, COMPILATION OF MODULE MAIN
OBJECT MODULE PLACED IN .\Objects\main.obj
COMPILER INVOKED BY: D:\Keil_v5\C51\BIN\C51.EXE User\main.c OPTIMIZE(8,SPEED) BROWSE INCDIR(.\Driver;.\User) DEBUG OBJEC
                    -TEXTEND PRINT(.\Listings\main.lst) OBJECT(.\Objects\main.obj)

line level    source

   1          #include <STC15F2K60S2.H>
   2          #include <Init.H>
   3          #include <Seg.H>
   4          #include <Key.H>
   5          #include <Uart.H>
   6          #include <String.H>
   7          #include <Motor.H>
   8          unsigned char Key_Slow,Key_Val,Key_Old,Key_Down,Key_Up;
   9          unsigned char Seg_Slow,Seg_Pos,Seg_Buf[8]={10,10,10,10,10,10,10,10};
  10          unsigned char Uart_Buf[10]={0};
  11          unsigned char Uart_Index;
  12          unsigned char Uart_Rx_Flag;
  13          unsigned char Uart_Tick;
  14          
  15          unsigned int Frequency=1000;
  16          unsigned char DutyCycle=10;
  17          unsigned int High_Time;
  18          unsigned int Low_Time;
  19          unsigned int PWM_Time_Count;
  20          bit Signal_Level=0;
  21          
  22          void PWM_Update()
  23          {
  24   1              unsigned long Period_Xus;
  25   1              Period_Xus=1000000/Frequency;
  26   1              High_Time=(Period_Xus*(DutyCycle/100))/10;
  27   1              Low_Time=(Period_Xus-High_Time*10)/10;
  28   1              
  29   1              TR1=0;
  30   1              Motor(0);
  31   1              Signal_Level=0;
  32   1              PWM_Time_Count=0;
  33   1              TR1=1;
  34   1      }
  35          void Key_Proc()
  36          {
  37   1              if(Key_Slow)return;
  38   1              Key_Slow=1;
  39   1              
  40   1              Key_Val=Key_Read();
  41   1              Key_Down=Key_Val&(Key_Old^Key_Val);
  42   1              Key_Up=~Key_Val&(Key_Old^Key_Val);
  43   1              Key_Old=Key_Val;
  44   1              
  45   1              if(Key_Down==10)
  46   1              {
  47   2                      Frequency+=1000;
  48   2                      if(Frequency==11000)Frequency=1000;
  49   2                      PWM_Update();
  50   2              }
  51   1              else if(Key_Down==11)
  52   1              {
  53   2                      DutyCycle+=10;
  54   2                      if(DutyCycle==100)DutyCycle=10;
C51 COMPILER V9.54   MAIN                                                                  04/10/2025 03:46:48 PAGE 2   

  55   2                      printf("%bu%%",DutyCycle);
  56   2                      PWM_Update();
  57   2              }
  58   1      }
  59          void Seg_Proc()
  60          {
  61   1              if(Seg_Slow)return;
  62   1              Seg_Slow=1;
  63   1                      
  64   1              Seg_Buf[0]=11;
  65   1              Seg_Buf[1]=Seg_Buf[2]=10;
  66   1              Seg_Buf[3]=Frequency==10000?Frequency/10000%10:10;
  67   1              Seg_Buf[4]=Frequency/1000%10;
  68   1              Seg_Buf[5]=Frequency/100%10;
  69   1              Seg_Buf[6]=Frequency/10%10;
  70   1              Seg_Buf[7]=Frequency/1%10;
  71   1      }
  72          void Uart_Proc()
  73          {
  74   1              if(Uart_Index==0)return;
  75   1              if(Uart_Tick>=10)
  76   1              {
  77   2                      
  78   2                      
  79   2                      Uart_Tick=0;
  80   2                      memset(Uart_Buf,0,Uart_Index);
  81   2                      Uart_Index=0;
  82   2              }
  83   1      }
  84          void Uart1_Isr(void) interrupt 4
  85          {
  86   1              if (RI)                         //检测串口1接收中断
  87   1              {
  88   2                      Uart_Rx_Flag=1;
  89   2                      Uart_Tick=0;
  90   2                      Uart_Buf[Uart_Index++]=SBUF;
  91   2                      
  92   2                      RI = 0;                 //清除串口1接收中断请求位
  93   2                      if(Uart_Index>10)
  94   2                      {
  95   3                              Uart_Index=0;
  96   3                              memset(Uart_Buf,0,10);
  97   3                      }
  98   2              }
  99   1      }
 100          void Timer1_Init(void)          //10微秒@12.000MHz
 101          {
 102   1              AUXR &= 0xBF;                   //定时器时钟12T模式
 103   1              TMOD &= 0x0F;                   //设置定时器模式
 104   1              TL1 = 0xF6;                             //设置定时初始值
 105   1              TH1 = 0xFF;                             //设置定时初始值
 106   1              TF1 = 0;                                //清除TF1标志
 107   1              TR1 = 1;                                //定时器1开始计时
 108   1              ET1 = 1;                                //使能定时器1中断
 109   1              EA=1;
 110   1      }
 111          void Timer1_Isr(void) interrupt 3
 112          {
 113   1              PWM_Time_Count++;
 114   1              if(Signal_Level==0)
 115   1              {
 116   2                      if(PWM_Time_Count>=Low_Time)
C51 COMPILER V9.54   MAIN                                                                  04/10/2025 03:46:48 PAGE 3   

 117   2                      {
 118   3                              Motor(1);
 119   3                              Signal_Level=1;
 120   3                              PWM_Time_Count=0;
 121   3                      }
 122   2              }
 123   1              else
 124   1              {
 125   2                      if(PWM_Time_Count>=High_Time)
 126   2                      {
 127   3                              Motor(0);
 128   3                              Signal_Level=0;
 129   3                              PWM_Time_Count=0;
 130   3                      }
 131   2              }
 132   1      }
 133          void Timer0_Init(void)          //1毫秒@12.000MHz
 134          {
 135   1              AUXR &= 0x7F;                   //定时器时钟12T模式
 136   1              TMOD &= 0xF0;                   //设置定时器模式
 137   1              TL0 = 0x18;                             //设置定时初始值
 138   1              TH0 = 0xFC;                             //设置定时初始值
 139   1              TF0 = 0;                                //清除TF0标志
 140   1              TR0 = 1;                                //定时器0开始计时
 141   1              ET0 = 1;                                //使能定时器0中断
 142   1              EA=1;
 143   1      }
 144          void Timer0_Isr(void) interrupt 1
 145          {
 146   1              if(++Key_Slow==20)Key_Slow=0;
 147   1              if(++Seg_Slow==50)Seg_Slow=0;
 148   1              if(++Seg_Pos==8)Seg_Pos=0;
 149   1              if(Seg_Buf[Seg_Pos]>20)
 150   1                      Seg_Disp(Seg_Pos,Seg_Buf[Seg_Pos]-',',1);
 151   1              else
 152   1                      Seg_Disp(Seg_Pos,Seg_Buf[Seg_Pos],0);
 153   1              
 154   1              if(Uart_Rx_Flag)Uart_Tick++;
 155   1      }
 156          
 157          void main()
 158          {
 159   1              Uart1_Init();
 160   1              Sys_Init();
 161   1              PWM_Update();
 162   1              Timer1_Init();
 163   1              Timer0_Init();
 164   1              while(1)
 165   1              {
 166   2                      Key_Proc();
 167   2                      Seg_Proc();
 168   2                      Uart_Proc();
 169   2              }
 170   1      }
 171          
 172          


MODULE INFORMATION:   STATIC OVERLAYABLE
   CODE SIZE        =    787    ----
   CONSTANT SIZE    =      6    ----
   XDATA SIZE       =   ----    ----
C51 COMPILER V9.54   MAIN                                                                  04/10/2025 03:46:48 PAGE 4   

   PDATA SIZE       =   ----    ----
   DATA SIZE        =     37       4
   IDATA SIZE       =   ----    ----
   BIT SIZE         =      1    ----
END OF MODULE INFORMATION.


C51 COMPILATION COMPLETE.  0 WARNING(S),  0 ERROR(S)
