C51 COMPILER V9.54   MAIN                                                                  04/05/2025 04:13:40 PAGE 1   


C51 COMPILER V9.54, COMPILATION OF MODULE MAIN
OBJECT MODULE PLACED IN .\Objects\main.obj
COMPILER INVOKED BY: D:\Keil_v5\C51\BIN\C51.EXE User\main.c OPTIMIZE(8,SPEED) BROWSE INCDIR(.\User;.\Driver) DEBUG OBJEC
                    -TEXTEND PRINT(.\Listings\main.lst) OBJECT(.\Objects\main.obj)

line level    source

   1          /*头文件引用区域*/
   2          #include <STC15F2K60S2.H>
   3          #include <Init.H>
   4          #include <Led.H>
   5          #include <Seg.H>
   6          #include <Key.H>
   7          #include <iic.H>
   8          /*变量声明区域*/
   9          idata unsigned char Key_Slow,Key_Val,Key_Old,Key_Down,Key_Up;
  10          idata unsigned char Seg_Slow,Seg_Pos;
  11          idata unsigned char Seg_Buf[8]={10,10,10,10,10,10,10,10},Seg_Point[8]={0,0,0,0,0,0,0,0};
  12          idata unsigned char Beeper_Buf=0,Relay_Buf=0,Led_Buf[8]={0,0,0,0,0,0,0,0};
  13          
  14          idata unsigned char Seg_Show_Mode=0;//【0-湿度】【1-参数】【2-时间】
  15          
  16          idata float ADC_Rb2_Voltage;
  17          idata unsigned char Humidity;
  18          idata unsigned char Humidity_Parameter=50;
  19          
  20          idata unsigned char Interval_Time=3;
  21          idata unsigned int Time_Count;
  22          
  23          idata bit Relay_Keep_Flag=0;
  24          idata bit Relay_ON_OFF_Mode=0;//【0-停止】【1-启动】
  25          /*按键控制区域*/
  26          void Key_Proc()
  27          {
  28   1              if(Key_Slow)return;
  29   1              Key_Slow=1;
  30   1              
  31   1              Key_Val=Key_Read();
  32   1              Key_Down=Key_Val&(Key_Old^Key_Val);
  33   1              Key_Up=~Key_Val&(Key_Old^Key_Val);
  34   1              Key_Old=Key_Val;
  35   1              
  36   1              switch(Key_Down)
  37   1              {
  38   2                      case 4:
  39   2                              if(++Seg_Show_Mode==3)Seg_Show_Mode=0;
  40   2                      break;
  41   2                      case 5:
  42   2                              Relay_ON_OFF_Mode^=1;
  43   2                      break;
  44   2                      case 8:
  45   2                              if(Seg_Show_Mode==1)
  46   2                              {
  47   3                                      Humidity_Parameter-=5;
  48   3                                      if(Humidity_Parameter==25)Humidity_Parameter=90;
  49   3                              }
  50   2                              else if(Seg_Show_Mode==2)
  51   2                              {
  52   3                                      if(--Interval_Time==0)Interval_Time=10;
  53   3                              }
  54   2                      break;
C51 COMPILER V9.54   MAIN                                                                  04/05/2025 04:13:40 PAGE 2   

  55   2                      case 9:
  56   2                              if(Seg_Show_Mode==1)
  57   2                              {
  58   3                                      Humidity_Parameter+=5;
  59   3                                      if(Humidity_Parameter==95)Humidity_Parameter=30;
  60   3                              }
  61   2                              else if(Seg_Show_Mode==2)
  62   2                              {
  63   3                                      if(++Interval_Time==11)Interval_Time=1;
  64   3                              }
  65   2                      break;
  66   2              }
  67   1      }
  68          /*数码管控制区域*/
  69          void Seg_Proc()
  70          {
  71   1              if(Seg_Slow)return;
  72   1              Seg_Slow=1;
  73   1              
  74   1              ADC_Rb2_Voltage=AD_Read(0x03)/51.0;
  75   1              if(ADC_Rb2_Voltage>=1 && ADC_Rb2_Voltage<=4)
  76   1                      Humidity=(ADC_Rb2_Voltage*80-50)/3;
  77   1              else if(ADC_Rb2_Voltage<1)
  78   1                      Humidity=10;
  79   1              else if(ADC_Rb2_Voltage>4)
  80   1                      Humidity=90;
  81   1              
  82   1              
  83   1              switch(Seg_Show_Mode)
  84   1              {
  85   2                      case 0:
  86   2                              Seg_Buf[0]=11;
  87   2                              Seg_Buf[6]=Humidity<=9?10:Humidity/10%10;
  88   2                              Seg_Buf[7]=Humidity/1%10;
  89   2                      break;
  90   2                      case 1:
  91   2                              Seg_Buf[0]=12;
  92   2                              Seg_Buf[6]=Humidity_Parameter<=9?10:Humidity_Parameter/10%10;
  93   2                              Seg_Buf[7]=Humidity_Parameter/1%10;
  94   2                      break;
  95   2                      case 2:
  96   2                              Seg_Buf[0]=13;
  97   2                              Seg_Buf[6]=Interval_Time<=9?10:Interval_Time/10%10;
  98   2                              Seg_Buf[7]=Interval_Time/1%10;
  99   2                      break;
 100   2              }
 101   1      }
 102          /*Led控制区域*/
 103          void Led_Proc()
 104          {
 105   1              Beeper_Buf=0;
 106   1              Led_Buf[0]=Seg_Show_Mode==0?1:0;
 107   1              Led_Buf[1]=Seg_Show_Mode==1?1:0;
 108   1              Led_Buf[2]=Seg_Show_Mode==2?1:0;
 109   1              
 110   1              Led_Buf[7]=Relay_ON_OFF_Mode==1?1:0;
 111   1              
 112   1              if(Relay_ON_OFF_Mode==1)
 113   1              {
 114   2                      if(Humidity<Humidity_Parameter && Relay_Keep_Flag==0)
 115   2                      {       
 116   3                              Relay_Buf=1;
C51 COMPILER V9.54   MAIN                                                                  04/05/2025 04:13:40 PAGE 3   

 117   3                              Relay_Keep_Flag=1;
 118   3                      }
 119   2                      else if(Humidity>=Humidity_Parameter)
 120   2                      {
 121   3                              Relay_Buf=0;
 122   3                              Relay_Keep_Flag=0;
 123   3                      }
 124   2              }
 125   1              else
 126   1              {
 127   2                      Time_Count=0;
 128   2                      Relay_Buf=0;
 129   2                      Relay_Keep_Flag=0;
 130   2              }
 131   1      }
 132          /*定时器1区域*/
 133          void Timer1_Init(void)          //1毫秒@12.000MHz
 134          {
 135   1              AUXR &= 0xBF;                   //定时器时钟12T模式
 136   1              TMOD &= 0x0F;                   //设置定时器模式
 137   1              TL1 = 0x18;                             //设置定时初始值
 138   1              TH1 = 0xFC;                             //设置定时初始值
 139   1              TF1 = 0;                                //清除TF1标志
 140   1              TR1 = 1;                                //定时器1开始计时
 141   1              ET1 = 1;                                //使能定时器1中断
 142   1              EA=1;
 143   1      }
 144          void Timer1_Isr(void) interrupt 3
 145          {
 146   1              if(++Key_Slow==20)Key_Slow=0;
 147   1              if(++Seg_Slow==90)Seg_Slow=0;
 148   1      
 149   1              if(++Seg_Pos==8)Seg_Pos=0;
 150   1              Seg_Disp(Seg_Pos,Seg_Buf[Seg_Pos],Seg_Point[Seg_Pos]);
 151   1              Led_Disp(Seg_Pos,Led_Buf[Seg_Pos]);
 152   1              Beeper(Beeper_Buf);
 153   1              Relay(Relay_Buf);
 154   1              
 155   1              if(Relay_Buf==1)
 156   1              {
 157   2                      if(++Time_Count==Interval_Time*1000)
 158   2                      {
 159   3                              Time_Count=0;
 160   3                              Relay_Buf=0;
 161   3                      }
 162   2              }
 163   1      }
 164          /*初始化区域*/
 165          void Init_Proc()
 166          {
 167   1              Sys_Init();
 168   1              
 169   1              Timer1_Init();
 170   1      }
 171          /*主函数区域*/
 172          void main()
 173          {
 174   1              Init_Proc();
 175   1              while(1)
 176   1              {
 177   2                      Key_Proc();
 178   2                      Seg_Proc();
C51 COMPILER V9.54   MAIN                                                                  04/05/2025 04:13:40 PAGE 4   

 179   2                      Led_Proc();
 180   2              }
 181   1      }


MODULE INFORMATION:   STATIC OVERLAYABLE
   CODE SIZE        =    774    ----
   CONSTANT SIZE    =   ----    ----
   XDATA SIZE       =   ----    ----
   PDATA SIZE       =   ----    ----
   DATA SIZE        =   ----    ----
   IDATA SIZE       =     43    ----
   BIT SIZE         =      2    ----
END OF MODULE INFORMATION.


C51 COMPILATION COMPLETE.  0 WARNING(S),  0 ERROR(S)
