C51 COMPILER V9.54   LED                                                                   03/05/2025 16:53:58 PAGE 1   


C51 COMPILER V9.54, COMPILATION OF MODULE LED
OBJECT MODULE PLACED IN .\Objects\Led.obj
COMPILER INVOKED BY: D:\Keil_v5\C51\BIN\C51.EXE Driver\Led.c OPTIMIZE(8,SPEED) BROWSE INCDIR(.\Driver;.\User) DEBUG OBJE
                    -CTEXTEND PRINT(.\Listings\Led.lst) OBJECT(.\Objects\Led.obj)

line level    source

   1          #include <Led.H>
   2          
   3          void Led_Disp(unsigned char addr,enable)
   4          {
   5   1              unsigned char temp=0x00;
   6   1              unsigned char temp_old=0xff;
   7   1              
   8   1              if(enable)
   9   1                      temp|=0x01<<addr;
  10   1              else
  11   1                      temp&=~(0x01<<addr);
  12   1              
  13   1              P0=~temp;
  14   1              P2=P2&0x1f|0x80;
  15   1              P2&=0x1f;
  16   1              temp_old=temp;  
  17   1      }
  18          


MODULE INFORMATION:   STATIC OVERLAYABLE
   CODE SIZE        =     53    ----
   CONSTANT SIZE    =   ----    ----
   XDATA SIZE       =   ----    ----
   PDATA SIZE       =   ----    ----
   DATA SIZE        =   ----    ----
   IDATA SIZE       =   ----    ----
   BIT SIZE         =   ----    ----
END OF MODULE INFORMATION.


C51 COMPILATION COMPLETE.  0 WARNING(S),  0 ERROR(S)
