C51 COMPILER V9.54   MAIN                                                                  03/05/2025 16:53:58 PAGE 1   


C51 COMPILER V9.54, COMPILATION OF MODULE MAIN
OBJECT MODULE PLACED IN .\Objects\main.obj
COMPILER INVOKED BY: D:\Keil_v5\C51\BIN\C51.EXE User\main.c OPTIMIZE(8,SPEED) BROWSE INCDIR(.\Driver;.\User) DEBUG OBJEC
                    -TEXTEND PRINT(.\Listings\main.lst) OBJECT(.\Objects\main.obj)

line level    source

   1          /*头文件引用区域*/
   2          #include <STC15F2K60S2.H>
   3          #include <Init.H>
   4          #include <Key.H>
   5          #include <Led.H>
   6          #include <Seg.H>
   7          #include <Uart.H>
   8          #include <stdio.H>
   9          /*变量声明区域*/
  10          unsigned char Key_Slow;
  11          unsigned char Key_Val,Key_Down,Key_Up,Key_Old;
  12          unsigned char Seg_Slow;
  13          unsigned char Seg_Pos;
  14          unsigned char Seg_Buf[8]={10,10,10,10,10,10,10,10};
  15          unsigned char Seg_Point[8]={0,0,0,0,0,0,0,0};
  16          unsigned char Led_Buf[8]={0,0,0,0,0,0,0,0};
  17          
  18          unsigned char Uart_Slow;
  19          unsigned char Uart_Recv_Index=0;
  20          unsigned char Uart_Recv[10];
  21          unsigned char Uart_Send[20];
  22          unsigned char PC_Data_Num;
  23          unsigned char User;
  24          /*按键控制区域*/
  25          void Key_Proc()
  26          {
  27   1              if(Key_Slow)return;
  28   1              Key_Slow=1;
  29   1              
  30   1              Key_Val=Key_Read();
  31   1              Key_Down=Key_Val&(Key_Old^Key_Val);
  32   1              Key_Up=~Key_Val&(Key_Old^Key_Val);
  33   1              Key_Old=Key_Val;
  34   1              
  35   1              switch(Key_Down)
  36   1              {
  37   2                      case 4:
  38   2                              sprintf(Uart_Send,"Hi！用户%03d\r\n",(unsigned int)User);
  39   2                              Uart_Send_String(Uart_Send);
  40   2                              User++;
  41   2                      break;
  42   2                      case 5:
  43   2                              
  44   2                      break;
  45   2              }
  46   1      }
  47          /*数码管显示区域*/
  48          void Seg_Proc()
  49          {
  50   1              if(Seg_Slow)return;
  51   1              Seg_Slow=1;
  52   1              
  53   1              Seg_Buf[0]=PC_Data_Num/10;
  54   1              Seg_Buf[1]=PC_Data_Num%10;
C51 COMPILER V9.54   MAIN                                                                  03/05/2025 16:53:58 PAGE 2   

  55   1              
  56   1              Seg_Point[4]=1;
  57   1      }
  58          /*Led显示区域*/
  59          void Led_Proc()
  60          {
  61   1      
  62   1      }
  63          /*串口区域*/
  64          void Uart_Proc()
  65          {
  66   1              if(Uart_Slow)return;
  67   1              Uart_Slow=1;
  68   1              
  69   1              if(Uart_Recv_Index==1)
  70   1              {
  71   2                      PC_Data_Num=Uart_Recv[0]-48;//"-48":ASCII码//PC写多少MCU读多少
  72   2                      Uart_Recv_Index=0;
  73   2              }
  74   1              if(Uart_Recv_Index==6)
  75   1              {
  76   2                      if(Uart_Recv[0]=='L' && Uart_Recv[1]=='e' && Uart_Recv[2]=='d' && Uart_Recv[4]=='=')
  77   2                      {
  78   3                              Led_Buf[Uart_Recv[3]-48]=Uart_Recv[5]-48;
  79   3                      }
  80   2                      Uart_Recv_Index=0;
  81   2              }
  82   1              
  83   1      }
  84          /*定时器0区域*/
  85          void Timer0_Init(void)          //1毫秒@12.000MHz
  86          {
  87   1              AUXR &= 0x7F;                   //定时器时钟12T模式
  88   1              TMOD &= 0xF0;                   //设置定时器模式
  89   1              TL0 = 0x18;                             //设置定时初始值
  90   1              TH0 = 0xFC;                             //设置定时初始值
  91   1              TF0 = 0;                                //清除TF0标志
  92   1              TR0 = 1;                                //定时器0开始计时
  93   1              ET0 = 1;                                //使能定时器0中断
  94   1              EA=1;
  95   1      }
  96          void Timer0_Isr(void) interrupt 1
  97          {
  98   1              if(++Key_Slow==20)Key_Slow=0;
  99   1              if(++Seg_Slow==500)Seg_Slow=0;
 100   1              if(++Uart_Slow==200)Uart_Slow=0;
 101   1              
 102   1              if(++Seg_Pos==8)Seg_Pos=0;
 103   1              Seg_Disp(Seg_Pos,Seg_Buf[Seg_Pos],Seg_Point[Seg_Pos]);
 104   1              Led_Disp(Seg_Pos,Led_Buf[Seg_Pos]);
 105   1      }
 106          /*串口1中断区域*/
 107          void Uart1_Isr(void) interrupt 4
 108          {
 109   1              if (RI==1)                              //检测串口1接收中断
 110   1              {
 111   2                      Uart_Recv[Uart_Recv_Index]=SBUF;
 112   2                      Uart_Recv_Index++;
 113   2                      RI = 0;                 //清除串口1接收中断请求位
 114   2              }
 115   1      }
 116          
C51 COMPILER V9.54   MAIN                                                                  03/05/2025 16:53:58 PAGE 3   

 117          /*初始化区域*/
 118          void Init_Proc()
 119          {
 120   1              Sys_Init();
 121   1              Timer0_Init();
 122   1              Uart1_Init();
 123   1              User=1;
 124   1              Uart_Send_String("Hello\r\n");
 125   1      }
 126          /*主函数区域*/
 127          void main()
 128          {
 129   1              Init_Proc();
 130   1              while(1)
 131   1              {
 132   2                      Key_Proc();
 133   2                      Seg_Proc();
 134   2                      Led_Proc();
 135   2                      Uart_Proc();
 136   2              }
 137   1      }


MODULE INFORMATION:   STATIC OVERLAYABLE
   CODE SIZE        =    390    ----
   CONSTANT SIZE    =     23    ----
   XDATA SIZE       =   ----    ----
   PDATA SIZE       =   ----    ----
   DATA SIZE        =     65    ----
   IDATA SIZE       =   ----    ----
   BIT SIZE         =   ----    ----
END OF MODULE INFORMATION.


C51 COMPILATION COMPLETE.  0 WARNING(S),  0 ERROR(S)
