BL51 BANKED LINKER/LOCATER V6.22                                                        03/05/2025  16:53:58  PAGE 1


BL51 BANKED LINKER/LOCATER V6.22, INVOKED BY:
D:\KEIL_V5\C51\BIN\BL51.EXE .\Objects\Init.obj, .\Objects\Key.obj, .\Objects\Led.obj, .\Objects\Seg.obj, .\Objects\Uart.
>> obj, .\Objects\main.obj TO .\Objects\Usart PRINT (.\Listings\Usart.m51) RAMSIZE (256)


MEMORY MODEL: SMALL


INPUT MODULES INCLUDED:
  .\Objects\Init.obj (INIT)
  .\Objects\Key.obj (KEY)
  .\Objects\Led.obj (LED)
  .\Objects\Seg.obj (SEG)
  .\Objects\Uart.obj (UART)
  .\Objects\main.obj (MAIN)
  D:\KEIL_V5\C51\LIB\C51S.LIB (?C_STARTUP)
  D:\KEIL_V5\C51\LIB\C51S.LIB (?C?CLDPTR)
  D:\KEIL_V5\C51\LIB\C51S.LIB (PRINTF)
  D:\KEIL_V5\C51\LIB\C51S.LIB (?C_INIT)
  D:\KEIL_V5\C51\LIB\C51S.LIB (?C?CLDOPTR)
  D:\KEIL_V5\C51\LIB\C51S.LIB (?C?CSTPTR)
  D:\KEIL_V5\C51\LIB\C51S.LIB (?C?PLDIIDATA)
  D:\KEIL_V5\C51\LIB\C51S.LIB (?C?CCASE)
  D:\KEIL_V5\C51\LIB\C51S.LIB (PUTCHAR)


LINK MAP OF MODULE:  .\Objects\Usart (INIT)


            TYPE    BASE      LENGTH    RELOCATION   SEGMENT NAME
            -----------------------------------------------------

            * * * * * * *   D A T A   M E M O R Y   * * * * * * *
            REG     0000H     0008H     ABSOLUTE     "REG BANK 0"
            DATA    0008H     0014H     UNIT         _DATA_GROUP_
                    001CH     0004H                  *** GAP ***
            BIT     0020H.0   0001H.1   UNIT         _BIT_GROUP_
                    0021H.1   0000H.7                *** GAP ***
            DATA    0022H     0041H     UNIT         ?DT?MAIN
            DATA    0063H     0013H     UNIT         ?DT?SEG
            IDATA   0076H     0001H     UNIT         ?STACK

            * * * * * * *   C O D E   M E M O R Y   * * * * * * *
            CODE    0000H     0003H     ABSOLUTE     
            CODE    0003H     0008H     UNIT         ?PR?_UART_SEND_BYTE?UART
            CODE    000BH     0003H     ABSOLUTE     
            CODE    000EH     0015H     UNIT         ?PR?TIMER0_INIT?MAIN
            CODE    0023H     0003H     ABSOLUTE     
            CODE    0026H     035CH     UNIT         ?PR?PRINTF?PRINTF
            CODE    0382H     008EH     UNIT         ?C?LIB_CODE
            CODE    0410H     008CH     UNIT         ?C_C51STARTUP
            CODE    049CH     008AH     UNIT         ?PR?TIMER0_ISR?MAIN
            CODE    0526H     0073H     UNIT         ?PR?KEY_READ?KEY
            CODE    0599H     0048H     UNIT         ?PR?KEY_PROC?MAIN
            CODE    05E1H     0042H     UNIT         ?PR?_SEG_DISP?SEG
            CODE    0623H     003EH     UNIT         ?PR?UART_PROC?MAIN
            CODE    0661H     0039H     UNIT         ?C_INITSEG
            CODE    069AH     0035H     UNIT         ?PR?_LED_DISP?LED
BL51 BANKED LINKER/LOCATER V6.22                                                      03/05/2025  16:53:58  PAGE 2


            CODE    06CFH     0027H     UNIT         ?PR?PUTCHAR?PUTCHAR
            CODE    06F6H     0025H     UNIT         ?PR?_UART_SEND_STRING?UART
            CODE    071BH     001EH     UNIT         ?PR?UART1_ISR?MAIN
            CODE    0739H     001DH     UNIT         ?PR?SYS_INIT?INIT
            CODE    0756H     001CH     UNIT         ?PR?SEG_PROC?MAIN
            CODE    0772H     0017H     UNIT         ?PR?UART1_INIT?UART
            CODE    0789H     0017H     UNIT         ?CO?MAIN
            CODE    07A0H     0015H     UNIT         ?PR?INIT_PROC?MAIN
            CODE    07B5H     0011H     UNIT         ?PR?MAIN?MAIN
            CODE    07C6H     0001H     UNIT         ?PR?LED_PROC?MAIN



OVERLAY MAP OF MODULE:   .\Objects\Usart (INIT)


SEGMENT                               BIT_GROUP          DATA_GROUP 
  +--> CALLED SEGMENT              START    LENGTH     START    LENGTH
----------------------------------------------------------------------
?PR?TIMER0_ISR?MAIN                -----    -----      -----    -----
  +--> ?PR?_SEG_DISP?SEG
  +--> ?PR?_LED_DISP?LED

*** NEW ROOT ***************************************************

?C_C51STARTUP                      -----    -----      -----    -----
  +--> ?PR?MAIN?MAIN
  +--> ?C_INITSEG

?PR?MAIN?MAIN                      -----    -----      -----    -----
  +--> ?PR?INIT_PROC?MAIN
  +--> ?PR?KEY_PROC?MAIN
  +--> ?PR?SEG_PROC?MAIN
  +--> ?PR?LED_PROC?MAIN
  +--> ?PR?UART_PROC?MAIN

?PR?INIT_PROC?MAIN                 -----    -----      -----    -----
  +--> ?PR?SYS_INIT?INIT
  +--> ?PR?TIMER0_INIT?MAIN
  +--> ?PR?UART1_INIT?UART
  +--> ?CO?MAIN
  +--> ?PR?_UART_SEND_STRING?UART

?PR?_UART_SEND_STRING?UART         -----    -----      0008H    0003H
  +--> ?PR?_UART_SEND_BYTE?UART

?PR?KEY_PROC?MAIN                  -----    -----      -----    -----
  +--> ?PR?KEY_READ?KEY
  +--> ?CO?MAIN
  +--> ?PR?PRINTF?PRINTF
  +--> ?PR?_UART_SEND_STRING?UART

?PR?PRINTF?PRINTF                  0020H.0  0001H.1    0008H    0014H
  +--> ?PR?PUTCHAR?PUTCHAR



BL51 BANKED LINKER/LOCATER V6.22                                                      03/05/2025  16:53:58  PAGE 3


SYMBOL TABLE OF MODULE:  .\Objects\Usart (INIT)

  VALUE           TYPE          NAME
  ----------------------------------

  -------         MODULE        INIT
  C:0000H         SYMBOL        _ICE_DUMMY_
  D:0080H         PUBLIC        P0
  D:0090H         PUBLIC        P1
  D:00A0H         PUBLIC        P2
  D:00B0H         PUBLIC        P3
  D:00C0H         PUBLIC        P4
  D:00C8H         PUBLIC        P5
  D:00E8H         PUBLIC        P6
  D:00F8H         PUBLIC        P7
  D:00A8H         PUBLIC        IE
  D:00B8H         PUBLIC        IP
  D:00D8H         PUBLIC        CCON
  D:0098H         PUBLIC        SCON
  D:0088H         PUBLIC        TCON
  C:0739H         PUBLIC        Sys_Init
  D:00D0H         PUBLIC        PSW
  -------         PROC          SYS_INIT
  C:0739H         LINE#         3
  C:0739H         LINE#         4
  C:0739H         LINE#         5
  C:073CH         LINE#         6
  C:0744H         LINE#         7
  C:0747H         LINE#         9
  C:074AH         LINE#         10
  C:0752H         LINE#         11
  C:0755H         LINE#         12
  -------         ENDPROC       SYS_INIT
  -------         ENDMOD        INIT

  -------         MODULE        KEY
  C:0000H         SYMBOL        _ICE_DUMMY_
  D:0080H         PUBLIC        P0
  D:0090H         PUBLIC        P1
  D:00A0H         PUBLIC        P2
  D:00B0H         PUBLIC        P3
  D:00C0H         PUBLIC        P4
  D:00C8H         PUBLIC        P5
  D:00E8H         PUBLIC        P6
  D:00F8H         PUBLIC        P7
  C:0526H         PUBLIC        Key_Read
  D:00A8H         PUBLIC        IE
  D:00B8H         PUBLIC        IP
  D:00D8H         PUBLIC        CCON
  B:00B0H.0       PUBLIC        P30
  B:00B0H.1       PUBLIC        P31
  D:0098H         PUBLIC        SCON
  B:00B0H.2       PUBLIC        P32
  D:0088H         PUBLIC        TCON
  B:00C0H.2       PUBLIC        P42
  B:00B0H.3       PUBLIC        P33
  B:00B0H.4       PUBLIC        P34
BL51 BANKED LINKER/LOCATER V6.22                                                      03/05/2025  16:53:58  PAGE 4


  B:00C0H.4       PUBLIC        P44
  B:00B0H.5       PUBLIC        P35
  D:00D0H         PUBLIC        PSW
  -------         PROC          KEY_READ
  -------         DO            
  D:0007H         SYMBOL        temp
  -------         ENDDO         
  C:0526H         LINE#         2
  C:0526H         LINE#         3
  C:0526H         LINE#         4
  C:0528H         LINE#         6
  C:0530H         LINE#         7
  C:0535H         LINE#         8
  C:053AH         LINE#         9
  C:053FH         LINE#         10
  C:0544H         LINE#         12
  C:054CH         LINE#         13
  C:0551H         LINE#         14
  C:0556H         LINE#         15
  C:055BH         LINE#         16
  C:0560H         LINE#         18
  C:0568H         LINE#         19
  C:056DH         LINE#         20
  C:0572H         LINE#         21
  C:0577H         LINE#         22
  C:057CH         LINE#         24
  C:0584H         LINE#         25
  C:0589H         LINE#         26
  C:058EH         LINE#         27
  C:0593H         LINE#         28
  C:0598H         LINE#         30
  C:0598H         LINE#         31
  -------         ENDPROC       KEY_READ
  -------         ENDMOD        KEY

  -------         MODULE        LED
  C:0000H         SYMBOL        _ICE_DUMMY_
  D:0080H         PUBLIC        P0
  D:0090H         PUBLIC        P1
  D:00A0H         PUBLIC        P2
  D:00B0H         PUBLIC        P3
  D:00C0H         PUBLIC        P4
  D:00C8H         PUBLIC        P5
  D:00E8H         PUBLIC        P6
  D:00F8H         PUBLIC        P7
  C:069AH         PUBLIC        _Led_Disp
  D:00A8H         PUBLIC        IE
  D:00B8H         PUBLIC        IP
  D:00D8H         PUBLIC        CCON
  D:0098H         PUBLIC        SCON
  D:0088H         PUBLIC        TCON
  D:00D0H         PUBLIC        PSW
  -------         PROC          _LED_DISP
  D:0007H         SYMBOL        addr
  D:0004H         SYMBOL        enable
  -------         DO            
  D:0006H         SYMBOL        temp
BL51 BANKED LINKER/LOCATER V6.22                                                      03/05/2025  16:53:58  PAGE 5


  D:0003H         SYMBOL        temp_old
  -------         ENDDO         
  C:069AH         LINE#         3
  C:069AH         LINE#         4
  C:069AH         LINE#         5
  C:069CH         LINE#         6
  C:069EH         LINE#         8
  C:06A2H         LINE#         9
  C:06B1H         LINE#         11
  C:06BFH         LINE#         13
  C:06C3H         LINE#         14
  C:06CBH         LINE#         15
  C:06CEH         LINE#         16
  C:06CEH         LINE#         17
  -------         ENDPROC       _LED_DISP
  -------         ENDMOD        LED

  -------         MODULE        SEG
  C:0000H         SYMBOL        _ICE_DUMMY_
  D:0080H         PUBLIC        P0
  D:0090H         PUBLIC        P1
  D:00A0H         PUBLIC        P2
  D:00B0H         PUBLIC        P3
  D:00C0H         PUBLIC        P4
  D:00C8H         PUBLIC        P5
  D:00E8H         PUBLIC        P6
  D:00F8H         PUBLIC        P7
  D:0063H         PUBLIC        Seg_Dula
  D:006EH         PUBLIC        Seg_Wela
  D:00A8H         PUBLIC        IE
  C:05E1H         PUBLIC        _Seg_Disp
  D:00B8H         PUBLIC        IP
  D:00D8H         PUBLIC        CCON
  D:0098H         PUBLIC        SCON
  D:0088H         PUBLIC        TCON
  D:00D0H         PUBLIC        PSW
  -------         PROC          _SEG_DISP
  D:0007H         SYMBOL        wela
  D:0004H         SYMBOL        dula
  D:0002H         SYMBOL        point
  C:05E1H         LINE#         18
  C:05E1H         LINE#         19
  C:05E1H         LINE#         20
  C:05E4H         LINE#         21
  C:05ECH         LINE#         22
  C:05EFH         LINE#         24
  C:05F6H         LINE#         25
  C:05FEH         LINE#         26
  C:0601H         LINE#         28
  C:0605H         LINE#         29
  C:0610H         LINE#         31
  C:0617H         LINE#         32
  C:061FH         LINE#         33
  C:0622H         LINE#         34
  -------         ENDPROC       _SEG_DISP
  -------         ENDMOD        SEG

BL51 BANKED LINKER/LOCATER V6.22                                                      03/05/2025  16:53:58  PAGE 6


  -------         MODULE        UART
  C:0000H         SYMBOL        _ICE_DUMMY_
  D:0080H         PUBLIC        P0
  D:0090H         PUBLIC        P1
  C:0003H         PUBLIC        _Uart_Send_Byte
  D:00A0H         PUBLIC        P2
  D:00B0H         PUBLIC        P3
  D:00C0H         PUBLIC        P4
  D:00C8H         PUBLIC        P5
  D:00E8H         PUBLIC        P6
  B:00A8H.7       PUBLIC        EA
  D:00F8H         PUBLIC        P7
  D:00A8H         PUBLIC        IE
  B:00A8H.4       PUBLIC        ES
  D:00B8H         PUBLIC        IP
  B:0098H.1       PUBLIC        TI
  D:00D8H         PUBLIC        CCON
  D:0099H         PUBLIC        SBUF
  D:0098H         PUBLIC        SCON
  D:0088H         PUBLIC        TCON
  D:008EH         PUBLIC        AUXR
  C:0772H         PUBLIC        Uart1_Init
  D:00D6H         PUBLIC        T2H
  D:00D7H         PUBLIC        T2L
  C:06F6H         PUBLIC        _Uart_Send_String
  D:00D0H         PUBLIC        PSW
  -------         PROC          UART1_INIT
  C:0772H         LINE#         2
  C:0772H         LINE#         3
  C:0772H         LINE#         4
  C:0775H         LINE#         5
  C:0778H         LINE#         6
  C:077BH         LINE#         7
  C:077EH         LINE#         8
  C:0781H         LINE#         9
  C:0784H         LINE#         10
  C:0786H         LINE#         11
  C:0788H         LINE#         12
  -------         ENDPROC       UART1_INIT
  -------         PROC          _UART_SEND_BYTE
  D:0007H         SYMBOL        dat
  C:0003H         LINE#         13
  C:0003H         LINE#         14
  C:0003H         LINE#         15
  C:0005H         LINE#         16
  C:0008H         LINE#         17
  C:000AH         LINE#         18
  -------         ENDPROC       _UART_SEND_BYTE
  -------         PROC          _UART_SEND_STRING
  D:0008H         SYMBOL        dat
  C:06F6H         LINE#         19
  C:06FCH         LINE#         20
  C:06FCH         LINE#         21
  C:0707H         LINE#         22
  C:071AH         LINE#         23
  -------         ENDPROC       _UART_SEND_STRING
  -------         ENDMOD        UART
BL51 BANKED LINKER/LOCATER V6.22                                                      03/05/2025  16:53:58  PAGE 7



  -------         MODULE        MAIN
  C:0000H         SYMBOL        _ICE_DUMMY_
  D:0080H         PUBLIC        P0
  D:0090H         PUBLIC        P1
  D:0022H         PUBLIC        PC_Data_Num
  D:00A0H         PUBLIC        P2
  D:00B0H         PUBLIC        P3
  D:00C0H         PUBLIC        P4
  D:00C8H         PUBLIC        P5
  D:00E8H         PUBLIC        P6
  B:00A8H.7       PUBLIC        EA
  D:00F8H         PUBLIC        P7
  D:0023H         PUBLIC        Uart_Send
  C:07A0H         PUBLIC        Init_Proc
  C:07C6H         PUBLIC        Led_Proc
  D:0037H         PUBLIC        Seg_Point
  D:00A8H         PUBLIC        IE
  D:003FH         PUBLIC        Uart_Recv
  C:0623H         PUBLIC        Uart_Proc
  D:0049H         PUBLIC        Led_Buf
  C:0756H         PUBLIC        Seg_Proc
  D:00B8H         PUBLIC        IP
  B:0098H.0       PUBLIC        RI
  D:0051H         PUBLIC        Seg_Buf
  C:0599H         PUBLIC        Key_Proc
  D:0059H         PUBLIC        User
  D:00D8H         PUBLIC        CCON
  D:005AH         PUBLIC        Key_Down
  D:005BH         PUBLIC        Uart_Slow
  C:07B5H         PUBLIC        main
  D:005CH         PUBLIC        Seg_Slow
  C:000EH         PUBLIC        Timer0_Init
  D:005DH         PUBLIC        Key_Old
  D:005EH         PUBLIC        Key_Val
  D:0099H         PUBLIC        SBUF
  D:005FH         PUBLIC        Key_Slow
  D:0060H         PUBLIC        Seg_Pos
  D:0098H         PUBLIC        SCON
  D:0089H         PUBLIC        TMOD
  D:0088H         PUBLIC        TCON
  D:008EH         PUBLIC        AUXR
  C:049CH         PUBLIC        Timer0_Isr
  B:00A8H.1       PUBLIC        ET0
  B:0088H.5       PUBLIC        TF0
  D:008CH         PUBLIC        TH0
  D:0061H         PUBLIC        Key_Up
  D:008AH         PUBLIC        TL0
  B:0088H.4       PUBLIC        TR0
  C:071BH         PUBLIC        Uart1_Isr
  D:0062H         PUBLIC        Uart_Recv_Index
  D:00D0H         PUBLIC        PSW
  -------         PROC          KEY_PROC
  C:0599H         LINE#         25
  C:0599H         LINE#         26
  C:0599H         LINE#         27
  C:059DH         LINE#         28
BL51 BANKED LINKER/LOCATER V6.22                                                      03/05/2025  16:53:58  PAGE 8


  C:05A0H         LINE#         30
  C:05A5H         LINE#         31
  C:05AEH         LINE#         32
  C:05B4H         LINE#         33
  C:05B7H         LINE#         35
  C:05BDH         LINE#         36
  C:05BDH         LINE#         37
  C:05BDH         LINE#         38
  C:05D5H         LINE#         39
  C:05DEH         LINE#         40
  C:05E0H         LINE#         41
  C:05E0H         LINE#         42
  C:05E0H         LINE#         44
  C:05E0H         LINE#         45
  C:05E0H         LINE#         46
  -------         ENDPROC       KEY_PROC
  -------         PROC          SEG_PROC
  C:0756H         LINE#         48
  C:0756H         LINE#         49
  C:0756H         LINE#         50
  C:075AH         LINE#         51
  C:075DH         LINE#         53
  C:0765H         LINE#         54
  C:076EH         LINE#         56
  C:0771H         LINE#         57
  -------         ENDPROC       SEG_PROC
  -------         PROC          LED_PROC
  C:07C6H         LINE#         59
  C:07C6H         LINE#         60
  C:07C6H         LINE#         62
  -------         ENDPROC       LED_PROC
  -------         PROC          UART_PROC
  C:0623H         LINE#         64
  C:0623H         LINE#         65
  C:0623H         LINE#         66
  C:0627H         LINE#         67
  C:062AH         LINE#         69
  C:062FH         LINE#         70
  C:062FH         LINE#         71
  C:0635H         LINE#         72
  C:0638H         LINE#         73
  C:0638H         LINE#         74
  C:063DH         LINE#         75
  C:063DH         LINE#         76
  C:0651H         LINE#         77
  C:0651H         LINE#         78
  C:065DH         LINE#         79
  C:065DH         LINE#         80
  C:0660H         LINE#         81
  C:0660H         LINE#         83
  -------         ENDPROC       UART_PROC
  -------         PROC          TIMER0_INIT
  C:000EH         LINE#         85
  C:000EH         LINE#         86
  C:000EH         LINE#         87
  C:0011H         LINE#         88
  C:0014H         LINE#         89
BL51 BANKED LINKER/LOCATER V6.22                                                      03/05/2025  16:53:58  PAGE 9


  C:0017H         LINE#         90
  C:001AH         LINE#         91
  C:001CH         LINE#         92
  C:001EH         LINE#         93
  C:0020H         LINE#         94
  C:0022H         LINE#         95
  -------         ENDPROC       TIMER0_INIT
  -------         PROC          TIMER0_ISR
  C:049CH         LINE#         96
  C:04B9H         LINE#         98
  C:04C3H         LINE#         99
  C:04D2H         LINE#         100
  C:04DCH         LINE#         102
  C:04E6H         LINE#         103
  C:04FDH         LINE#         104
  C:050BH         LINE#         105
  -------         ENDPROC       TIMER0_ISR
  -------         PROC          UART1_ISR
  C:071BH         LINE#         107
  C:0724H         LINE#         109
  C:0727H         LINE#         110
  C:0727H         LINE#         111
  C:072EH         LINE#         112
  C:0730H         LINE#         113
  C:0732H         LINE#         114
  C:0732H         LINE#         115
  -------         ENDPROC       UART1_ISR
  -------         PROC          INIT_PROC
  C:07A0H         LINE#         118
  C:07A0H         LINE#         119
  C:07A0H         LINE#         120
  C:07A3H         LINE#         121
  C:07A6H         LINE#         122
  C:07A9H         LINE#         123
  C:07ACH         LINE#         124
  -------         ENDPROC       INIT_PROC
  -------         PROC          MAIN
  C:07B5H         LINE#         127
  C:07B5H         LINE#         128
  C:07B5H         LINE#         129
  C:07B8H         LINE#         130
  C:07B8H         LINE#         131
  C:07B8H         LINE#         132
  C:07BBH         LINE#         133
  C:07BEH         LINE#         134
  C:07C1H         LINE#         135
  C:07C4H         LINE#         136
  -------         ENDPROC       MAIN
  -------         ENDMOD        MAIN

  -------         MODULE        ?C?CLDPTR
  C:0382H         PUBLIC        ?C?CLDPTR
  -------         ENDMOD        ?C?CLDPTR

  -------         MODULE        PRINTF
  D:0008H         PUBLIC        ?_PRINTF517?BYTE
  D:0008H         PUBLIC        ?_PRINTF?BYTE
BL51 BANKED LINKER/LOCATER V6.22                                                      03/05/2025  16:53:58  PAGE 10


  D:0008H         PUBLIC        ?_SPRINTF517?BYTE
  D:0008H         PUBLIC        ?_SPRINTF?BYTE
  C:0088H         PUBLIC        _PRINTF
  C:0088H         PUBLIC        _PRINTF517
  C:0082H         PUBLIC        _SPRINTF
  C:0082H         PUBLIC        _SPRINTF517
  -------         ENDMOD        PRINTF

  -------         MODULE        ?C?CLDOPTR
  C:039BH         PUBLIC        ?C?CLDOPTR
  -------         ENDMOD        ?C?CLDOPTR

  -------         MODULE        ?C?CSTPTR
  C:03C8H         PUBLIC        ?C?CSTPTR
  -------         ENDMOD        ?C?CSTPTR

  -------         MODULE        ?C?PLDIIDATA
  C:03DAH         PUBLIC        ?C?PLDIIDATA
  -------         ENDMOD        ?C?PLDIIDATA

  -------         MODULE        ?C?CCASE
  C:03EAH         PUBLIC        ?C?CCASE
  -------         ENDMOD        ?C?CCASE

  -------         MODULE        PUTCHAR
  C:06CFH         PUBLIC        _PUTCHAR
  -------         ENDMOD        PUTCHAR

Program Size: data=114.1 xdata=0 code=1991
LINK/LOCATE RUN COMPLETE.  0 WARNING(S),  0 ERROR(S)
