C51 COMPILER V9.54   KEY                                                                   05/12/2025 20:16:58 PAGE 1   


C51 COMPILER V9.54, COMPILATION OF MODULE KEY
OBJECT MODULE PLACED IN .\Objects\key.obj
COMPILER INVOKED BY: D:\Keil_v5\C51\BIN\C51.EXE ..\Source\Driver\key.c OPTIMIZE(8,SPEED) BROWSE INCDIR(..\Source\Driver;
                    -..\Source\User) DEBUG OBJECTEXTEND PRINT(.\Listings\key.lst) OBJECT(.\Objects\key.obj)

line level    source

   1          #include <key.H>
   2          unsigned char key_read(void)
   3          {
   4   1              unsigned char temp=0;
   5   1              if(P33==0)temp=4;
   6   1              if(P32==0)temp=5;
   7   1              if(P31==0)temp=6;
   8   1              if(P30==0)temp=7;
   9   1              return temp;
  10   1      }


MODULE INFORMATION:   STATIC OVERLAYABLE
   CODE SIZE        =     23    ----
   CONSTANT SIZE    =   ----    ----
   XDATA SIZE       =   ----    ----
   PDATA SIZE       =   ----    ----
   DATA SIZE        =   ----    ----
   IDATA SIZE       =   ----    ----
   BIT SIZE         =   ----    ----
END OF MODULE INFORMATION.


C51 COMPILATION COMPLETE.  0 WARNING(S),  0 ERROR(S)
