C51 COMPILER V9.54   LED                                                                   05/12/2025 20:16:58 PAGE 1   


C51 COMPILER V9.54, COMPILATION OF MODULE LED
OBJECT MODULE PLACED IN .\Objects\led.obj
COMPILER INVOKED BY: D:\Keil_v5\C51\BIN\C51.EXE ..\Source\Driver\led.c OPTIMIZE(8,SPEED) BROWSE INCDIR(..\Source\Driver;
                    -..\Source\User) DEBUG OBJECTEXTEND PRINT(.\Listings\led.lst) OBJECT(.\Objects\led.obj)

line level    source

   1          #include <led.H>
   2          unsigned char led=0x00;
   3          unsigned char led_old=0xff;
   4          void led_disp(unsigned char *pucLed)
   5          {
   6   1              unsigned char temp;
   7   1              led=0x00;
   8   1              led=(pucLed[0]<<0)|(pucLed[1]<<1)|(pucLed[2]<<2)|(pucLed[3]<<3)|
   9   1                      (pucLed[4]<<4)|(pucLed[5]<<5)|(pucLed[6]<<6)|(pucLed[7]<<7);
  10   1              
  11   1              if(led!=led_old)
  12   1              {
  13   2                      P0=~led;
  14   2                      temp=P2&0x1f;
  15   2                      temp=temp|0x80;
  16   2                      P2=temp;
  17   2                      temp=P2&0x1f;
  18   2                      P2=temp;
  19   2                      
  20   2                      led_old=led;
  21   2              }
  22   1      }       
  23          
  24          unsigned char brm=0x00;
  25          unsigned char brm_old=0xff;
  26          void relay(bit enable)
  27          {
  28   1              unsigned char temp;
  29   1      
  30   1              if(enable)
  31   1                      brm|=0x10;
  32   1              else
  33   1                      brm&=~(0x10);
  34   1              
  35   1              if(brm!=brm_old)
  36   1              {
  37   2                      P0=brm;
  38   2                      temp=P2&0x1f;
  39   2                      temp=temp|0xa0;
  40   2                      P2=temp;
  41   2                      temp=P2&0x1f;
  42   2                      P2=temp;
  43   2                      
  44   2                      brm_old=brm;
  45   2              }
  46   1      }       
  47          void motor(bit enable)
  48          {
  49   1              unsigned char temp;
  50   1      
  51   1              if(enable)
  52   1                      brm|=0x20;
  53   1              else
  54   1                      brm&=~(0x20);
C51 COMPILER V9.54   LED                                                                   05/12/2025 20:16:58 PAGE 2   

  55   1              
  56   1              if(brm!=brm_old)
  57   1              {
  58   2                      P0=brm;
  59   2                      temp=P2&0x1f;
  60   2                      temp=temp|0xa0;
  61   2                      P2=temp;
  62   2                      temp=P2&0x1f;
  63   2                      P2=temp;
  64   2                      
  65   2                      brm_old=brm;
  66   2              }
  67   1      }       


MODULE INFORMATION:   STATIC OVERLAYABLE
   CODE SIZE        =    202    ----
   CONSTANT SIZE    =   ----    ----
   XDATA SIZE       =   ----    ----
   PDATA SIZE       =   ----    ----
   DATA SIZE        =      4    ----
   IDATA SIZE       =   ----    ----
   BIT SIZE         =   ----       2
END OF MODULE INFORMATION.


C51 COMPILATION COMPLETE.  0 WARNING(S),  0 ERROR(S)
