C51 COMPILER V9.54   MAIN                                                                  05/12/2025 20:16:58 PAGE 1   


C51 COMPILER V9.54, COMPILATION OF MODULE MAIN
OBJECT MODULE PLACED IN .\Objects\main.obj
COMPILER INVOKED BY: D:\Keil_v5\C51\BIN\C51.EXE ..\Source\User\main.c OPTIMIZE(8,SPEED) BROWSE INCDIR(..\Source\Driver;.
                    -.\Source\User) DEBUG OBJECTEXTEND PRINT(.\Listings\main.lst) OBJECT(.\Objects\main.obj)

line level    source

   1          /*头文件引用区域*/
   2          #include <STC15F2K60S2.H>
   3          #include <init.H>
   4          #include <led.H>
   5          #include <seg.H>
   6          #include <key.H>
   7          #include <iic.H>
   8          #include <ultrasound.H>
   9          /*变量声明区域*/
  10          idata unsigned long int sys_tick;
  11          idata bit relay_buf;
  12          idata unsigned char led_buf[8]={0,0,0,0,0,0,0,0};
  13          idata unsigned char seg_pos;
  14          idata unsigned char seg_buf[8]={10,10,10,10,10,10,10,10};
  15          idata unsigned char key_val,key_old,key_down,key_up;
  16          idata unsigned char seg_show_mode=0;//【0-频率】【1-湿度】【2-测距】【3-参数】
  17          idata unsigned char parameter_index=0;//【0-频率参数P1】【1-湿度参数P2】【2-距离参数P3】
  18          
  19          idata unsigned int ne555_frequency;
  20          idata unsigned int time_1s_f;
  21          idata bit freq_Hz_KHz=0;
  22          
  23          idata float ad_rb2_voltage;
  24          idata unsigned char humidity_100x;
  25          idata float da_voltage;
  26          
  27          idata unsigned char us_distance;
  28          idata bit dist_CM_M=0;
  29          
  30          idata unsigned int parameter_frequency=9000;
  31          idata unsigned char parameter_humidity=40;
  32          idata unsigned char parameter_distance=60;
  33          
  34          idata unsigned char pwm_count;
  35          idata unsigned char pwm_cycle=10;//因为100us*10=1ms
  36          
  37          idata unsigned char time_100ms;
  38          idata bit time_100ms_flag;
  39          
  40          idata bit relay_buf_old;
  41          idata unsigned char relay_count;
  42          idata unsigned char eeprom_check=6;
  43          
  44          idata bit key7_press_flag;
  45          idata unsigned int key7_press_1s;
  46          /*数据获取区域*/
  47          void adda_task(void)
  48          {
  49   1              ad_rb2_voltage=ad_read(0x43)/51.0;
  50   1              
  51   1              humidity_100x=ad_rb2_voltage*20.0;
  52   1              if(humidity_100x==100)humidity_100x=99;
  53   1              
  54   1              if(humidity_100x<=parameter_humidity)
C51 COMPILER V9.54   MAIN                                                                  05/12/2025 20:16:58 PAGE 2   

  55   1                      da_voltage=1.0;
  56   1              else if(humidity_100x>=80)
  57   1                      da_voltage=5.0;
  58   1              else if(humidity_100x>parameter_humidity && humidity_100x<80)
  59   1                      da_voltage=((4.0/(80.0-parameter_humidity))*humidity_100x)+(5.0-(320.0/(80.0-parameter_humidity)));
  60   1              
  61   1              da_write(da_voltage*51.0);
  62   1      }
  63          void us_dist_task(void)
  64          {
  65   1              us_distance=us_distance_get()+3;
  66   1      }
  67          /*按键控制区域*/
  68          void key_task(void)
  69          {
  70   1              key_val=key_read();
  71   1              key_down=key_val&(key_old^key_val);
  72   1              key_up=~key_val&(key_old^key_val);
  73   1              key_old=key_val;
  74   1              
  75   1              if(key_down==7 && seg_show_mode==1)//在湿度界面下，长按S7按键超过1秒后松开，清零继电器开关次数统计
  76   1              {
  77   2                      key7_press_flag=1;
  78   2              }
  79   1              if(key_up==7)
  80   1              {
  81   2                      if(key7_press_1s>=1000)
  82   2                      {
  83   3                              relay_count=0;
  84   3                              eeprom_write(&relay_count,0,1);
  85   3                              eeprom_write(&eeprom_check,8,1);
  86   3                      }
  87   2                      key7_press_flag=0;
  88   2                      key7_press_1s=0;
  89   2              }
  90   1              
  91   1              if(key_down==4)
  92   1              {
  93   2                      seg_show_mode=(++seg_show_mode)%4;
  94   2                      parameter_index=0;
  95   2              }
  96   1              else if(key_down==5)
  97   1              {
  98   2                      parameter_index=(++parameter_index)%3;
  99   2                      time_100ms=time_100ms_flag=0;
 100   2              }
 101   1              else if(key_down==6)//++
 102   1              {
 103   2                      if(seg_show_mode==2)//【2-测距】
 104   2                              dist_CM_M^=1;
 105   2                      else if(seg_show_mode==3)//【3-参数】
 106   2                      {
 107   3                              if(parameter_index==0)//【0-频率参数P1】
 108   3                              {
 109   4                                      parameter_frequency+=500;
 110   4                                      if(parameter_frequency>12000)
 111   4                                              parameter_frequency=1000;
 112   4                              }
 113   3                              else if(parameter_index==1)//【1-湿度参数P2】
 114   3                              {
 115   4                                      parameter_humidity+=10;
 116   4                                      if(parameter_humidity>60)
C51 COMPILER V9.54   MAIN                                                                  05/12/2025 20:16:58 PAGE 3   

 117   4                                              parameter_humidity=10;
 118   4                              }
 119   3                              else if(parameter_index==2)//【2-距离参数P3】
 120   3                              {
 121   4                                      parameter_distance+=10;
 122   4                                      if(parameter_distance>120)
 123   4                                              parameter_distance=10;
 124   4                              }
 125   3                      }
 126   2              }
 127   1              else if(key_down==7)//--
 128   1              {
 129   2                      if(seg_show_mode==0)//【0-频率】
 130   2                              freq_Hz_KHz^=1;
 131   2                      else if(seg_show_mode==3)//【3-参数】
 132   2                      {
 133   3                              if(parameter_index==0)//【0-频率参数P1】
 134   3                              {
 135   4                                      parameter_frequency-=500;
 136   4                                      if(parameter_frequency<1000)
 137   4                                              parameter_frequency=12000;
 138   4                              }
 139   3                              else if(parameter_index==1)//【1-湿度参数P2】
 140   3                              {
 141   4                                      parameter_humidity-=10;
 142   4                                      if(parameter_humidity<10)
 143   4                                              parameter_humidity=60;
 144   4                              }
 145   3                              else if(parameter_index==2)//【2-距离参数P3】
 146   3                              {
 147   4                                      parameter_distance-=10;
 148   4                                      if(parameter_distance<10)
 149   4                                              parameter_distance=120;
 150   4                              }
 151   3                      }
 152   2              }
 153   1      }
 154          /*数码管控制区域*/
 155          void seg_task(void)
 156          {
 157   1              unsigned char j;
 158   1              switch(seg_show_mode)
 159   1          {
 160   2              case 0:
 161   2                              seg_buf[0]=11;
 162   2                              seg_buf[1]=10;
 163   2                              seg_buf[2]=!freq_Hz_KHz?(ne555_frequency/100000%10):(ne555_frequency/10000000%10);
 164   2                              seg_buf[3]=!freq_Hz_KHz?(ne555_frequency/10000%10):(ne555_frequency/1000000%10);
 165   2                              seg_buf[4]=!freq_Hz_KHz?(ne555_frequency/1000%10):(ne555_frequency/100000%10);
 166   2                              seg_buf[5]=!freq_Hz_KHz?(ne555_frequency/100%10):(ne555_frequency/10000%10);
 167   2                              seg_buf[6]=!freq_Hz_KHz?(ne555_frequency/10%10):(ne555_frequency/1000%10+',');
 168   2                          seg_buf[7]=!freq_Hz_KHz?(ne555_frequency/1%10):(ne555_frequency/100%10);
 169   2                              for(j=2;j<7;j++)
 170   2                              {
 171   3                                      if(seg_buf[j]==0 && seg_buf[j-1]==10)
 172   3                                              seg_buf[j]=10;
 173   3                              }
 174   2                              break;
 175   2              case 1:
 176   2                              seg_buf[0]=12;
 177   2                              seg_buf[1]=seg_buf[2]=seg_buf[3]=seg_buf[4]=seg_buf[5]=10;
 178   2                              seg_buf[6]=humidity_100x/10;
C51 COMPILER V9.54   MAIN                                                                  05/12/2025 20:16:58 PAGE 4   

 179   2                          seg_buf[7]=humidity_100x%10;
 180   2              break;
 181   2              case 2:
 182   2                              seg_buf[0]=13;
 183   2                              seg_buf[1]=seg_buf[2]=seg_buf[3]=seg_buf[4]=10;
 184   2                              seg_buf[5]=!dist_CM_M?(us_distance/100%10):(us_distance/100%10+',');
 185   2                              seg_buf[6]=us_distance/10%10;
 186   2                              seg_buf[7]=us_distance/1%10;
 187   2                              for(j=5;j<7;j++)
 188   2                              {
 189   3                                      if(seg_buf[j]==0 && seg_buf[j-1]==10)
 190   3                                              seg_buf[j]=10;
 191   3                              }
 192   2              break;
 193   2              case 3:
 194   2                              seg_buf[0]=14;
 195   2                              seg_buf[1]=parameter_index+1;
 196   2                              seg_buf[2]=seg_buf[3]=seg_buf[4]=10;
 197   2                              if(parameter_index==0)//【0-频率参数KHz】1.0KHz－12.0KHz
 198   2                              {
 199   3                                      seg_buf[5]=parameter_frequency/10000%10;
 200   3                                      seg_buf[6]=parameter_frequency/1000%10+',';
 201   3                                      seg_buf[7]=parameter_frequency/100%10;
 202   3                                      for(j=5;j<7;j++)
 203   3                                      {
 204   4                                              if(seg_buf[j]==0 && seg_buf[j-1]==10)
 205   4                                                      seg_buf[j]=10;
 206   4                                      }
 207   3                              }
 208   2                              else if(parameter_index==1)//【1-湿度参数】10%-60%
 209   2                              {
 210   3                                      seg_buf[5]=10;
 211   3                                      seg_buf[6]=parameter_humidity/10;
 212   3                                      seg_buf[7]=parameter_humidity%10;
 213   3                              }
 214   2                              else if(parameter_index==2)//【2-距离参数】0.1M－1.2M
 215   2                              {
 216   3                                      seg_buf[5]=10;
 217   3                                      seg_buf[6]=parameter_distance/100%10+',';
 218   3                                      seg_buf[7]=parameter_distance/10%10;
 219   3                              }
 220   2              break;
 221   2          }
 222   1      }
 223          /*LED控制区域*/
 224          void led_task(void)
 225          {
 226   1              relay_buf_old=relay_buf;
 227   1              relay_buf=us_distance>parameter_distance;
 228   1              if(relay_buf_old!=relay_buf)
 229   1              {
 230   2                      relay_count++;
 231   2                      eeprom_write(&relay_count,0,1);
 232   2                      eeprom_write(&eeprom_check,8,1);
 233   2              }
 234   1      
 235   1              if(seg_show_mode!=3)
 236   1              {
 237   2                      led_buf[0]=(seg_show_mode==0);
 238   2                      led_buf[1]=(seg_show_mode==1);
 239   2                      led_buf[2]=(seg_show_mode==2);
 240   2              }
C51 COMPILER V9.54   MAIN                                                                  05/12/2025 20:16:58 PAGE 5   

 241   1              else
 242   1              {
 243   2                      led_buf[0]=(parameter_index==0)?time_100ms_flag:0;
 244   2                      led_buf[1]=(parameter_index==1)?time_100ms_flag:0;
 245   2                      led_buf[2]=(parameter_index==2)?time_100ms_flag:0;
 246   2              }
 247   1              led_buf[3]=(ne555_frequency>parameter_frequency);
 248   1              led_buf[4]=(humidity_100x>parameter_humidity);
 249   1              led_buf[5]=(us_distance>parameter_distance);
 250   1              
 251   1              led_disp(led_buf);
 252   1              relay(relay_buf);
 253   1      }
 254          /*Motor定时器2PWM区域*/
 255          void Timer2_Init(void)          //100微秒@12.000MHz
 256          {
 257   1              AUXR &= 0xFB;                   //定时器时钟12T模式
 258   1              T2L = 0x9C;                             //设置定时初始值
 259   1              T2H = 0xFF;                             //设置定时初始值
 260   1              AUXR |= 0x10;                   //定时器2开始计时
 261   1              IE2 |= 0x04;                    //使能定时器2中断
 262   1      }
 263          void Timer2_Isr(void) interrupt 12
 264          {
 265   1              if(ne555_frequency>parameter_frequency)//80%
 266   1              {
 267   2                      pwm_count=(++pwm_count)%10;
 268   2                      if(pwm_count<8)
 269   2                              motor(1);       
 270   2                      else
 271   2                              motor(0);
 272   2              }
 273   1              else
 274   1              {
 275   2                      pwm_count=(++pwm_count)%10;
 276   2                      if(pwm_count<2)
 277   2                              motor(1);       
 278   2                      else
 279   2                              motor(0);
 280   2              }
 281   1      }
 282          /*Ne555定时器0区域*/
 283          void Timer0_Init(void)          //1毫秒@12.000MHz
 284          {
 285   1              AUXR &= 0x7F;                   //定时器时钟12T模式
 286   1              TMOD &= 0xF0;                   //设置定时器模式
 287   1              TMOD |= 0x05;                   //设置定时器模式
 288   1              TL0 = 0;                                //设置定时初始值
 289   1              TH0 = 0;                                //设置定时初始值
 290   1              TF0 = 0;                                //清除TF0标志
 291   1              TR0 = 1;                                //定时器0开始计时
 292   1      }
 293          /*定时器1区域*/
 294          void Timer1_Init(void)          //1毫秒@12.000MHz
 295          {
 296   1              AUXR &= 0xBF;                   //定时器时钟12T模式
 297   1              TMOD &= 0x0F;                   //设置定时器模式
 298   1              TL1 = 0x18;                             //设置定时初始值
 299   1              TH1 = 0xFC;                             //设置定时初始值
 300   1              TF1 = 0;                                //清除TF1标志
 301   1              TR1 = 1;                                //定时器1开始计时
 302   1              ET1 = 1;                                //使能定时器1中断
C51 COMPILER V9.54   MAIN                                                                  05/12/2025 20:16:58 PAGE 6   

 303   1      }
 304          void Timer1_Isr(void) interrupt 3
 305          {
 306   1              sys_tick++;
 307   1              if(++time_1s_f==100)
 308   1              {
 309   2                      time_1s_f=0;
 310   2                      ne555_frequency=TH0<<8|TL0;
 311   2                      TH0=TL0=0;
 312   2                      ne555_frequency=ne555_frequency*10;
 313   2              }
 314   1              
 315   1              seg_pos=(++seg_pos)%8;
 316   1              if(seg_buf[seg_pos]>20)
 317   1                      seg_disp(seg_pos,seg_buf[seg_pos]-',',1);
 318   1              else
 319   1                      seg_disp(seg_pos,seg_buf[seg_pos],0);
 320   1              
 321   1              if(seg_show_mode==3)
 322   1              {
 323   2                      if(++time_100ms>=100)
 324   2                      {
 325   3                              time_100ms=0;
 326   3                              time_100ms_flag^=1;
 327   3                      }
 328   2              }
 329   1              
 330   1              if(key7_press_flag==1)
 331   1              {
 332   2                      if(++key7_press_1s>=1000)
 333   2                              key7_press_flag=1000;
 334   2              }
 335   1              else
 336   1                      key7_press_flag=0;
 337   1      }
 338          /*调度器区域*/
 339          typedef struct{
 340                  void (*pTaskFunc)(void);
 341                  unsigned long int RateTime;
 342                  unsigned long int LastTime;
 343          }TaskT;
 344          idata TaskT SchedulerTask[]={
 345                  {key_task,10,0},
 346                  {seg_task,50,0},
 347                  {led_task,1,0},
 348                  {adda_task,160,0},
 349                  {us_dist_task,80,0}
 350          };
 351          idata unsigned char task_num;
 352          void scheduler_init(void)
 353          {
 354   1              task_num=sizeof(SchedulerTask)/sizeof(TaskT);
 355   1      }
 356          void scheduler_run(void)
 357          {
 358   1              unsigned char i;
 359   1              for(i=0;i<task_num;i++)
 360   1              {
 361   2                      unsigned long int now_time=sys_tick;
 362   2                      if(now_time>=SchedulerTask[i].RateTime+SchedulerTask[i].LastTime)
 363   2                      {
 364   3                              SchedulerTask[i].LastTime=now_time;
C51 COMPILER V9.54   MAIN                                                                  05/12/2025 20:16:58 PAGE 7   

 365   3                              SchedulerTask[i].pTaskFunc();
 366   3                      }
 367   2              }
 368   1      }
 369          /*初始化区域*/
 370          void init_task(void)
 371          {
 372   1              unsigned char eeprom_temp;
 373   1              sys_init();
 374   1              scheduler_init();
 375   1              eeprom_read(&eeprom_temp,8,1);
 376   1              if(eeprom_temp==eeprom_check)
 377   1              {
 378   2                      eeprom_read(&relay_count,0,1);
 379   2              }
 380   1              Timer2_Init();
 381   1              Timer0_Init();
 382   1              Timer1_Init();
 383   1              EA=1;
 384   1      }
 385          /*主函数区域*/
 386          void main()
 387          {
 388   1              init_task();
 389   1              while(1)
 390   1              {
 391   2                      scheduler_run();
 392   2              }
 393   1      }


MODULE INFORMATION:   STATIC OVERLAYABLE
   CODE SIZE        =   2168    ----
   CONSTANT SIZE    =   ----    ----
   XDATA SIZE       =   ----    ----
   PDATA SIZE       =   ----    ----
   DATA SIZE        =   ----       7
   IDATA SIZE       =    108    ----
   BIT SIZE         =      6    ----
END OF MODULE INFORMATION.


C51 COMPILATION COMPLETE.  0 WARNING(S),  0 ERROR(S)
