C51 COMPILER V9.54   SEG                                                                   05/12/2025 20:16:58 PAGE 1   


C51 COMPILER V9.54, COMPILATION OF MODULE SEG
OBJECT MODULE PLACED IN .\Objects\seg.obj
COMPILER INVOKED BY: D:\Keil_v5\C51\BIN\C51.EXE ..\Source\Driver\seg.c OPTIMIZE(8,SPEED) BROWSE INCDIR(..\Source\Driver;
                    -..\Source\User) DEBUG OBJECTEXTEND PRINT(.\Listings\seg.lst) OBJECT(.\Objects\seg.obj)

line level    source

   1          #include <seg.H>
   2          idata unsigned char seg_dula[]={0xC0,0xF9,0xA4,0xB0,0x99,0x92,0x82,0xF8,0x80,0x90,0xff,
   3          0x8E,//F11
   4          0x89,//H12
   5          0x88,//A13
   6          0x8c,//P14
   7          };
   8          void seg_disp(unsigned char wela,dula,point)
   9          {
  10   1              unsigned char temp;
  11   1              
  12   1              P0=0xff;
  13   1              temp=P2&0x1f;
  14   1              temp=temp|0xe0;
  15   1              P2=temp;
  16   1              temp=P2&0x1f;
  17   1              P2=temp;
  18   1              
  19   1              P0=0x01<<wela;
  20   1              temp=P2&0x1f;
  21   1              temp=temp|0xc0;
  22   1              P2=temp;
  23   1              temp=P2&0x1f;
  24   1              P2=temp;
  25   1              
  26   1              P0=seg_dula[dula];
  27   1              if(point)
  28   1                      P0&=0x7f;
  29   1              temp=P2&0x1f;
  30   1              temp=temp|0xe0;
  31   1              P2=temp;
  32   1              temp=P2&0x1f;
  33   1              P2=temp;
  34   1      }


MODULE INFORMATION:   STATIC OVERLAYABLE
   CODE SIZE        =     80    ----
   CONSTANT SIZE    =   ----    ----
   XDATA SIZE       =   ----    ----
   PDATA SIZE       =   ----    ----
   DATA SIZE        =   ----    ----
   IDATA SIZE       =     15    ----
   BIT SIZE         =   ----    ----
END OF MODULE INFORMATION.


C51 COMPILATION COMPLETE.  0 WARNING(S),  0 ERROR(S)
