C51 COMPILER V9.54   ULTRASOUND                                                            05/12/2025 20:16:58 PAGE 1   


C51 COMPILER V9.54, COMPILATION OF MODULE ULTRASOUND
OBJECT MODULE PLACED IN .\Objects\ultrasound.obj
COMPILER INVOKED BY: D:\Keil_v5\C51\BIN\C51.EXE ..\Source\Driver\ultrasound.c OPTIMIZE(8,SPEED) BROWSE INCDIR(..\Source\
                    -Driver;..\Source\User) DEBUG OBJECTEXTEND PRINT(.\Listings\ultrasound.lst) OBJECT(.\Objects\ultrasound.obj)

line level    source

   1          #include <ultrasound.H>
   2          void Delay12us(void)    //@12.000MHz
   3          {
   4   1              unsigned char data i;
   5   1      
   6   1              _nop_();
   7   1              _nop_();
   8   1              i = 38;
   9   1              while (--i);
  10   1      }
  11          void us_wave_init(void)
  12          {
  13   1              unsigned char k;
  14   1              for(k=0;k<8;k++)
  15   1              {
  16   2                      TX=1;
  17   2                      Delay12us();
  18   2                      TX=0;
  19   2                      Delay12us();
  20   2              }
  21   1      }
  22          unsigned char us_distance_get(void)
  23          {
  24   1              unsigned int time;
  25   1              CMOD = CL = CH = 0;
  26   1              
  27   1              EA=0;
  28   1              us_wave_init();
  29   1              EA=1;
  30   1              
  31   1              CR = 1;                         //定时器开始计时
  32   1              while((CF==0)&&(RX==1))
  33   1                      ;
  34   1              CR = 0;                         //定时器停止计时
  35   1              
  36   1              if(CF==0)
  37   1              {
  38   2                      time=CH<<8|CL;
  39   2                      return time*0.017;
  40   2              }
  41   1              else
  42   1              {
  43   2                      CF = 0;                         //清除CF标志
  44   2                      return 0;
  45   2              }
  46   1      }


MODULE INFORMATION:   STATIC OVERLAYABLE
   CODE SIZE        =     84    ----
   CONSTANT SIZE    =   ----    ----
   XDATA SIZE       =   ----    ----
   PDATA SIZE       =   ----    ----
   DATA SIZE        =   ----    ----
C51 COMPILER V9.54   ULTRASOUND                                                            05/12/2025 20:16:58 PAGE 2   

   IDATA SIZE       =   ----    ----
   BIT SIZE         =   ----    ----
END OF MODULE INFORMATION.


C51 COMPILATION COMPLETE.  0 WARNING(S),  0 ERROR(S)
