C51 COMPILER V9.54   LED                                                                   04/05/2025 04:11:35 PAGE 1   


C51 COMPILER V9.54, COMPILATION OF MODULE LED
OBJECT MODULE PLACED IN .\Objects\Led.obj
COMPILER INVOKED BY: D:\Keil_v5\C51\BIN\C51.EXE Driver\Led.c OPTIMIZE(8,SPEED) BROWSE INCDIR(.\Driver;.\User) DEBUG OBJE
                    -CTEXTEND PRINT(.\Listings\Led.lst) OBJECT(.\Objects\Led.obj)

line level    source

   1          #include <Led.H>
   2          void Led_Disp(unsigned char addr,enable)
   3          {
   4   1              static unsigned char temp=0x00;
   5   1              static unsigned char temp_old=0xff;
   6   1              
   7   1              if(enable)
   8   1                      temp|=0x01<<addr;
   9   1              else
  10   1                      temp&=~(0x01<<addr);
  11   1              
  12   1              if(temp!=temp_old)
  13   1              {
  14   2                      P0=~temp;
  15   2                      P2=P2&0x1f|0x80;
  16   2                      P2&=0x1f;
  17   2                      temp_old=temp;
  18   2              }
  19   1      }
  20          
  21          void Beeper(bit enable)
  22          {
  23   1              static unsigned char temp=0x00;
  24   1              static unsigned char temp_old=0xff;
  25   1              
  26   1              if(enable)
  27   1                      temp|=0x40;
  28   1              else
  29   1                      temp&=~(0x40);
  30   1              
  31   1              if(temp!=temp_old)
  32   1              {
  33   2                      P0=temp;
  34   2                      P2=P2&0x1f|0xa0;
  35   2                      P2&=0x1f;
  36   2                      temp_old=temp;
  37   2              }
  38   1      }
  39          
  40          void Relay(bit enable)
  41          {
  42   1              static unsigned char temp=0x00;
  43   1              static unsigned char temp_old=0xff;
  44   1              
  45   1              if(enable)
  46   1                      temp|=0x10;
  47   1              else
  48   1                      temp&=~(0x10);
  49   1              
  50   1              if(temp!=temp_old)
  51   1              {
  52   2                      P0=temp;
  53   2                      P2=P2&0x1f|0xa0;
  54   2                      P2&=0x1f;
C51 COMPILER V9.54   LED                                                                   04/05/2025 04:11:35 PAGE 2   

  55   2                      temp_old=temp;
  56   2              }
  57   1      }
  58          


MODULE INFORMATION:   STATIC OVERLAYABLE
   CODE SIZE        =    129    ----
   CONSTANT SIZE    =   ----    ----
   XDATA SIZE       =   ----    ----
   PDATA SIZE       =   ----    ----
   DATA SIZE        =      6    ----
   IDATA SIZE       =   ----    ----
   BIT SIZE         =   ----       2
END OF MODULE INFORMATION.


C51 COMPILATION COMPLETE.  0 WARNING(S),  0 ERROR(S)
