C51 COMPILER V9.54   MAIN                                                                  04/05/2025 04:11:35 PAGE 1   


C51 COMPILER V9.54, COMPILATION OF MODULE MAIN
OBJECT MODULE PLACED IN .\Objects\main.obj
COMPILER INVOKED BY: D:\Keil_v5\C51\BIN\C51.EXE User\main.c OPTIMIZE(8,SPEED) BROWSE INCDIR(.\Driver;.\User) DEBUG OBJEC
                    -TEXTEND PRINT(.\Listings\main.lst) OBJECT(.\Objects\main.obj)

line level    source

   1          /*头文件引用区域*/
   2          #include <STC15F2K60S2.H>
   3          #include <Init.H>
   4          #include <Led.H>
   5          #include <Seg.H>
   6          #include <Key.H>
   7          #include <ds1302.H>
   8          #include <iic.H>
   9          /*变量声明区域*/
  10          idata unsigned char Key_Slow,Key_Val,Key_Old,Key_Down,Key_Up;
  11          idata unsigned char Seg_Slow,Seg_Pos;
  12          idata unsigned char Seg_Buf[8]={10,10,10,10,10,10,10,10};
  13          idata unsigned char Seg_Point[8]={0,0,0,0,0,0,0,0};
  14          idata unsigned char Led_Buf[8]={0,0,0,0,0,0,0,0};
  15          idata unsigned char Realy_Buf=0;
  16          idata unsigned char Beeper_Buf=0;
  17          
  18          idata unsigned char Seg_Show_Mode=0;//【0-时间】【1-输入】【2-记录】
  19          idata unsigned char Rtc[3]={0x23,0x09,0x59};
  20          idata unsigned char Rtc_Input_Start[2];
  21          
  22          idata unsigned int Input_Data;
  23          idata unsigned int Input_Data_Old;
  24          idata unsigned char Key_Data_Location[10]={6,10,14,18,9,13,17,8,12,16};
  25          idata bit Input_Success_Flag=0;
  26          
  27          idata unsigned char EEPROM_Save_Data[4];
  28          /*按键控制区域*/
  29          void Key_Proc()
  30          {
  31   1              unsigned char j;
  32   1              if(Key_Slow)return;
  33   1              Key_Slow=1;
  34   1              
  35   1              Key_Val=Key_Read();
  36   1              Key_Down=Key_Val&(Key_Old^Key_Val);
  37   1              Key_Up=~Key_Val&(Key_Old^Key_Val);
  38   1              Key_Old=Key_Val;
  39   1              
  40   1              
  41   1              if(Seg_Show_Mode==1)
  42   1              {
  43   2                      for(j=0;j<10;j++)
  44   2                      {
  45   3                              if(Key_Down==Key_Data_Location[j] && Input_Data<1000 && !(j==0 && Input_Data==j))
  46   3                              {
  47   4                                      if(Input_Data==0)
  48   4                                      {
  49   5                                              Rtc_Input_Start[0]=Rtc[0];
  50   5                                              Rtc_Input_Start[1]=Rtc[1];
  51   5                                      }
  52   4                                      Input_Data=Input_Data*10+j;
  53   4                                      Input_Success_Flag=1;
  54   4                                      break;
C51 COMPILER V9.54   MAIN                                                                  04/05/2025 04:11:35 PAGE 2   

  55   4                              }
  56   3                      }
  57   2              }
  58   1              
  59   1              switch(Key_Down)
  60   1              {
  61   2                      case 4:
  62   2                              if(Seg_Show_Mode==1)
  63   2                              {                               
  64   3                                      Led_Buf[3] = (Input_Data > Input_Data_Old);
  65   3      
  66   3                                      EEPROM_Save_Data[0]=(Rtc_Input_Start[0]/16)*10+Rtc_Input_Start[0]%16;
  67   3                                      EEPROM_Save_Data[1]=(Rtc_Input_Start[1]/16)*10+Rtc_Input_Start[1]%16;
  68   3                                      EEPROM_Save_Data[2]=Input_Data>>8;
  69   3                                      EEPROM_Save_Data[3]=Input_Data&0xff;
  70   3                                      EEPROM_Write(EEPROM_Save_Data,0,4);
  71   3                                      
  72   3                                      Input_Data_Old = Input_Data;
  73   3                                      
  74   3                                      Input_Data=0;
  75   3                                      Input_Success_Flag=0;
  76   3                              }
  77   2                              if(++Seg_Show_Mode==3)Seg_Show_Mode=0;
  78   2                      break;
  79   2                      case 5:
  80   2                              if(Seg_Show_Mode==1)
  81   2                              {
  82   3                                      Input_Data=0;
  83   3                                      Input_Success_Flag=0;
  84   3                              }
  85   2                      break;
  86   2              }
  87   1      }
  88          /*数码管控制区域*/
  89          void Seg_Proc()
  90          {
  91   1              unsigned char i;
  92   1              if(Seg_Slow)return;
  93   1              Seg_Slow=1;
  94   1              
  95   1              
  96   1              RTC_Read(Rtc);
  97   1              
  98   1              
  99   1              
 100   1              switch(Seg_Show_Mode)
 101   1              {
 102   2                      case 0:
 103   2                              Seg_Buf[0]=Rtc[0]/16%16;
 104   2                              Seg_Buf[1]=Rtc[0]%16;
 105   2                              Seg_Buf[2]=13;
 106   2                              Seg_Buf[3]=Rtc[1]/16%16;
 107   2                              Seg_Buf[4]=Rtc[1]%16;
 108   2                              Seg_Buf[5]=13;
 109   2                              Seg_Buf[6]=Rtc[2]/16%16;
 110   2                              Seg_Buf[7]=Rtc[2]%16;
 111   2                      break;
 112   2                      case 1:
 113   2                              Seg_Buf[0]=11;
 114   2                              Seg_Buf[1]=Seg_Buf[2]=Seg_Buf[3]=10;
 115   2                              if(Input_Success_Flag==1)
 116   2                              {
C51 COMPILER V9.54   MAIN                                                                  04/05/2025 04:11:35 PAGE 3   

 117   3                                      Seg_Buf[4]=Input_Data/1000%10;
 118   3                                      Seg_Buf[5]=Input_Data/100%10;
 119   3                                      Seg_Buf[6]=Input_Data/10%10;
 120   3                                      Seg_Buf[7]=Input_Data/1%10;
 121   3                                      for(i=4;i<7;i++)
 122   3                                      {
 123   4                                              if(Seg_Buf[i]!=0)break;
 124   4                                              Seg_Buf[i]=10;
 125   4                                      }
 126   3                              }
 127   2                              else
 128   2                                      Seg_Buf[4]=Seg_Buf[5]=Seg_Buf[6]=Seg_Buf[7]=10;
 129   2                      break;
 130   2                      case 2:
 131   2                              Seg_Buf[0]=12;
 132   2                              Seg_Buf[1]=Seg_Buf[2]=10;
 133   2                              Seg_Buf[3]=Rtc_Input_Start[0]/16%16;
 134   2                              Seg_Buf[4]=Rtc_Input_Start[0]%16;
 135   2                              Seg_Buf[5]=13;
 136   2                              Seg_Buf[6]=Rtc_Input_Start[1]/16%16;
 137   2                              Seg_Buf[7]=Rtc_Input_Start[1]%16;
 138   2                      break;
 139   2              }
 140   1      }
 141          /*Led控制区域*/
 142          void Led_Proc()
 143          {
 144   1              Beeper_Buf=Realy_Buf=0;
 145   1              Led_Buf[0]=Seg_Show_Mode==0?1:0;
 146   1              Led_Buf[1]=Seg_Show_Mode==1?1:0;
 147   1              Led_Buf[2]=Seg_Show_Mode==2?1:0;
 148   1      }
 149          /*定时器1区域*/
 150          void Timer1_Init(void)          //1毫秒@12.000MHz
 151          {
 152   1              AUXR &= 0xBF;                   //定时器时钟12T模式
 153   1              TMOD &= 0x0F;                   //设置定时器模式
 154   1              TL1 = 0x18;                             //设置定时初始值
 155   1              TH1 = 0xFC;                             //设置定时初始值
 156   1              TF1 = 0;                                //清除TF1标志
 157   1              TR1 = 1;                                //定时器1开始计时
 158   1              ET1 = 1;                                //使能定时器1中断
 159   1              EA=1;
 160   1      }
 161          void Timer1_Isr(void) interrupt 3
 162          {
 163   1              if(++Key_Slow==20)Key_Slow=0;
 164   1              if(++Seg_Slow==90)Seg_Slow=0;
 165   1                      
 166   1              if(++Seg_Pos==8)Seg_Pos=0;
 167   1              Seg_Disp(Seg_Pos,Seg_Buf[Seg_Pos],Seg_Point[Seg_Pos]);
 168   1              Led_Disp(Seg_Pos,Led_Buf[Seg_Pos]);
 169   1              Relay(Realy_Buf);
 170   1              Beeper(Beeper_Buf);
 171   1      }
 172          /*初始化区域*/
 173          void Init_Proc()
 174          {
 175   1              
 176   1              RTC_Set(Rtc);
 177   1              EEPROM_Read(EEPROM_Save_Data,0,4);
 178   1              Input_Data_Old=EEPROM_Save_Data[2]<<8|EEPROM_Save_Data[3];
C51 COMPILER V9.54   MAIN                                                                  04/05/2025 04:11:35 PAGE 4   

 179   1              Sys_Init();
 180   1              Timer1_Init();
 181   1      }
 182          /*主函数区域*/
 183          void main()
 184          {
 185   1              Init_Proc();
 186   1              while(1)
 187   1              {
 188   2                      Key_Proc();
 189   2                      Seg_Proc();
 190   2                      Led_Proc();
 191   2              }
 192   1      }


MODULE INFORMATION:   STATIC OVERLAYABLE
   CODE SIZE        =    826    ----
   CONSTANT SIZE    =   ----    ----
   XDATA SIZE       =   ----    ----
   PDATA SIZE       =   ----    ----
   DATA SIZE        =   ----    ----
   IDATA SIZE       =     57    ----
   BIT SIZE         =      1    ----
END OF MODULE INFORMATION.


C51 COMPILATION COMPLETE.  0 WARNING(S),  0 ERROR(S)
