C51 COMPILER V9.54   MAIN                                                                  03/26/2025 21:14:53 PAGE 1   


C51 COMPILER V9.54, COMPILATION OF MODULE MAIN
OBJECT MODULE PLACED IN .\Objects\main.obj
COMPILER INVOKED BY: D:\Keil_v5\C51\BIN\C51.EXE User\main.c OPTIMIZE(8,SPEED) BROWSE INCDIR(.\Driver;.\User) DEBUG OBJEC
                    -TEXTEND PRINT(.\Listings\main.lst) OBJECT(.\Objects\main.obj)

line level    source

   1          /*头文件引用区域*/
   2          #include <STC15F2K60S2.H>
   3          #include <Init.H>
   4          #include <Led.H>
   5          #include <Seg.H>
   6          #include <Key.H>
   7          #include <onewire.H>
   8          #include <iic.H>
   9          /*变量声明区域*/
  10          idata unsigned char Key_Slow;
  11          idata unsigned char Key_Val,Key_Old,Key_Down,Key_Up;
  12          idata unsigned char Seg_Slow;
  13          idata unsigned char Seg_Pos;
  14          idata unsigned char Seg_Buf[8]={10,10,10,10,10,10,10,10};
  15          idata unsigned char Seg_Point[8]={0,0,0,0,0,0,0,0};
  16          idata unsigned char Led_Buf[8]={0,0,0,0,0,0,0,0};
  17          idata bit Beeper_Buf=0;
  18          idata bit Realy_Buf=0;
  19          
  20          idata unsigned char Seg_Show_Mode=0;//【0-温度】【1-参数】【2-DAC】
  21          idata unsigned char DAC_OutPut_Mode=0;//【0-温度参数】【1-实时温度】
  22          idata float Temperature;
  23          idata unsigned char Temperature_Parameter[2]={25,25};//【0-参数值】【1-修改值】
  24          idata float Voltage;
  25          /*按键控制区域*/
  26          void Key_Proc()
  27          {
  28   1              if(Key_Slow)return;
  29   1              Key_Slow=1;
  30   1              
  31   1              Key_Val=Key_Read();
  32   1              Key_Down=Key_Val&(Key_Old^Key_Val);
  33   1              Key_Up=~Key_Val&(Key_Old^Key_Val);
  34   1              Key_Old=Key_Val;
  35   1              
  36   1              switch(Key_Down)
  37   1              {
  38   2                      case 4:
  39   2                              if(++Seg_Show_Mode==3)Seg_Show_Mode=0;
  40   2                              if(Seg_Show_Mode==1)
  41   2                              {
  42   3                                      Temperature_Parameter[1]=Temperature_Parameter[0];
  43   3                              }
  44   2                              else if(Seg_Show_Mode==2)
  45   2                              {
  46   3                                      Temperature_Parameter[0]=Temperature_Parameter[1];
  47   3                              }
  48   2                      break;
  49   2                      case 5:
  50   2                              if(++DAC_OutPut_Mode==2)DAC_OutPut_Mode=0;
  51   2                      break;
  52   2                      case 8:
  53   2                              if(Seg_Show_Mode==1)
  54   2                              {
C51 COMPILER V9.54   MAIN                                                                  03/26/2025 21:14:53 PAGE 2   

  55   3                                      if(--Temperature_Parameter[1]==255)Temperature_Parameter[1]=0;
  56   3                              }
  57   2                      break;
  58   2                      case 9:
  59   2                              if(Seg_Show_Mode==1)
  60   2                              {
  61   3                                      if(++Temperature_Parameter[1]==100)Temperature_Parameter[1]=99;
  62   3                              }
  63   2                      break;
  64   2              }
  65   1      }
  66          /*数码管显示区域*/
  67          void Seg_Proc()
  68          {
  69   1              if(Seg_Slow)return;
  70   1              Seg_Slow=1;
  71   1              
  72   1              
  73   1              Temperature=Temperature_Read();
  74   1              if(DAC_OutPut_Mode==0)
  75   1              {
  76   2                      if(Temperature<Temperature_Parameter[0])
  77   2                      {
  78   3                              Voltage=0.0;
  79   3                      }
  80   2                      else
  81   2                      {
  82   3                              Voltage=5.0;
  83   3                      }
  84   2              }
  85   1              else
  86   1              {
  87   2                      if(Temperature>20 && Temperature<40)
  88   2                      {
  89   3                              Voltage=(3*Temperature)/20-2;
  90   3                      }
  91   2                      else if(Temperature<=20)
  92   2                      {
  93   3                              Voltage=1.0;
  94   3                      }
  95   2                      else if(Temperature>=40)
  96   2                      {
  97   3                              Voltage=4.0;
  98   3                      }
  99   2              }
 100   1              DA_Write(Voltage*51);
 101   1              
 102   1              switch(Seg_Show_Mode)
 103   1              {
 104   2                      case 0:
 105   2                              Seg_Buf[0]=11;
 106   2                              Seg_Buf[1]=Seg_Buf[2]=Seg_Buf[3]=10;
 107   2                              Seg_Buf[4]=(unsigned char)(Temperature)/10%10;
 108   2                              Seg_Buf[5]=(unsigned char)(Temperature)/1%10;
 109   2                              Seg_Point[5]=1;
 110   2                              Seg_Buf[6]=(unsigned int)(Temperature*10)%10;
 111   2                              Seg_Buf[7]=(unsigned int)(Temperature*100)%10;
 112   2                      break;
 113   2                      case 1:
 114   2                              Seg_Point[5]=0;
 115   2                              Seg_Buf[0]=12;
 116   2                              Seg_Buf[1]=Seg_Buf[2]=Seg_Buf[3]=Seg_Buf[4]=Seg_Buf[5]=10;
C51 COMPILER V9.54   MAIN                                                                  03/26/2025 21:14:53 PAGE 3   

 117   2                              Seg_Buf[6]=Temperature_Parameter[1]/10%10;
 118   2                              Seg_Buf[7]=Temperature_Parameter[1]/1%10;
 119   2                      break;
 120   2                      case 2:
 121   2                              Seg_Buf[0]=13;
 122   2                              Seg_Buf[1]=Seg_Buf[2]=Seg_Buf[3]=Seg_Buf[4]=10;
 123   2                              Seg_Buf[5]=(unsigned int)(Voltage)/1%10;
 124   2                              Seg_Point[5]=1;
 125   2                              Seg_Buf[6]=(unsigned int)(Voltage*10)%10;
 126   2                              Seg_Buf[7]=(unsigned int)(Voltage*100)%10;
 127   2                      break;
 128   2              }
 129   1      }
 130          /*Led显示区域*/
 131          void Led_Proc()
 132          {
 133   1              Beeper_Buf=Realy_Buf=0;
 134   1              Led_Buf[0]=DAC_OutPut_Mode==0?1:0;
 135   1              Led_Buf[1]=Seg_Show_Mode==0?1:0;
 136   1              Led_Buf[2]=Seg_Show_Mode==1?1:0;
 137   1              Led_Buf[3]=Seg_Show_Mode==2?1:0;
 138   1      }
 139          /*定时器0区域*/
 140          void Timer0_Init(void)          //1毫秒@12.000MHz
 141          {
 142   1              AUXR &= 0x7F;                   //定时器时钟12T模式
 143   1              TMOD &= 0xF0;                   //设置定时器模式
 144   1              TL0 = 0x18;                             //设置定时初始值
 145   1              TH0 = 0xFC;                             //设置定时初始值
 146   1              TF0 = 0;                                //清除TF0标志
 147   1              TR0 = 1;                                //定时器0开始计时
 148   1              ET0 = 1;                                //使能定时器0中断
 149   1              EA=1;
 150   1      }
 151          void Timer0_Isr(void) interrupt 1
 152          {
 153   1              if(++Key_Slow==20)Key_Slow=0;
 154   1              if(++Seg_Slow==100)Seg_Slow=0;
 155   1              
 156   1              if(++Seg_Pos==8)Seg_Pos=0;
 157   1              Seg_Disp(Seg_Pos,Seg_Buf[Seg_Pos],Seg_Point[Seg_Pos]);
 158   1              Led_Disp(Seg_Pos,Led_Buf[Seg_Pos]);
 159   1              Beeper(Beeper_Buf);
 160   1              Relay(Realy_Buf);
 161   1      }
 162          /*初始化区域*/
 163          void Init_Proc()
 164          {
 165   1              Sys_Init();
 166   1              
 167   1              Timer0_Init();
 168   1      }
 169          /*主函数区域*/
 170          void main()
 171          {
 172   1              Init_Proc();
 173   1              while(1)
 174   1              {
 175   2                      Key_Proc();
 176   2                      Seg_Proc();
 177   2                      Led_Proc();
 178   2              }
C51 COMPILER V9.54   MAIN                                                                  03/26/2025 21:14:53 PAGE 4   

 179   1      }


MODULE INFORMATION:   STATIC OVERLAYABLE
   CODE SIZE        =    846    ----
   CONSTANT SIZE    =   ----    ----
   XDATA SIZE       =   ----    ----
   PDATA SIZE       =   ----    ----
   DATA SIZE        =   ----    ----
   IDATA SIZE       =     43    ----
   BIT SIZE         =      2    ----
END OF MODULE INFORMATION.


C51 COMPILATION COMPLETE.  0 WARNING(S),  0 ERROR(S)
