C51 COMPILER V9.54   MAIN                                                                  04/05/2025 04:36:33 PAGE 1   


C51 COMPILER V9.54, COMPILATION OF MODULE MAIN
OBJECT MODULE PLACED IN .\Objects\main.obj
COMPILER INVOKED BY: D:\Keil_v5\C51\BIN\C51.EXE User\main.c OPTIMIZE(8,SPEED) BROWSE INCDIR(.\Driver;.\User) DEBUG OBJEC
                    -TEXTEND PRINT(.\Listings\main.lst) OBJECT(.\Objects\main.obj)

line level    source

   1          /*头文件引用区域*/
   2          #include <STC15F2K60S2.H>
   3          #include <Init.H>
   4          #include <Led.H>
   5          /*变量声明区域*/
   6          idata unsigned char Led_Pos,Led_Buf[8]={0,0,0,0,0,0,0,0};
   7          idata unsigned int Time_1s;
   8          idata bit Time_1s_Flag=0;
   9          idata unsigned int Time_100ms;
  10          idata bit Time_100ms_Flag;
  11          /*Led控制区域*/
  12          void Led_Proc()
  13          {
  14   1              Led_Buf[0]=Time_1s_Flag==0?1:0;
  15   1              Led_Buf[1]=Time_1s_Flag==1?1:0;
  16   1              Led_Buf[7]=Time_100ms_Flag;
  17   1      }
  18          /*定时器1区域*/
  19          void Timer1_Init(void)          //1毫秒@12.000MHz
  20          {
  21   1              AUXR &= 0xBF;                   //定时器时钟12T模式
  22   1              TMOD &= 0x0F;                   //设置定时器模式
  23   1              TL1 = 0x18;                             //设置定时初始值
  24   1              TH1 = 0xFC;                             //设置定时初始值
  25   1              TF1 = 0;                                //清除TF1标志
  26   1              TR1 = 1;                                //定时器1开始计时
  27   1              ET1 = 1;                                //使能定时器1中断
  28   1              EA=1;
  29   1      }
  30          void Timer1_Isr(void) interrupt 3
  31          {
  32   1              if(++Led_Pos==8)Led_Pos=0;
  33   1              Led_Disp(Led_Pos,Led_Buf[Led_Pos]);
  34   1              
  35   1              if(++Time_100ms==100)
  36   1              {
  37   2                      Time_100ms=0;
  38   2                      Time_100ms_Flag^=1;
  39   2              }
  40   1              if(++Time_1s==1000)
  41   1              {
  42   2                      Time_1s=0;
  43   2                      Time_1s_Flag^=1;
  44   2              }
  45   1      }
  46          /*主函数区域*/
  47          void main()
  48          {
  49   1              Sys_Init();
  50   1              Timer1_Init();
  51   1              while(1)
  52   1              {
  53   2                      Led_Proc();
  54   2              }
C51 COMPILER V9.54   MAIN                                                                  04/05/2025 04:36:33 PAGE 2   

  55   1      }


MODULE INFORMATION:   STATIC OVERLAYABLE
   CODE SIZE        =    201    ----
   CONSTANT SIZE    =   ----    ----
   XDATA SIZE       =   ----    ----
   PDATA SIZE       =   ----    ----
   DATA SIZE        =   ----    ----
   IDATA SIZE       =     13    ----
   BIT SIZE         =      2    ----
END OF MODULE INFORMATION.


C51 COMPILATION COMPLETE.  0 WARNING(S),  0 ERROR(S)
