C51 COMPILER V9.54   MAIN                                                                  03/10/2025 21:12:11 PAGE 1   


C51 COMPILER V9.54, COMPILATION OF MODULE MAIN
OBJECT MODULE PLACED IN .\Objects\main.obj
COMPILER INVOKED BY: D:\Keil_v5\C51\BIN\C51.EXE User\main.c OPTIMIZE(8,SPEED) BROWSE INCDIR(.\Driver;.\User) DEBUG OBJEC
                    -TEXTEND PRINT(.\Listings\main.lst) OBJECT(.\Objects\main.obj)

line level    source

   1          /*头文件引用区域*/
   2          #include <STC15F2K60S2.H>
   3          #include <Init.H>
   4          #include <Key.H>
   5          #include <Seg.H>
   6          #include <Led.H>
   7          #include <iic.H>
   8          /*变量声明区域*/
   9          unsigned char Key_Slow;
  10          unsigned char Key_Val,Key_Down,Key_Up,Key_Old;
  11          unsigned char Seg_Slow;
  12          unsigned char Seg_Pos;
  13          unsigned char Seg_Buf[8]={10,10,10,10,10,10,10,10};
  14          unsigned char Seg_Point[8]={0,0,0,0,0,0,0,0};
  15          unsigned char Led_Buf[8]={0,0,0,0,0,0,0,0};
  16          
  17          unsigned char Seg_Enable_Mode=0;//0-启用；1-禁用
  18          unsigned char Led_Enable_Mode=0;//0-启用；1-禁用
  19          unsigned char Seg_Show_Mode=1;//0-频率；1-电压
  20          unsigned char DAC_Voltage_OutPut_Mode=1;//0-VRB2；1-固定2.0V
  21          
  22          
  23          unsigned int Frequency;
  24          unsigned int Time_1000ms=0;
  25          unsigned char AD_RB2_U=0;
  26          float Voltage=0;
  27          
  28          /*按键控制区域*/
  29          void Key_Proc()
  30          {
  31   1              if(Key_Slow)return;
  32   1              Key_Slow=1;
  33   1              
  34   1              Key_Val=Key_Read();
  35   1              Key_Down=Key_Val&(Key_Old^Key_Val);
  36   1              Key_Up=~Key_Val&(Key_Old^Key_Val);
  37   1              Key_Old=Key_Val;
  38   1              
  39   1              switch(Key_Down)
  40   1              {
  41   2                      case 4://S4：“显示界面切换”按键，按下切换【0-频率界面；1-电压界面】
  42   2                              if(++Seg_Show_Mode==2)Seg_Show_Mode=0;
  43   2                      break;
  44   2                      case 5://S5：“DAC输出模式切换”按键，按下切换【0-DAC输出电压跟随RB2电压变化；1-输出固定电压2.0V，不随RB
             -2电压变化】
  45   2                              if(++DAC_Voltage_OutPut_Mode==2)DAC_Voltage_OutPut_Mode=0;
  46   2                      break;
  47   2                      case 6://S6：“LED指示灯功能控制”按键，按下切换【0-打开LED指示功能；1-关闭LED指示功能】
  48   2                              if(++Led_Enable_Mode==2)Led_Enable_Mode=0;
  49   2                      break;
  50   2                      case 7://S7：“数码管显示功能控制”按键，按下切换【0-打开数码管显示功能；1-关闭数码管显示功能】
  51   2                              if(++Seg_Enable_Mode==2)Seg_Enable_Mode=0;
  52   2                      break;
  53   2              }       
C51 COMPILER V9.54   MAIN                                                                  03/10/2025 21:12:11 PAGE 2   

  54   1      }
  55          /*数码管显示区域*/
  56          void Seg_Proc()
  57          {
  58   1              unsigned char i=0;
  59   1              if(Seg_Slow)return;
  60   1              Seg_Slow=1;
  61   1              
  62   1              if(DAC_Voltage_OutPut_Mode==0)//0-DAC输出电压跟随RB2电压变化
  63   1              {
  64   2                      AD_RB2_U=AD_Read(0x43);
  65   2                      Voltage=AD_RB2_U/51.0;
  66   2              }
  67   1              else//1-输出固定电压2.0V，不随RB2电压变化
  68   1              {
  69   2                      Voltage=2.0;
  70   2                      DA_Write((Voltage/5)*255);
  71   2              }
  72   1              
  73   1              if(Seg_Enable_Mode==0)//0-打开数码管显示功能
  74   1              {
  75   2                      switch(Seg_Show_Mode)
  76   2                      {
  77   3                              case 0:
  78   3                                      Seg_Point[5]=0;//清除小数点
  79   3                                      Seg_Buf[0]=11;//F
  80   3                                      Seg_Buf[1]=10;//熄灭
  81   3                                      Seg_Buf[2]=(Frequency/100000%10)?Frequency/100000%10:10;
  82   3                                      Seg_Buf[3]=(Frequency/10000%10)?Frequency/10000%10:10;
  83   3                                      Seg_Buf[4]=(Frequency/1000%10)?Frequency/1000%10:10;
  84   3                                      Seg_Buf[5]=(Frequency/100%10)?Frequency/100%10:10;
  85   3                                      Seg_Buf[6]=(Frequency/10%10)?Frequency/10%10:10;
  86   3                                      Seg_Buf[7]=(Frequency/1%10)?Frequency/1%10:10;
  87   3                                      for(i=2;i<8;i++)
  88   3                                      {
  89   4                                              
  90   4                                      }
  91   3                              break;
  92   3                              case 1:
  93   3                                      Seg_Buf[0]=12;//U
  94   3                                      Seg_Buf[1]=10;//熄灭
  95   3                                      Seg_Buf[2]=10;//熄灭
  96   3                                      Seg_Buf[3]=10;//熄灭
  97   3                                      Seg_Buf[4]=10;//熄灭
  98   3                                      Seg_Buf[5]=(unsigned int)(Voltage*100)/100%10;
  99   3                                      Seg_Point[5]=1;//小数点.
 100   3                                      Seg_Buf[6]=(unsigned int)(Voltage*100)/10%10;
 101   3                                      Seg_Buf[7]=(unsigned int)(Voltage*100)/1%10;
 102   3                              break;
 103   3                      }
 104   2              }
 105   1              else//1-关闭数码管显示功能
 106   1              {
 107   2                      for(i=0;i<8;i++)
 108   2                      {
 109   3                              Seg_Buf[i]=10;//熄灭
 110   3                              Seg_Point[i]=0;
 111   3                      }
 112   2              }
 113   1      }
 114          /*Led显示区域*/
 115          void Led_Proc()
C51 COMPILER V9.54   MAIN                                                                  03/10/2025 21:12:11 PAGE 3   

 116          {
 117   1              unsigned char i=0;
 118   1              if(Led_Enable_Mode==0)//0-打开LED指示功能
 119   1              {
 120   2                      if(Seg_Show_Mode==0)//0-频率.频率测量功能指示：L1熄灭，L2点亮 
 121   2                      {
 122   3                              Led_Buf[0]=0;
 123   3                              Led_Buf[1]=1;
 124   3                      }
 125   2                      else//1-电压.电压测量功能指示：L1点亮，L2熄灭
 126   2                      {
 127   3                              Led_Buf[0]=1;
 128   3                              Led_Buf[1]=0;
 129   3                      }
 130   2                      
 131   2                      
 132   2                      if(Voltage<1.5)
 133   2                              Led_Buf[2]=0;
 134   2                      else if(Voltage>=1.5&&Voltage<2.5)
 135   2                              Led_Buf[2]=1;
 136   2                      else if(Voltage>=2.5&&Voltage<3.5)
 137   2                              Led_Buf[2]=0;
 138   2                      else if(Voltage>=3.5)
 139   2                              Led_Buf[2]=1;
 140   2                      
 141   2                      
 142   2                      if(Frequency<1000)
 143   2                              Led_Buf[3]=0;
 144   2                      else if(Frequency>=1000&&Frequency<5000)
 145   2                              Led_Buf[3]=1;
 146   2                      else if(Frequency>=5000&&Frequency<10000)
 147   2                              Led_Buf[3]=0;
 148   2                      else if(Frequency>=10000)
 149   2                              Led_Buf[3]=1;
 150   2                      
 151   2      
 152   2                      if(DAC_Voltage_OutPut_Mode==0)//0-VRB2
 153   2                              Led_Buf[4]=1;
 154   2                      else//1-固定2.0V
 155   2                              Led_Buf[4]=0;
 156   2                      
 157   2              }
 158   1              else//1-关闭LED指示功能
 159   1              {
 160   2                      for(i=0;i<8;i++)
 161   2                      {
 162   3                              Led_Buf[i]=0;
 163   3                      }
 164   2              }
 165   1      }
 166          /*定时器1区域*/
 167          void Timer1_Init(void)          //1毫秒@12.000MHz
 168          {
 169   1              AUXR &= 0xBF;                   //定时器时钟12T模式
 170   1              TMOD &= 0x0F;                   //设置定时器模式
 171   1              TL1 = 0x18;                             //设置定时初始值
 172   1              TH1 = 0xFC;                             //设置定时初始值
 173   1              TF1 = 0;                                //清除TF1标志
 174   1              TR1 = 1;                                //定时器1开始计时
 175   1              ET1 = 1;                                //使能定时器1中断
 176   1              EA=1;
 177   1      }
C51 COMPILER V9.54   MAIN                                                                  03/10/2025 21:12:11 PAGE 4   

 178          void Timer1_Isr(void) interrupt 3
 179          {
 180   1              if(++Key_Slow==20)Key_Slow=0;
 181   1              if(++Seg_Slow==200)Seg_Slow=0;
 182   1              
 183   1              if(++Seg_Pos==8)Seg_Pos=0;
 184   1              Seg_Disp(Seg_Pos,Seg_Buf[Seg_Pos],Seg_Point[Seg_Pos]);
 185   1              Led_Disp(Seg_Pos,Led_Buf[Seg_Pos]);
 186   1              
 187   1              if(++Time_1000ms==1000)
 188   1              {
 189   2                      Time_1000ms=0;
 190   2                      Frequency=TH0<<8|TL0;
 191   2                      TL0 = 0x00;                             //设置定时初始值
 192   2                      TH0 = 0x00;                             //设置定时初始值
 193   2              }
 194   1              
 195   1      }
 196          /*定时器0区域*/
 197          void Timer0_Init(void)          //0毫秒@12.000MHz
 198          {
 199   1              AUXR &= 0x7F;                   //定时器时钟12T模式
 200   1              TMOD &= 0xF0;                   //设置定时器模式
 201   1              TMOD |= 0x05;
 202   1              TL0 = 0x00;                             //设置定时初始值
 203   1              TH0 = 0x00;                             //设置定时初始值
 204   1              TF0 = 0;                                //清除TF0标志
 205   1              TR0 = 1;                                //定时器0开始计时
 206   1      }
 207          /*初始化区域*/
 208          void Init_Proc()
 209          {
 210   1              Sys_Init();
 211   1              Timer1_Init();
 212   1              Timer0_Init();
 213   1      }
 214          /*主函数区域*/
 215          void main()
 216          {
 217   1              Init_Proc();
 218   1              while(1)
 219   1              {
 220   2                      Key_Proc();
 221   2                      Seg_Proc();
 222   2                      Led_Proc();
 223   2              }
 224   1      }


MODULE INFORMATION:   STATIC OVERLAYABLE
   CODE SIZE        =   1065    ----
   CONSTANT SIZE    =   ----    ----
   XDATA SIZE       =   ----    ----
   PDATA SIZE       =   ----    ----
   DATA SIZE        =     44       2
   IDATA SIZE       =   ----    ----
   BIT SIZE         =   ----    ----
END OF MODULE INFORMATION.


C51 COMPILATION COMPLETE.  0 WARNING(S),  0 ERROR(S)
