C51 COMPILER V9.54   INIT                                                                  05/29/2025 17:27:56 PAGE 1   


C51 COMPILER V9.54, COMPILATION OF MODULE INIT
OBJECT MODULE PLACED IN .\Objects\init.obj
COMPILER INVOKED BY: D:\Keil_v5\C51\BIN\C51.EXE ..\Source\Driver\init.c OPTIMIZE(8,SPEED) BROWSE INCDIR(..\Source\Driver
                    -;..\Source\User) DEBUG OBJECTEXTEND PRINT(.\Listings\init.lst) OBJECT(.\Objects\init.obj)

line level    source

   1          #include <init.H>
   2          void sys_init(void)
   3          {
   4   1              unsigned char temp;
   5   1              
   6   1              P0=0xff;
   7   1              temp=P2&0x1f;
   8   1              temp=temp|0x80;
   9   1              P2=temp;
  10   1              temp=P2&0x1f;
  11   1              P2=temp;
  12   1              
  13   1              P0=0x00;
  14   1              temp=P2&0x1f;
  15   1              temp=temp|0xa0;
  16   1              P2=temp;
  17   1              temp=P2&0x1f;
  18   1              P2=temp;
  19   1      }


MODULE INFORMATION:   STATIC OVERLAYABLE
   CODE SIZE        =     39    ----
   CONSTANT SIZE    =   ----    ----
   XDATA SIZE       =   ----    ----
   PDATA SIZE       =   ----    ----
   DATA SIZE        =   ----    ----
   IDATA SIZE       =   ----    ----
   BIT SIZE         =   ----    ----
END OF MODULE INFORMATION.


C51 COMPILATION COMPLETE.  0 WARNING(S),  0 ERROR(S)
