C51 COMPILER V9.54   LED                                                                   05/29/2025 17:27:56 PAGE 1   


C51 COMPILER V9.54, COMPILATION OF MODULE LED
OBJECT MODULE PLACED IN .\Objects\led.obj
COMPILER INVOKED BY: D:\Keil_v5\C51\BIN\C51.EXE ..\Source\Driver\led.c OPTIMIZE(8,SPEED) BROWSE INCDIR(..\Source\Driver;
                    -..\Source\User) DEBUG OBJECTEXTEND PRINT(.\Listings\led.lst) OBJECT(.\Objects\led.obj)

line level    source

   1          #include <led.H>
   2          unsigned char led=0x00;
   3          unsigned char led_old=0xff;
   4          void led_disp(unsigned char *pLedBuf)
   5          {
   6   1              unsigned char temp;
   7   1              led=0x00;
   8   1              led=(pLedBuf[0]<<0)|(pLedBuf[1]<<1)|(pLedBuf[2]<<2)|(pLedBuf[3]<<3)|
   9   1                              (pLedBuf[4]<<4)|(pLedBuf[5]<<5)|(pLedBuf[6]<<6)|(pLedBuf[7]<<7);
  10   1              
  11   1              if(led_old!=led)
  12   1              {
  13   2                      P0=~led;
  14   2                      
  15   2                      temp=P2&0x1f;
  16   2                      temp=temp|0x80;
  17   2                      P2=temp;
  18   2                      temp=P2&0x1f;
  19   2                      P2=temp;
  20   2                      
  21   2                      led_old=led;
  22   2              }
  23   1      }
  24          
  25          unsigned char brm=0x00;
  26          unsigned char brm_old=0xff;
  27          void relay(bit enable)
  28          {
  29   1              unsigned char temp;
  30   1              if(enable)
  31   1                      brm|=0x10;
  32   1              else
  33   1                      brm&=~0x10;
  34   1              
  35   1              if(brm_old!=brm)
  36   1              {
  37   2                      P0=brm;
  38   2                      
  39   2                      temp=P2&0x1f;
  40   2                      temp=temp|0xa0;
  41   2                      P2=temp;
  42   2                      temp=P2&0x1f;
  43   2                      P2=temp;
  44   2                      
  45   2                      brm_old=brm;
  46   2              }
  47   1      }


MODULE INFORMATION:   STATIC OVERLAYABLE
   CODE SIZE        =    162    ----
   CONSTANT SIZE    =   ----    ----
   XDATA SIZE       =   ----    ----
   PDATA SIZE       =   ----    ----
C51 COMPILER V9.54   LED                                                                   05/29/2025 17:27:56 PAGE 2   

   DATA SIZE        =      4    ----
   IDATA SIZE       =   ----    ----
   BIT SIZE         =   ----       1
END OF MODULE INFORMATION.


C51 COMPILATION COMPLETE.  0 WARNING(S),  0 ERROR(S)
