C51 COMPILER V9.54   MAIN                                                                  05/29/2025 17:27:56 PAGE 1   


C51 COMPILER V9.54, COMPILATION OF MODULE MAIN
OBJECT MODULE PLACED IN .\Objects\main.obj
COMPILER INVOKED BY: D:\Keil_v5\C51\BIN\C51.EXE ..\Source\User\main.c OPTIMIZE(8,SPEED) BROWSE INCDIR(..\Source\Driver;.
                    -.\Source\User) DEBUG OBJECTEXTEND PRINT(.\Listings\main.lst) OBJECT(.\Objects\main.obj)

line level    source

   1          /*头文件引用区域*/
   2          #include <STC15F2K60S2.H>
   3          #include <init.H>
   4          #include <led.H>
   5          #include <seg.H>
   6          #include <key.H>
   7          #include <iic.H>
   8          #include <onewire.H>
   9          #include <ultrasound.H>
  10          /*变量声明区域*/
  11          idata unsigned long int sys_tick;
  12          idata bit relay_buf=0;
  13          idata unsigned char led_buf[8]={0,0,0,0,0,0,0,0};
  14          idata unsigned char seg_pos,seg_buf[8]={10,10,10,10,10,10,10,10};
  15          idata unsigned char key_val,key_old,key_down,key_up;
  16          
  17          idata unsigned char seg_show_mode=0;//【0-温度测距】【1-参数】【2-工厂】
  18          idata bit dist_CM_M=0;//【0-CM】【1-M】
  19          idata bit parameter_index=0;//【0-距离】【1-温度】
  20          idata unsigned char set_mode=0;//【0-校准值】【1-介质】【2-DAC】
  21          
  22          idata float temperature;
  23          idata float temperature_parameter=30.0;
  24          
  25          idata unsigned int us_velocity=340;
  26          idata unsigned char us_distance;
  27          idata unsigned char us_distance_parameter=40;
  28          idata int us_distance_calibration=0;
  29          
  30          idata float dac_voltage_out;
  31          idata float dac_voltage_min=1.0001;
  32          
  33          idata unsigned int time_100ms=0;
  34          idata bit time_100ms_flag=0;
  35          
  36          idata bit key89_press_flag=0;
  37          idata unsigned int key89_press_2s;
  38          
  39          pdata unsigned char distance_record[12]={0};
  40          idata unsigned char distance_record_index=0;
  41          idata bit record_flag=0;
  42          idata unsigned int record_time_6s=0;
  43          
  44          pdata float dac_output[12]={0};
  45          idata unsigned char dac_output_index=0;
  46          idata bit dac_output_flag=0;
  47          idata unsigned int output_time_500ms=0;
  48          /*数据获取区域*/
  49          void temperature_task(void)
  50          {
  51   1              temperature=temperature_read();
  52   1      }
  53          void adda_task(void)
  54          {
C51 COMPILER V9.54   MAIN                                                                  05/29/2025 17:27:56 PAGE 2   

  55   1              if(dac_output_flag==1)
  56   1              {
  57   2                      if(dac_output_index<12)
  58   2                      {
  59   3      //                      dac_output[dac_output_index]=5.0-((89.f/80.f)*(5.0-dac_voltage_min)*distance_record[dac_output_index]
             -);
  60   3                              dac_output[dac_output_index]=dac_voltage_min+((distance_record[dac_output_index]-10.0f)*((5.0f-dac_volt
             -age_min)/80.0f));
  61   3                              dac_voltage_out=dac_output[dac_output_index];
  62   3                              da_write(dac_voltage_out*51.0);
  63   3                      }
  64   2              }
  65   1      }
  66          void us_task(void)
  67          {
  68   1              us_distance=((float)us_distance_get()*((float)us_velocity/340.0))+us_distance_calibration;
  69   1              
  70   1              if(record_flag==1)
  71   1              {
  72   2                      if(distance_record_index<12)
  73   2                      {
  74   3                              distance_record[distance_record_index]=us_distance;
  75   3                              distance_record_index++;
  76   3                      }
  77   2              }
  78   1      }
  79          /*按键控制区域*/
  80          void key_task(void)
  81          {
  82   1              unsigned char i;
  83   1              key_val=key_read();
  84   1              key_down=key_val&(key_old^key_val);
  85   1              key_up=~key_val&(key_old^key_val);
  86   1              key_old=key_val;
  87   1              
  88   1              if(record_flag==1)return;
  89   1              
  90   1              if(key_old==89)
  91   1              {
  92   2                      key89_press_flag=1;
  93   2              }
  94   1              if(key89_press_2s>=2000)
  95   1              {
  96   2                      seg_show_mode=0;
  97   2                      dist_CM_M=0;
  98   2                      parameter_index=0;
  99   2                      set_mode=0;
 100   2                      us_distance_parameter=40;
 101   2                      temperature_parameter=30.0;
 102   2                      us_distance_calibration=0;
 103   2                      us_velocity=340;
 104   2                      dac_voltage_min=1.0;
 105   2              }
 106   1              if(key_up==89 || key_up==8 || key_up==9)
 107   1              {
 108   2                      key89_press_flag=0;
 109   2                      key89_press_2s=0;
 110   2              }
 111   1              
 112   1              if(key_down==4)
 113   1              {
 114   2                      seg_show_mode=(++seg_show_mode)%3;
C51 COMPILER V9.54   MAIN                                                                  05/29/2025 17:27:56 PAGE 3   

 115   2                      dist_CM_M=parameter_index=set_mode=0;
 116   2              }
 117   1              else if(key_down==5)
 118   1              {
 119   2                      if(seg_show_mode==0)
 120   2                              dist_CM_M^=1;
 121   2                      else if(seg_show_mode==1)
 122   2                              parameter_index^=1;
 123   2                      else if(seg_show_mode==2)
 124   2                              set_mode=(++set_mode)%3;                
 125   2              }
 126   1              else if(key_down==8)
 127   1              {
 128   2                      if(seg_show_mode==0)            /*【0-测距】*/
 129   2                      {
 130   3                              for(i=0;i<12;i++)
 131   3                              {
 132   4                                      distance_record[i]=0;
 133   4                              }
 134   3                              distance_record_index=0;
 135   3                              record_flag=1;                          //【记录】
 136   3                      }
 137   2                      else if(seg_show_mode==1)               /*【1-参数】*/
 138   2                      {
 139   3                              if(parameter_index==0)          //【0-距离】
 140   3                              {
 141   4                                      us_distance_parameter+=10;
 142   4                                      if(us_distance_parameter==100)
 143   4                                              us_distance_parameter=90;
 144   4                              }
 145   3                              else                                            //【1-温度】
 146   3                              {
 147   4                                      temperature_parameter+=1.0;
 148   4                                      if(temperature_parameter==81.0)
 149   4                                              temperature_parameter=80.0;
 150   4                              }
 151   3                      }
 152   2                      else if(seg_show_mode==2)       /*【2-工厂】*/
 153   2                      {
 154   3                              if(set_mode==0)                         //【0-校准值】
 155   3                              {
 156   4                                      us_distance_calibration+=5;
 157   4                                      if(us_distance_calibration==95)
 158   4                                              us_distance_calibration=90;
 159   4                              }
 160   3                              else if(set_mode==1)            //【1-介质】
 161   3                              {
 162   4                                      us_velocity+=10;
 163   4                                      if(us_velocity==10000)
 164   4                                              us_velocity=9990;
 165   4                              }
 166   3                              else if(set_mode==2)            //【2-DAC】
 167   3                              {
 168   4                                      dac_voltage_min+=0.1;
 169   4                                      if(dac_voltage_min>2.0)
 170   4                                              dac_voltage_min=2.0;
 171   4                              }
 172   3                      }
 173   2              }
 174   1              else if(key_down==9)
 175   1              {
 176   2                      if(seg_show_mode==0)            /*【0-测距】*/
C51 COMPILER V9.54   MAIN                                                                  05/29/2025 17:27:56 PAGE 4   

 177   2                      {
 178   3                              dac_output_flag=1;//【输出】
 179   3                      }
 180   2                      else if(seg_show_mode==1)               /*【1-参数】*/
 181   2                      {
 182   3                              if(parameter_index==0)          //【0-距离】
 183   3                              {
 184   4                                      us_distance_parameter-=10;
 185   4                                      if(us_distance_parameter==0)
 186   4                                              us_distance_parameter=10;
 187   4                              }
 188   3                              else                                            //【1-温度】
 189   3                              {
 190   4                                      temperature_parameter-=1.0;
 191   4                                      if(temperature_parameter==-1.0)
 192   4                                              temperature_parameter=0.0;
 193   4                              }
 194   3                      }
 195   2                      else if(seg_show_mode==2)       /*【2-工厂】*/
 196   2                      {
 197   3                              if(set_mode==0)                         //【0-校准值】
 198   3                              {
 199   4                                      us_distance_calibration-=5;
 200   4                                      if(us_distance_calibration==-95)
 201   4                                              us_distance_calibration=-90;
 202   4                              }
 203   3                              else if(set_mode==1)            //【1-介质】
 204   3                              {
 205   4                                      us_velocity-=10;
 206   4                                      if(us_velocity==0)
 207   4                                              us_velocity=10;
 208   4                              }
 209   3                              else if(set_mode==2)            //【2-DAC】
 210   3                              {
 211   4                                      dac_voltage_min-=0.0999;
 212   4                                      if(dac_voltage_min<0.1)
 213   4                                              dac_voltage_min=0.1;
 214   4                              }
 215   3                      }
 216   2              }
 217   1      }
 218          /*数码管控制区域*/
 219          void seg_task(void)
 220          {
 221   1              unsigned char j;
 222   1              switch(seg_show_mode)
 223   1              {
 224   2                      case 0:
 225   2                              seg_buf[0]=(unsigned char)(temperature)/10;
 226   2                              seg_buf[1]=(unsigned char)(temperature)%10+',';
 227   2                              seg_buf[2]=(unsigned int)(temperature*10)%10;
 228   2                              seg_buf[3]=11;
 229   2                              seg_buf[4]=us_distance/1000%10;
 230   2                              seg_buf[5]=!dist_CM_M?(us_distance/100%10):(us_distance/100%10+',');
 231   2                              seg_buf[6]=us_distance/10%10;
 232   2                              seg_buf[7]=us_distance/1%10;
 233   2                              for(j=4;j<7;j++)
 234   2                              {
 235   3                                      if(seg_buf[j]==0 && (seg_buf[j-1]==10 || seg_buf[j-1]==11))
 236   3                                              seg_buf[j]=10;
 237   3                              }
 238   2                      break;
C51 COMPILER V9.54   MAIN                                                                  05/29/2025 17:27:56 PAGE 5   

 239   2                      case 1:
 240   2                              seg_buf[0]=12;
 241   2                              seg_buf[1]=(unsigned char)parameter_index+1;
 242   2                              seg_buf[2]=seg_buf[3]=seg_buf[4]=seg_buf[5]=10;
 243   2                              seg_buf[6]=!parameter_index?(us_distance_parameter/10):((unsigned char)temperature_parameter/10);
 244   2                              seg_buf[7]=!parameter_index?(us_distance_parameter%10):((unsigned char)temperature_parameter%10);
 245   2                      break;
 246   2                      case 2:
 247   2                              seg_buf[0]=13;
 248   2                              seg_buf[1]=set_mode+1;
 249   2                              seg_buf[2]=seg_buf[3]=10;
 250   2                              if(set_mode==0)
 251   2                              {
 252   3                                      seg_buf[4]=10;
 253   3                                      if(us_distance_calibration>=0)
 254   3                                      {
 255   4                                              seg_buf[5]=us_distance_calibration/100%10;
 256   4                                              seg_buf[6]=us_distance_calibration/10%10;
 257   4                                              seg_buf[7]=us_distance_calibration/1%10;
 258   4                                      }
 259   3                                      else
 260   3                                      {
 261   4                                              seg_buf[5]=!(us_distance_calibration<=-10 && us_distance_calibration>-100)?((-us_distance_calibration
             -)/100%10):11;
 262   4                                              seg_buf[6]=!(us_distance_calibration<=-1 && us_distance_calibration>-10)?((-us_distance_calibration)/
             -10%10):11;
 263   4                                              seg_buf[7]=(-us_distance_calibration)/1%10;
 264   4                                      }
 265   3                                      for(j=4;j<7;j++)
 266   3                                      {
 267   4                                              if(seg_buf[j]==0 && seg_buf[j-1]==10)
 268   4                                                      seg_buf[j]=10;
 269   4                                      }
 270   3                              }
 271   2                              else if(set_mode==1)
 272   2                              {
 273   3                                      seg_buf[4]=us_velocity/1000%10;
 274   3                                      seg_buf[5]=us_velocity/100%10;
 275   3                                      seg_buf[6]=us_velocity/10%10;
 276   3                                      seg_buf[7]=us_velocity/1%10;
 277   3                                      for(j=4;j<7;j++)
 278   3                                      {
 279   4                                              if(seg_buf[j]==0 && seg_buf[j-1]==10)
 280   4                                                      seg_buf[j]=10;
 281   4                                      }
 282   3                              }
 283   2                              else if(set_mode==2)
 284   2                              {
 285   3                                      seg_buf[4]=10;
 286   3                                      seg_buf[5]=10;
 287   3                                      seg_buf[6]=(unsigned char)dac_voltage_min%10+',';
 288   3                                      seg_buf[7]=(unsigned char)(dac_voltage_min*10)%10;
 289   3                              }
 290   2                      break;
 291   2              }
 292   1      }
 293          /*LED控制区域*/
 294          void led_task(void)
 295          {
 296   1              unsigned char i;
 297   1              if(seg_show_mode==0)
 298   1              {
C51 COMPILER V9.54   MAIN                                                                  05/29/2025 17:27:56 PAGE 6   

 299   2                      for(i=0;i<8;i++)
 300   2                              {led_buf[i]=((us_distance>>i) & 0x01);}
 301   2              }
 302   1              else if(seg_show_mode==1)
 303   1              {
 304   2                      led_buf[7]=1;
 305   2                      for(i=0;i<7;i++)
 306   2                              {led_buf[i]=0;}
 307   2              }
 308   1              else if(seg_show_mode==2)
 309   1              {
 310   2                      led_buf[0]=time_100ms_flag;
 311   2                      for(i=1;i<8;i++)
 312   2                              {led_buf[i]=0;}
 313   2              }
 314   1              
 315   1              relay_buf=(((us_distance_parameter-5)<=(us_distance) && ((us_distance)<=(us_distance_parameter+5))) && (t
             -emperature<temperature_parameter));
 316   1              
 317   1              led_disp(led_buf);
 318   1              relay(relay_buf);
 319   1      }
 320          /*定时器1区域*/
 321          void Timer1_Init(void)          //1毫秒@12.000MHz
 322          {
 323   1              AUXR &= 0xBF;                   //定时器时钟12T模式
 324   1              TMOD &= 0x0F;                   //设置定时器模式
 325   1              TL1 = 0x18;                             //设置定时初始值
 326   1              TH1 = 0xFC;                             //设置定时初始值
 327   1              TF1 = 0;                                //清除TF1标志
 328   1              TR1 = 1;                                //定时器1开始计时
 329   1              ET1 = 1;                                //使能定时器1中断
 330   1      }
 331          void Timer1_Isr(void) interrupt 3
 332          {
 333   1              sys_tick++;
 334   1              
 335   1              seg_pos=(++seg_pos)%8;
 336   1              if(seg_buf[seg_pos]>20)
 337   1                      seg_disp(seg_pos,seg_buf[seg_pos]-',',1);
 338   1              else
 339   1                      seg_disp(seg_pos,seg_buf[seg_pos],0);
 340   1              
 341   1              if(seg_show_mode==2)
 342   1              {
 343   2                      if(++time_100ms==100)
 344   2                      {
 345   3                              time_100ms=0;
 346   3                              time_100ms_flag^=1;
 347   3                      }
 348   2              }
 349   1              else
 350   1              {
 351   2                      time_100ms=0;
 352   2                      time_100ms_flag=0;
 353   2              }
 354   1              
 355   1              if(key89_press_flag)
 356   1              {
 357   2                      if(++key89_press_2s>=2000)
 358   2                              key89_press_2s=2001;
 359   2              }
C51 COMPILER V9.54   MAIN                                                                  05/29/2025 17:27:56 PAGE 7   

 360   1              else
 361   1                      key89_press_2s=0;
 362   1              
 363   1              
 364   1              if(record_flag==1)
 365   1              {
 366   2                      if(++record_time_6s==6000)
 367   2                      {
 368   3                              record_flag=0;
 369   3                              record_time_6s=0;
 370   3                              distance_record_index=0;
 371   3                      }
 372   2              }
 373   1              
 374   1              if(dac_output_flag==1)
 375   1              {
 376   2                      if(++output_time_500ms==500)
 377   2                      {
 378   3                              output_time_500ms=0;
 379   3                              if(dac_output_index<12)
 380   3                              {
 381   4                                      dac_output_index++;
 382   4                              }
 383   3                              else
 384   3                              {
 385   4                                      dac_output_flag=0;
 386   4                                      output_time_500ms=0;
 387   4                                      dac_output_index=0;
 388   4                              }
 389   3                      }
 390   2              }
 391   1      }
 392          /*调度器区域*/
 393          typedef struct{
 394                  void (*pTaskFunc)(void);
 395                  unsigned long int RateMs;
 396                  unsigned long int LastTime;
 397          }TaskT;
 398          idata TaskT scheduler_task[]={
 399                  {key_task,10,0},
 400                  {seg_task,50,0},
 401                  {led_task,1,0},
 402                  {temperature_task,300,0},
 403                  {adda_task,50,0},
 404                  {us_task,450,0}
 405                  
 406          };
 407          idata unsigned char task_num;
 408          void scheduler_init(void)
 409          {
 410   1              task_num=sizeof(scheduler_task)/sizeof(TaskT);
 411   1      }
 412          void scheduler_run(void)
 413          {
 414   1              unsigned char i;
 415   1              for(i=0;i<task_num;i++)
 416   1              {
 417   2                      unsigned long int now_time=sys_tick;
 418   2                      if(now_time>=scheduler_task[i].RateMs+scheduler_task[i].LastTime)
 419   2                      {
 420   3                              scheduler_task[i].LastTime=now_time;
 421   3                              scheduler_task[i].pTaskFunc();
C51 COMPILER V9.54   MAIN                                                                  05/29/2025 17:27:56 PAGE 8   

 422   3                      }
 423   2              }
 424   1      }
 425          /*初始化区域*/
 426          void init_task(void)
 427          {
 428   1              sys_init();
 429   1              scheduler_init();
 430   1              while(temperature_read()==85);
 431   1              Timer1_Init();
 432   1              EA=1;
 433   1      }
 434          /*主函数区域*/
 435          void main()
 436          {
 437   1              init_task();
 438   1              while(1)
 439   1              {
 440   2                      scheduler_run();
 441   2              }
 442   1      }


MODULE INFORMATION:   STATIC OVERLAYABLE
   CODE SIZE        =   2340    ----
   CONSTANT SIZE    =   ----    ----
   XDATA SIZE       =   ----    ----
   PDATA SIZE       =     60    ----
   DATA SIZE        =   ----       7
   IDATA SIZE       =    126    ----
   BIT SIZE         =      7    ----
END OF MODULE INFORMATION.


C51 COMPILATION COMPLETE.  0 WARNING(S),  0 ERROR(S)
