C51 COMPILER V9.54   SEG                                                                   05/29/2025 17:27:56 PAGE 1   


C51 COMPILER V9.54, COMPILATION OF MODULE SEG
OBJECT MODULE PLACED IN .\Objects\seg.obj
COMPILER INVOKED BY: D:\Keil_v5\C51\BIN\C51.EXE ..\Source\Driver\seg.c OPTIMIZE(8,SPEED) BROWSE INCDIR(..\Source\Driver;
                    -..\Source\User) DEBUG OBJECTEXTEND PRINT(.\Listings\seg.lst) OBJECT(.\Objects\seg.obj)

line level    source

   1          #include <seg.H>
   2          unsigned char seg_dula[]={0xC0,0xF9,0xA4,0xB0,0x99,0x92,0x82,0xF8,0x80,0x90,0xff,
   3          0xbf,//-11
   4          0x8c,//P12
   5          0x8e,//F13
   6          };
   7          void seg_disp(unsigned char wela,dula,point)
   8          {
   9   1              unsigned char temp;
  10   1              
  11   1              P0=0xff;
  12   1              temp=P2&0x1f;
  13   1              temp=temp|0xe0;
  14   1              P2=temp;
  15   1              temp=P2&0x1f;
  16   1              P2=temp;
  17   1              
  18   1              P0=0x01<<wela;
  19   1              temp=P2&0x1f;
  20   1              temp=temp|0xc0;
  21   1              P2=temp;
  22   1              temp=P2&0x1f;
  23   1              P2=temp;
  24   1              
  25   1              P0=seg_dula[dula];
  26   1              if(point)
  27   1                      P0&=0x7f;
  28   1              temp=P2&0x1f;
  29   1              temp=temp|0xe0;
  30   1              P2=temp;
  31   1              temp=P2&0x1f;
  32   1              P2=temp;        
  33   1      }


MODULE INFORMATION:   STATIC OVERLAYABLE
   CODE SIZE        =     80    ----
   CONSTANT SIZE    =   ----    ----
   XDATA SIZE       =   ----    ----
   PDATA SIZE       =   ----    ----
   DATA SIZE        =     14    ----
   IDATA SIZE       =   ----    ----
   BIT SIZE         =   ----    ----
END OF MODULE INFORMATION.


C51 COMPILATION COMPLETE.  0 WARNING(S),  0 ERROR(S)
