C51 COMPILER V9.54   ULTRASOUND                                                            05/29/2025 17:27:56 PAGE 1   


C51 COMPILER V9.54, COMPILATION OF MODULE ULTRASOUND
OBJECT MODULE PLACED IN .\Objects\ultrasound.obj
COMPILER INVOKED BY: D:\Keil_v5\C51\BIN\C51.EXE ..\Source\Driver\ultrasound.c OPTIMIZE(8,SPEED) BROWSE INCDIR(..\Source\
                    -Driver;..\Source\User) DEBUG OBJECTEXTEND PRINT(.\Listings\ultrasound.lst) OBJECT(.\Objects\ultrasound.obj)

line level    source

   1          #include <ultrasound.H>
   2          
   3          void Delay12us(void)    //@12.000MHz
   4          {
   5   1              unsigned char data i;
   6   1      
   7   1              _nop_();
   8   1              _nop_();
   9   1              i = 38;
  10   1              while (--i);
  11   1      }
  12          void us_init(void)
  13          {
  14   1              unsigned char k;
  15   1              for(k=0;k<8;k++)
  16   1              {
  17   2                      TX=1;
  18   2                      Delay12us();
  19   2                      TX=0;
  20   2                      Delay12us();
  21   2              }
  22   1      }
  23          
  24          unsigned char us_distance_get(void)
  25          {
  26   1              unsigned int time;
  27   1              CMOD = CL = CH = 0x00;//设置定时初始值
  28   1              
  29   1              EA=0;
  30   1              us_init();
  31   1              EA=1;
  32   1              
  33   1              CR = 1;                         //定时器开始计时
  34   1              while((CF==0)&&(RX==1))
  35   1                      ;
  36   1              CR = 0;                         //定时器开始计时
  37   1              
  38   1              if(CF==0)
  39   1              {
  40   2                      time=(CH<<8)|CL;
  41   2                      return (time*0.017)+3;
  42   2              }
  43   1              else
  44   1              {
  45   2                      CF = 0;                         //清除CF标志
  46   2                      return 0;
  47   2              }
  48   1      }
  49          


MODULE INFORMATION:   STATIC OVERLAYABLE
   CODE SIZE        =     94    ----
   CONSTANT SIZE    =   ----    ----
C51 COMPILER V9.54   ULTRASOUND                                                            05/29/2025 17:27:56 PAGE 2   

   XDATA SIZE       =   ----    ----
   PDATA SIZE       =   ----    ----
   DATA SIZE        =   ----    ----
   IDATA SIZE       =   ----    ----
   BIT SIZE         =   ----    ----
END OF MODULE INFORMATION.


C51 COMPILATION COMPLETE.  0 WARNING(S),  0 ERROR(S)
