C51 COMPILER V9.54   ULTRASOUND                                                            03/05/2025 16:45:32 PAGE 1   


C51 COMPILER V9.54, COMPILATION OF MODULE ULTRASOUND
OBJECT MODULE PLACED IN .\Objects\UltraSound.obj
COMPILER INVOKED BY: D:\Keil_v5\C51\BIN\C51.EXE Driver\UltraSound.c OPTIMIZE(8,SPEED) BROWSE INCDIR(.\User;.\Driver) DEB
                    -UG OBJECTEXTEND PRINT(.\Listings\UltraSound.lst) OBJECT(.\Objects\UltraSound.obj)

line level    source

   1          #include <UltraSound.H>
   2          
   3          void Delay12us(void)    //@12.000MHz
   4          {
   5   1              unsigned char data i;
   6   1      
   7   1              _nop_();
   8   1              _nop_();
   9   1              i = 33;
  10   1              while (--i);
  11   1      }
  12          
  13          void US_Emission()
  14          {
  15   1              unsigned char i;
  16   1              for(i=0;i<8;i++)
  17   1              {
  18   2                      US_TX=1;
  19   2                      Delay12us();
  20   2                      US_TX=0;
  21   2                      Delay12us();            
  22   2              }
  23   1      }
  24          
  25          unsigned char US_Length_Read(void)
  26          {
  27   1              unsigned int time;
  28   1              TMOD &= 0x0F;                   //设置定时器模式
  29   1              TL1 = 0;                                //设置定时初始值
  30   1              TH1 = 0;                                //设置定时初始值
  31   1              US_Emission();
  32   1              TR1 = 1;                                //定时器1开始计时
  33   1              while((US_RX==1)&&(TF1==0));
  34   1              TR1=0;
  35   1              if(TF1==0)//定时器未溢出
  36   1              {
  37   2                      time=TH1<<8|TL1;
  38   2                      return (time*0.017);
  39   2              }
  40   1              else//定时器溢出
  41   1              {
  42   2                      TF1=0;
  43   2                      return 0;
  44   2              }
  45   1      }
  46          
  47          


MODULE INFORMATION:   STATIC OVERLAYABLE
   CODE SIZE        =     81    ----
   CONSTANT SIZE    =   ----    ----
   XDATA SIZE       =   ----    ----
   PDATA SIZE       =   ----    ----
C51 COMPILER V9.54   ULTRASOUND                                                            03/05/2025 16:45:32 PAGE 2   

   DATA SIZE        =   ----    ----
   IDATA SIZE       =   ----    ----
   BIT SIZE         =   ----    ----
END OF MODULE INFORMATION.


C51 COMPILATION COMPLETE.  0 WARNING(S),  0 ERROR(S)
