C51 COMPILER V9.54   BEEPER                                                                04/10/2025 03:32:24 PAGE 1   


C51 COMPILER V9.54, COMPILATION OF MODULE BEEPER
OBJECT MODULE PLACED IN .\Objects\Beeper.obj
COMPILER INVOKED BY: D:\Keil_v5\C51\BIN\C51.EXE Driver\Beeper.c OPTIMIZE(8,SPEED) BROWSE INCDIR(.\Driver;.\User) DEBUG O
                    -BJECTEXTEND PRINT(.\Listings\Beeper.lst) OBJECT(.\Objects\Beeper.obj)

line level    source

   1          #include <Beeper.H>
   2          void Beeper(bit enable)
   3          {
   4   1              static unsigned char temp=0x00;
   5   1              static unsigned char temp_old=0xff;
   6   1              
   7   1              if(enable)
   8   1                      temp|=0x40;
   9   1              else
  10   1                      temp&=~(0x40);
  11   1              
  12   1              if(temp!=temp_old)
  13   1              {
  14   2                      P0=temp;
  15   2                      P2=P2&0x1f|0xa0;
  16   2                      P2&=0x1f;
  17   2                      temp_old=temp;
  18   2              }
  19   1      }


MODULE INFORMATION:   STATIC OVERLAYABLE
   CODE SIZE        =     35    ----
   CONSTANT SIZE    =   ----    ----
   XDATA SIZE       =   ----    ----
   PDATA SIZE       =   ----    ----
   DATA SIZE        =      2    ----
   IDATA SIZE       =   ----    ----
   BIT SIZE         =   ----       1
END OF MODULE INFORMATION.


C51 COMPILATION COMPLETE.  0 WARNING(S),  0 ERROR(S)
