C51 COMPILER V9.54   MAIN                                                                  04/10/2025 03:32:24 PAGE 1   


C51 COMPILER V9.54, COMPILATION OF MODULE MAIN
OBJECT MODULE PLACED IN .\Objects\main.obj
COMPILER INVOKED BY: D:\Keil_v5\C51\BIN\C51.EXE User\main.c OPTIMIZE(8,SPEED) BROWSE INCDIR(.\Driver;.\User) DEBUG OBJEC
                    -TEXTEND PRINT(.\Listings\main.lst) OBJECT(.\Objects\main.obj)

line level    source

   1          /*头文件引用区域*/
   2          #include <STC15F2K60S2.H>
   3          #include <Init.H>
   4          #include <Seg.H>
   5          #include <Uart.H>
   6          #include <ds1302.H>
   7          #include <Beeper.H>
   8          /*变量声明区域*/
   9          idata unsigned char Seg_Slow,Seg_Pos,Seg_Buf[8]={10,10,10,10,10,10,10,10};
  10          idata unsigned char Beeper_Buf=0;
  11          idata unsigned char Rtc[3]={23,59,59};
  12          
  13          idata unsigned int Time_2000ms;
  14          
  15          idata unsigned char Uart_Buf[10]={0};
  16          idata unsigned char Uart_Index;
  17          idata unsigned char Uart_Rx_Flag;
  18          idata unsigned char Uart_Tick;
  19          idata int result,chars_read;
  20          idata unsigned char hour,minute,second;
  21          
  22          idata unsigned char Rtc_Alarm[3];
  23          /*数码管控制区域*/
  24          void Seg_Proc()
  25          {
  26   1              if(Seg_Slow)return;
  27   1              Seg_Slow=1;
  28   1              
  29   1              RTC_Read(Rtc);
  30   1              
  31   1              Seg_Buf[0]=Rtc[0]/10%10;
  32   1              Seg_Buf[1]=Rtc[0]%10;
  33   1              Seg_Buf[2]=11;
  34   1              Seg_Buf[3]=Rtc[1]/10%10;
  35   1              Seg_Buf[4]=Rtc[1]%10;
  36   1              Seg_Buf[5]=11;
  37   1              Seg_Buf[6]=Rtc[2]/10%10;
  38   1              Seg_Buf[7]=Rtc[2]%10;
  39   1      }
  40          /*蜂鸣器控制区域*/
  41          void Beeper_Proc()
  42          {
  43   1              if(Rtc[0]==Rtc_Alarm[0] && Rtc[1]==Rtc_Alarm[1] && Rtc[2]==Rtc_Alarm[2])
  44   1              {
  45   2                      Beeper_Buf=1;
  46   2              }
  47   1      }
  48          /*串口控制区域*/
  49          void Uart_Proc()
  50          {
  51   1              if(Uart_Index==0)return;
  52   1              if(Uart_Tick>=10)
  53   1              {
  54   2                      Uart_Tick=0;
C51 COMPILER V9.54   MAIN                                                                  04/10/2025 03:32:24 PAGE 2   

  55   2                      Uart_Rx_Flag=0;
  56   2                      result=sscanf((char*)Uart_Buf,"%bu：%bu：%bu%n",&hour,&minute,&second,&chars_read);
  57   2                      if(result==3 && chars_read==strlen((char*)Uart_Buf))
  58   2                      {
  59   3                              Rtc_Alarm[0]=hour;
  60   3                              Rtc_Alarm[1]=minute;
  61   3                              Rtc_Alarm[2]=second;
  62   3      //                      printf("chars_read=%u\r\nstrlen=%u\r\n",chars_read,strlen((char*)Uart_Buf));
  63   3      //                      printf("hour=%bu\r\nminute=%bu\r\nsecond=%bu",hour,minute,second);
  64   3                      }
  65   2                      else
  66   2                      {
  67   3                              printf("error");
  68   3                      }
  69   2                      
  70   2                      memset(Uart_Buf,0,Uart_Index);
  71   2                      Uart_Index=0;
  72   2              }
  73   1      }
  74          /*串口中断区域*/
  75          void Uart1_Isr(void) interrupt 4
  76          {
  77   1              if (RI)                         //检测串口1接收中断
  78   1              {
  79   2                      Uart_Rx_Flag=1;
  80   2                      Uart_Tick=0;
  81   2                      Uart_Buf[Uart_Index++]=SBUF;
  82   2                      
  83   2                      RI = 0;                 //清除串口1接收中断请求位
  84   2                      if(Uart_Index>10)
  85   2                      {
  86   3                              Uart_Index=0;
  87   3                              memset(Uart_Buf,0,10);
  88   3                      }
  89   2              }
  90   1      }
  91          /*定时器1区域*/
  92          void Timer1_Init(void)          //1毫秒@12.000MHz
  93          {
  94   1              AUXR &= 0xBF;                   //定时器时钟12T模式
  95   1              TMOD &= 0x0F;                   //设置定时器模式
  96   1              TL1 = 0x18;                             //设置定时初始值
  97   1              TH1 = 0xFC;                             //设置定时初始值
  98   1              TF1 = 0;                                //清除TF1标志
  99   1              TR1 = 1;                                //定时器1开始计时
 100   1              ET1 = 1;                                //使能定时器1中断
 101   1              EA=1;
 102   1      }
 103          void Timer1_Isr(void) interrupt 3
 104          {
 105   1              if(++Seg_Slow==90)Seg_Slow=0;
 106   1              if(++Seg_Pos==8)Seg_Pos=0;
 107   1              if(Seg_Buf[Seg_Pos]>20)
 108   1                      Seg_Disp(Seg_Pos,Seg_Buf[Seg_Pos]-',',1);
 109   1              else
 110   1                      Seg_Disp(Seg_Pos,Seg_Buf[Seg_Pos],0);
 111   1              Beeper(Beeper_Buf);
 112   1              
 113   1              
 114   1              
 115   1              if(Uart_Rx_Flag==1)Uart_Tick++;
 116   1              
C51 COMPILER V9.54   MAIN                                                                  04/10/2025 03:32:24 PAGE 3   

 117   1              if(Beeper_Buf==1)
 118   1              {
 119   2                      if(++Time_2000ms==2000)
 120   2                      {
 121   3                              Time_2000ms=0;
 122   3                              Beeper_Buf=0;
 123   3                      }
 124   2              }
 125   1      }
 126          /*初始化区域*/
 127          void Init_Proc()
 128          {
 129   1              RTC_Set(Rtc);
 130   1              Sys_Init();
 131   1              Uart1_Init();
 132   1              Timer1_Init();
 133   1      }
 134          /*主函数区域*/
 135          void main()
 136          {
 137   1              Init_Proc();
 138   1              while(1)
 139   1              {
 140   2                      Seg_Proc();
 141   2                      Uart_Proc();
 142   2                      Beeper_Proc();
 143   2              }
 144   1      }


MODULE INFORMATION:   STATIC OVERLAYABLE
   CODE SIZE        =    608    ----
   CONSTANT SIZE    =     22    ----
   XDATA SIZE       =   ----    ----
   PDATA SIZE       =   ----    ----
   DATA SIZE        =   ----    ----
   IDATA SIZE       =     39    ----
   BIT SIZE         =   ----    ----
END OF MODULE INFORMATION.


C51 COMPILATION COMPLETE.  0 WARNING(S),  0 ERROR(S)
