C51 COMPILER V9.54   MAIN                                                                  04/02/2025 22:23:13 PAGE 1   


C51 COMPILER V9.54, COMPILATION OF MODULE MAIN
OBJECT MODULE PLACED IN .\Objects\main.obj
COMPILER INVOKED BY: D:\Keil_v5\C51\BIN\C51.EXE User\main.c OPTIMIZE(8,SPEED) BROWSE INCDIR(.\Driver;.\User) DEBUG OBJEC
                    -TEXTEND PRINT(.\Listings\main.lst) OBJECT(.\Objects\main.obj)

line level    source

   1          /*头文件引用区域*/
   2          #include <STC15F2K60S2.H>
   3          #include <Init.H>
   4          #include <Led.H>
   5          #include <Seg.H>
   6          #include <Key.H>
   7          #include <onewire.H>
   8          /*变量声明区域*/
   9          idata unsigned char i;
  10          idata unsigned char Key_Slow,Key_Val,Key_Old,Key_Down,Key_Up;
  11          idata unsigned char Seg_Slow,Seg_Pos;
  12          idata unsigned char Seg_Buf[8]={10,10,10,10,10,10,10,10},Seg_Point[8]={0,0,0,0,0,0,0,0};
  13          idata unsigned char Beeper_Buf=0,Relay_Buf=0,Led_Buf[8]={0,0,0,0,0,0,0,0};
  14          
  15          idata unsigned char Seg_Show_Mode=0;//【0-温度】【1-校准值】【2-参数】
  16          idata unsigned char Trigger_Mode=0;//【0-上触发】【1-下触发】
  17          
  18          idata float Temperature;
  19          idata float Temperature_Calibration=0;
  20          idata float Temperature_Parameter=26;
  21          /*按键控制区域*/
  22          void Key_Proc()
  23          {
  24   1              if(Key_Slow)return;
  25   1              Key_Slow=1;
  26   1              
  27   1              Key_Val=Key_Read();
  28   1              Key_Down=Key_Val&(Key_Old^Key_Val);
  29   1              Key_Up=~Key_Val&(Key_Old^Key_Val);
  30   1              Key_Old=Key_Val;
  31   1              
  32   1              switch(Key_Down)
  33   1              {
  34   2                      case 4:
  35   2                              if(++Seg_Show_Mode==3)Seg_Show_Mode=0;
  36   2                      break;
  37   2                      case 5:
  38   2                              if(++Trigger_Mode==2)Trigger_Mode=0;
  39   2                      break;
  40   2                      case 8:
  41   2                              if(Seg_Show_Mode==1)
  42   2                              {
  43   3                                      if(--Temperature_Calibration==-100)
  44   3                                              Temperature_Calibration=-99;
  45   3                              }
  46   2                              else if(Seg_Show_Mode==2)
  47   2                              {
  48   3                                      if(--Temperature_Parameter==-100)
  49   3                                              Temperature_Parameter=-99;
  50   3                              }
  51   2                      break;
  52   2                      case 9:
  53   2                              if(Seg_Show_Mode==1)
  54   2                              {
C51 COMPILER V9.54   MAIN                                                                  04/02/2025 22:23:13 PAGE 2   

  55   3                                      if(++Temperature_Calibration==100)
  56   3                                              Temperature_Calibration=99;
  57   3                              }
  58   2                              else if(Seg_Show_Mode==2)
  59   2                              {
  60   3                                      if(++Temperature_Parameter==100)
  61   3                                              Temperature_Parameter=99;
  62   3                              }
  63   2                      break;
  64   2              }
  65   1      }
  66          /*数码管控制区域*/
  67          void Seg_Proc()
  68          {
  69   1              if(Seg_Slow)return;
  70   1              Seg_Slow=1;
  71   1              
  72   1              Temperature=Temperature_Read()+Temperature_Calibration;
  73   1              
  74   1              switch(Seg_Show_Mode)
  75   1              {
  76   2                      case 0:
  77   2                              Seg_Buf[0]=11;
  78   2                              Seg_Buf[1]=Seg_Buf[2]=Seg_Buf[3]=Seg_Buf[4]=10;
  79   2                              Seg_Buf[5]=(unsigned char)(Temperature)/10%10;
  80   2                              Seg_Buf[6]=(unsigned char)(Temperature)/1%10;
  81   2                              Seg_Point[6]=1;
  82   2                              Seg_Buf[7]=(unsigned int)(Temperature*10)%10;
  83   2                      break;
  84   2                      case 1:
  85   2                              Seg_Point[6]=0;
  86   2                              Seg_Buf[0]=12;
  87   2                              Seg_Buf[1]=Seg_Buf[2]=Seg_Buf[3]=Seg_Buf[4]=10;
  88   2                              if(Temperature_Calibration>=0)
  89   2                              {
  90   3                                      Seg_Buf[5]=(unsigned char)(Temperature_Calibration)/100%10;
  91   3                                      Seg_Buf[6]=(unsigned char)(Temperature_Calibration)/10%10;
  92   3                                      Seg_Buf[7]=(unsigned char)(Temperature_Calibration)/1%10;
  93   3                                      for(i=5;i<7;i++)
  94   3                                      {
  95   4                                              if(Seg_Buf[i]!=0)break;
  96   4                                              Seg_Buf[i]=10;
  97   4                                      }
  98   3                              }
  99   2                              else if(Temperature_Calibration>-10 && Temperature_Calibration<0)
 100   2                              {
 101   3                                      Seg_Buf[5]=10;
 102   3                                      Seg_Buf[6]=14;
 103   3                                      Seg_Buf[7]=(unsigned char)(-Temperature_Calibration)/1%10;
 104   3                              }
 105   2                              else if(Temperature_Calibration>-100 && Temperature_Calibration<=-10)
 106   2                              {
 107   3                                      Seg_Buf[5]=14;
 108   3                                      Seg_Buf[6]=(unsigned char)(-Temperature_Calibration)/10%10;
 109   3                                      Seg_Buf[7]=(unsigned char)(-Temperature_Calibration)/1%10;
 110   3                              }
 111   2                      break;
 112   2                      case 2:
 113   2                              Seg_Buf[0]=13;
 114   2                              Seg_Buf[1]=Seg_Buf[2]=Seg_Buf[3]=Seg_Buf[4]=10;
 115   2                              if(Temperature_Parameter>=0)
 116   2                              {
C51 COMPILER V9.54   MAIN                                                                  04/02/2025 22:23:13 PAGE 3   

 117   3                                      Seg_Buf[5]=(unsigned char)(Temperature_Parameter)/100%10;
 118   3                                      Seg_Buf[6]=(unsigned char)(Temperature_Parameter)/10%10;
 119   3                                      Seg_Buf[7]=(unsigned char)(Temperature_Parameter)/1%10;
 120   3                                      for(i=5;i<7;i++)
 121   3                                      {
 122   4                                              if(Seg_Buf[i]!=0)break;
 123   4                                              Seg_Buf[i]=10;
 124   4                                      }
 125   3                              }
 126   2                              else if(Temperature_Parameter>-10 && Temperature_Parameter<0)
 127   2                              {
 128   3                                      Seg_Buf[5]=10;
 129   3                                      Seg_Buf[6]=14;
 130   3                                      Seg_Buf[7]=(unsigned char)(-Temperature_Parameter)/1%10;
 131   3                              }
 132   2                              else if(Temperature_Parameter>-100 && Temperature_Parameter<=-10)
 133   2                              {
 134   3                                      Seg_Buf[5]=14;
 135   3                                      Seg_Buf[6]=(unsigned char)(-Temperature_Parameter)/10%10;
 136   3                                      Seg_Buf[7]=(unsigned char)(-Temperature_Parameter)/1%10;
 137   3                              }
 138   2                      break;
 139   2              }
 140   1      }
 141          /*Led控制区域*/
 142          void Led_Proc()
 143          {
 144   1              Beeper_Buf=Relay_Buf=0;
 145   1              Led_Buf[0]=Seg_Show_Mode==0?1:0;
 146   1              Led_Buf[1]=Seg_Show_Mode==1?1:0;
 147   1              Led_Buf[2]=Seg_Show_Mode==2?1:0;
 148   1              
 149   1              Led_Buf[3]=Trigger_Mode==0?1:0;
 150   1              Led_Buf[4]=Trigger_Mode==1?1:0;
 151   1              
 152   1              if(Trigger_Mode==0)
 153   1                      Led_Buf[7]=Temperature>Temperature_Parameter?1:0;
 154   1              else
 155   1                      Led_Buf[7]=Temperature<Temperature_Parameter?1:0;
 156   1      }
 157          /*定时器1区域*/
 158          void Timer1_Init(void)          //1毫秒@12.000MHz
 159          {
 160   1              AUXR &= 0xBF;                   //定时器时钟12T模式
 161   1              TMOD &= 0x0F;                   //设置定时器模式
 162   1              TL1 = 0x18;                             //设置定时初始值
 163   1              TH1 = 0xFC;                             //设置定时初始值
 164   1              TF1 = 0;                                //清除TF1标志
 165   1              TR1 = 1;                                //定时器1开始计时
 166   1              ET1 = 1;                                //使能定时器1中断
 167   1              EA=1;
 168   1      }
 169          void Timer1_Isr(void) interrupt 3
 170          {
 171   1              if(++Key_Slow==20)Key_Slow=0;
 172   1              if(++Seg_Slow==90)Seg_Slow=0;
 173   1              
 174   1              
 175   1              
 176   1              
 177   1              if(++Seg_Pos==8)Seg_Pos=0;
 178   1              Seg_Disp(Seg_Pos,Seg_Buf[Seg_Pos],Seg_Point[Seg_Pos]);
C51 COMPILER V9.54   MAIN                                                                  04/02/2025 22:23:13 PAGE 4   

 179   1              Led_Disp(Seg_Pos,Led_Buf[Seg_Pos]);
 180   1              Beeper(Beeper_Buf);
 181   1              Relay(Relay_Buf);
 182   1      }
 183          /*初始化区域*/
 184          void Init_Proc()
 185          {
 186   1              while(Temperature_Read()==85);
 187   1              Sys_Init();
 188   1              Timer1_Init();
 189   1      }
 190          /*主函数区域*/
 191          void main()
 192          {
 193   1              Init_Proc();
 194   1              while(1)
 195   1              {
 196   2                      Key_Proc();
 197   2                      Seg_Proc();
 198   2                      Led_Proc();
 199   2              }
 200   1      }


MODULE INFORMATION:   STATIC OVERLAYABLE
   CODE SIZE        =   1170    ----
   CONSTANT SIZE    =   ----    ----
   XDATA SIZE       =   ----    ----
   PDATA SIZE       =   ----    ----
   DATA SIZE        =   ----    ----
   IDATA SIZE       =     48    ----
   BIT SIZE         =   ----    ----
END OF MODULE INFORMATION.


C51 COMPILATION COMPLETE.  0 WARNING(S),  0 ERROR(S)
