C51 COMPILER V9.54   SEG                                                                   06/14/2025 23:07:28 PAGE 1   


C51 COMPILER V9.54, COMPILATION OF MODULE SEG
OBJECT MODULE PLACED IN .\Objects\seg.obj
COMPILER INVOKED BY: D:\Keil_v5\C51\BIN\C51.EXE Driver\seg.c OPTIMIZE(8,SPEED) BROWSE INCDIR(.\Driver;.\User) DEBUG OBJE
                    -CTEXTEND PRINT(.\Listings\seg.lst) OBJECT(.\Objects\seg.obj)

line level    source

   1          #include <seg.H>
   2          code unsigned char seg_dula[]={0xC0 ,0xF9 ,0xA4 ,0xB0 ,0x99 ,0x92 ,0x82 ,0xF8 ,0x80 ,0x90 ,0xff ,0xbf ,0x8
             -e ,0xC6 ,0xC1 ,0xa1};
   3          //                                                               0     1     2     3     4     5     6     7     8     9     10   -11   F12   C13   U14   d15
   4          void seg_disp(unsigned char wela,dula,point)
   5          {
   6   1              unsigned char temp;
   7   1              
   8   1              P0=0xff;
   9   1              temp=P2&0x1f;
  10   1              temp=temp|0xe0;
  11   1              P2=temp;
  12   1              temp=P2&0x1f;
  13   1              P2=temp;
  14   1              
  15   1              P0=0x01<<wela;
  16   1              temp=P2&0x1f;
  17   1              temp=temp|0xc0;
  18   1              P2=temp;
  19   1              temp=P2&0x1f;
  20   1              P2=temp;
  21   1              
  22   1              P0=seg_dula[dula];
  23   1              if(point)
  24   1                      P0&=0x7f;
  25   1              temp=P2&0x1f;
  26   1              temp=temp|0xe0;
  27   1              P2=temp;
  28   1              temp=P2&0x1f;
  29   1              P2=temp;
  30   1              
  31   1      }


MODULE INFORMATION:   STATIC OVERLAYABLE
   CODE SIZE        =     87    ----
   CONSTANT SIZE    =     16    ----
   XDATA SIZE       =   ----    ----
   PDATA SIZE       =   ----    ----
   DATA SIZE        =   ----    ----
   IDATA SIZE       =   ----    ----
   BIT SIZE         =   ----    ----
END OF MODULE INFORMATION.


C51 COMPILATION COMPLETE.  0 WARNING(S),  0 ERROR(S)
