C51 COMPILER V9.54   MAIN                                                                  04/05/2025 02:45:24 PAGE 1   


C51 COMPILER V9.54, COMPILATION OF MODULE MAIN
OBJECT MODULE PLACED IN .\Objects\main.obj
COMPILER INVOKED BY: D:\Keil_v5\C51\BIN\C51.EXE User\main.c OPTIMIZE(8,SPEED) BROWSE INCDIR(.\Driver;.\User) DEBUG OBJEC
                    -TEXTEND PRINT(.\Listings\main.lst) OBJECT(.\Objects\main.obj)

line level    source

   1          /*头文件引用区域*/
   2          #include <STC15F2K60S2.H>
   3          #include <Key.H>
   4          #include <Init.H>
   5          #include <Seg.H>
   6          #include <onewire.H>
   7          #include <Uart.H>
   8          /*变量声明区域*/
   9          idata unsigned char Seg_Pos,Seg_Slow;
  10          pdata unsigned char Seg_Buf[8]={10,10,10,10,10,10,10,10};
  11          idata unsigned char Key_Slow,Key_Val,Key_Old,Key_Down,Key_Up;
  12          idata unsigned char Uart_Buf[10]={0};
  13          idata unsigned char Uart_Index;
  14          idata unsigned char Uart_Rx_Flag;
  15          idata unsigned char Uart_Tick;
  16          
  17          idata float Temperature;
  18          /*按键控制区域*/
  19          void Key_Proc()
  20          {
  21   1              if(Key_Slow)return;
  22   1              Key_Slow=1;
  23   1              
  24   1              Key_Val=Key_Read();
  25   1              Key_Down=Key_Val&(Key_Old^Key_Val);
  26   1              Key_Up=~Key_Val&(Key_Old^Key_Val);
  27   1              Key_Old=Key_Val;
  28   1              
  29   1              if(Key_Down==4)
  30   1              {
  31   2                      printf("Temp:%.2fC\r\n",Temperature);
  32   2              }
  33   1              
  34   1      }
  35          /*数码管控制区域*/
  36          void Seg_Proc()
  37          {
  38   1              if(Seg_Slow)return;
  39   1              Seg_Slow=1;
  40   1              
  41   1              Temperature=Temperature_Read();
  42   1              
  43   1              Seg_Buf[7]=11;
  44   1              Seg_Buf[3]=(unsigned char)(Temperature)/10%10;
  45   1              Seg_Buf[4]=(unsigned char)(Temperature)/1%10+',';
  46   1              Seg_Buf[5]=(unsigned int)(Temperature*10)%10;
  47   1              Seg_Buf[6]=(unsigned int)(Temperature*100)%10;
  48   1      }
  49          /*串口控制区域*/
  50          void Uart_Proc()
  51          {
  52   1              if(Uart_Index==0)return;
  53   1              if(Uart_Tick>=10)
  54   1              {
C51 COMPILER V9.54   MAIN                                                                  04/05/2025 02:45:24 PAGE 2   

  55   2                      
  56   2                      
  57   2                      Uart_Tick=0;
  58   2                      memset(Uart_Buf,0,Uart_Index);
  59   2                      Uart_Index=0;
  60   2              }
  61   1      }
  62          /*串口中断*/
  63          void Uart1_Isr(void) interrupt 4
  64          {
  65   1              if (RI)                         //检测串口1接收中断
  66   1              {
  67   2                      Uart_Rx_Flag=1;
  68   2                      Uart_Tick=0;
  69   2                      Uart_Buf[Uart_Index++]=SBUF;
  70   2                      
  71   2                      RI = 0;                 //清除串口1接收中断请求位
  72   2                      if(Uart_Index>10)
  73   2                      {
  74   3                              Uart_Index=0;
  75   3                              memset(Uart_Buf,0,10);
  76   3                      }
  77   2              }
  78   1      }
  79          /*定时器1区域*/
  80          void Timer1_Init(void)          //1毫秒@12.000MHz
  81          {
  82   1              AUXR &= 0xBF;                   //定时器时钟12T模式
  83   1              TMOD &= 0x0F;                   //设置定时器模式
  84   1              TL1 = 0x18;                             //设置定时初始值
  85   1              TH1 = 0xFC;                             //设置定时初始值
  86   1              TF1 = 0;                                //清除TF1标志
  87   1              TR1 = 1;                                //定时器1开始计时
  88   1              ET1 = 1;                                //使能定时器1中断
  89   1              EA=1;
  90   1      }
  91          void Timer1_Isr(void) interrupt 3
  92          {
  93   1              if(++Key_Slow==20)Key_Slow=0;
  94   1              if(++Seg_Slow==90)Seg_Slow=0;
  95   1              
  96   1              if(++Seg_Pos==8)Seg_Pos=0;
  97   1              if(Seg_Buf[Seg_Pos]>20)
  98   1                      Seg_Disp(Seg_Pos,Seg_Buf[Seg_Pos]-',',1);
  99   1              else
 100   1                      Seg_Disp(Seg_Pos,Seg_Buf[Seg_Pos],0);
 101   1              
 102   1              if(Uart_Rx_Flag==1)Uart_Tick++;
 103   1      }
 104          /*初始化区域*/
 105          void Init_Proc()
 106          {
 107   1              while(Temperature_Read()==85);
 108   1              Sys_Init();
 109   1              Timer1_Init();
 110   1              Uart1_Init();
 111   1      }
 112          /*主函数区域*/
 113          void main()
 114          {
 115   1              Init_Proc();
 116   1              while(1)
C51 COMPILER V9.54   MAIN                                                                  04/05/2025 02:45:24 PAGE 3   

 117   1              {
 118   2                      Key_Proc();
 119   2                      Seg_Proc();
 120   2                      Uart_Proc();
 121   2              }
 122   1      }
 123          


MODULE INFORMATION:   STATIC OVERLAYABLE
   CODE SIZE        =    509    ----
   CONSTANT SIZE    =     13    ----
   XDATA SIZE       =   ----    ----
   PDATA SIZE       =      8    ----
   DATA SIZE        =   ----    ----
   IDATA SIZE       =     24    ----
   BIT SIZE         =   ----    ----
END OF MODULE INFORMATION.


C51 COMPILATION COMPLETE.  0 WARNING(S),  0 ERROR(S)
