C51 COMPILER V9.54   MAIN                                                                  04/04/2025 15:56:59 PAGE 1   


C51 COMPILER V9.54, COMPILATION OF MODULE MAIN
OBJECT MODULE PLACED IN .\Objects\main.obj
COMPILER INVOKED BY: D:\Keil_v5\C51\BIN\C51.EXE User\main.c OPTIMIZE(8,SPEED) BROWSE INCDIR(.\Driver;.\User) DEBUG OBJEC
                    -TEXTEND PRINT(.\Listings\main.lst) OBJECT(.\Objects\main.obj)

line level    source

   1          /*头文件引用区域*/
   2          #include <STC15F2K60S2.H>
   3          #include <Init.H>
   4          #include <Led.H>
   5          #include <Seg.H>
   6          #include <Key.H>
   7          #include <iic.H>
   8          /*变量声明区域*/
   9          idata unsigned char Key_Slow,Key_Val,Key_Old,Key_Down,Key_Up;
  10          idata unsigned char Seg_Slow,Seg_Pos;
  11          idata unsigned char Seg_Buf[8]={10,10,10,10,10,10,10,10},Seg_Point[8]={0,0,0,0,0,0,0,0};
  12          idata unsigned char Beeper_Buf=0,Relay_Buf=0,Led_Buf[8]={0,0,0,0,0,0,0,0};
  13          idata unsigned char i,j;
  14          
  15          idata unsigned char Seg_Show_Mode=0;//【0-密码】【1-存储】
  16          pdata unsigned long int Password_True=12345678;
  17          
  18          idata unsigned long int Input_Password;
  19          idata unsigned int Input_Index=0;
  20          idata unsigned char Key_Data_Location[10]={6,10,14,18,9,13,17,8,12,16};
  21          idata bit Input_Success_Flag=0;
  22          idata bit PW_Right_Flag=1;
  23          
  24          idata unsigned char PW_Right_Count=0;
  25          
  26          idata unsigned int Time_5000ms;
  27          idata unsigned int Time_1000ms;
  28          idata bit Time_1000ms_Flag;
  29          
  30          idata unsigned char EEPROM_Save_Data[1];
  31          /*按键控制区域*/
  32          void Key_Proc()
  33          {
  34   1              if(Key_Slow)return;
  35   1              Key_Slow=1;
  36   1              
  37   1              Key_Val=Key_Read();
  38   1              Key_Down=Key_Val&(Key_Old^Key_Val);
  39   1              Key_Up=~Key_Val&(Key_Old^Key_Val);
  40   1              Key_Old=Key_Val;
  41   1              
  42   1              
  43   1              if(Seg_Show_Mode==0)
  44   1              {
  45   2                      for(i=0;i<10;i++)
  46   2                      {
  47   3                              if(Key_Down==Key_Data_Location[i] && Input_Index<8)
  48   3                              {
  49   4                                      Input_Password=Input_Password*10+i;
  50   4                                      Input_Index++;
  51   4                                      Input_Success_Flag=1;
  52   4                                      break;
  53   4                              }
  54   3                      }
C51 COMPILER V9.54   MAIN                                                                  04/04/2025 15:56:59 PAGE 2   

  55   2              }
  56   1              else
  57   1              {
  58   2                      Input_Password=0;
  59   2                      Input_Index=0;
  60   2                      Input_Success_Flag=0;
  61   2              }
  62   1      
  63   1              
  64   1              
  65   1              switch(Key_Down)
  66   1              {
  67   2                      case 4:
  68   2                              if(Seg_Show_Mode==0)
  69   2                              {
  70   3                                      if(Input_Password==Password_True)
  71   3                                      {
  72   4                                              Seg_Show_Mode=1;
  73   4                                              PW_Right_Count++;
  74   4                                              EEPROM_Save_Data[0]=PW_Right_Count;
  75   4                                              EEPROM_Write(EEPROM_Save_Data,0,1);
  76   4                                              PW_Right_Flag=1;
  77   4                                      }
  78   3                                      else
  79   3                                      {
  80   4                                              Input_Password=0;
  81   4                                              Input_Index=0;
  82   4                                              Input_Success_Flag=0;
  83   4                                              PW_Right_Flag=0;
  84   4                                      }
  85   3                              }
  86   2                      break;
  87   2                      case 5:
  88   2                              if(Seg_Show_Mode==0)
  89   2                              {
  90   3                                      Input_Password=0;
  91   3                                      Input_Index=0;
  92   3                                      Input_Success_Flag=0;
  93   3                              }
  94   2                      break;
  95   2              }
  96   1      }
  97          /*数码管控制区域*/
  98          void Seg_Proc()
  99          {
 100   1              if(Seg_Slow)return;
 101   1              Seg_Slow=1;
 102   1              
 103   1              switch(Seg_Show_Mode)
 104   1              {
 105   2                      case 0:
 106   2                              if(Input_Success_Flag==1)
 107   2                              {
 108   3                                      Seg_Buf[0]=Input_Index==8?Input_Password/10000000%10:10;
 109   3                                      Seg_Buf[1]=Input_Index>=7?Input_Password/1000000%10:10;
 110   3                                      Seg_Buf[2]=Input_Index>=6?Input_Password/100000%10:10;
 111   3                                      Seg_Buf[3]=Input_Index>=5?Input_Password/10000%10:10;
 112   3                                      Seg_Buf[4]=Input_Index>=4?Input_Password/1000%10:10;
 113   3                                      Seg_Buf[5]=Input_Index>=3?Input_Password/100%10:10;
 114   3                                      Seg_Buf[6]=Input_Index>=2?Input_Password/10%10:10;
 115   3                                      Seg_Buf[7]=Input_Index>=1?Input_Password/1%10:10;
 116   3                              }
C51 COMPILER V9.54   MAIN                                                                  04/04/2025 15:56:59 PAGE 3   

 117   2                              else
 118   2                              {
 119   3                                      for(j=0;j<8;j++)
 120   3                                              Seg_Buf[j]=11;
 121   3                              }
 122   2                      break;
 123   2                      case 1:
 124   2                              Seg_Buf[0]=12;
 125   2                              Seg_Buf[1]=Seg_Buf[2]=Seg_Buf[3]=Seg_Buf[4]=10;
 126   2                              Seg_Buf[5]=PW_Right_Count/100%10;
 127   2                              Seg_Buf[6]=PW_Right_Count/10%10;
 128   2                              Seg_Buf[7]=PW_Right_Count/1%10;
 129   2                              for(j=5;j<7;j++)
 130   2                              {
 131   3                                      if(Seg_Buf[j]!=0)break;
 132   3                                      Seg_Buf[j]=10;
 133   3                              }
 134   2                      break;
 135   2              }
 136   1      }
 137          /*Led控制区域*/
 138          void Led_Proc()
 139          {
 140   1              Beeper_Buf=Relay_Buf=0;
 141   1              Led_Buf[0]=Seg_Show_Mode==0?1:0;
 142   1              Led_Buf[1]=Seg_Show_Mode==1?1:0;
 143   1              Led_Buf[7]=PW_Right_Flag==0?Time_1000ms_Flag:0;
 144   1      }
 145          /*定时器1区域*/
 146          void Timer1_Init(void)          //1毫秒@12.000MHz
 147          {
 148   1              AUXR &= 0xBF;                   //定时器时钟12T模式
 149   1              TMOD &= 0x0F;                   //设置定时器模式
 150   1              TL1 = 0x18;                             //设置定时初始值
 151   1              TH1 = 0xFC;                             //设置定时初始值
 152   1              TF1 = 0;                                //清除TF1标志
 153   1              TR1 = 1;                                //定时器1开始计时
 154   1              ET1 = 1;                                //使能定时器1中断
 155   1              EA=1;
 156   1      }
 157          void Timer1_Isr(void) interrupt 3
 158          {
 159   1              if(++Key_Slow==20)Key_Slow=0;
 160   1              if(++Seg_Slow==90)Seg_Slow=0;
 161   1              
 162   1              if(++Seg_Pos==8)Seg_Pos=0;
 163   1              Seg_Disp(Seg_Pos,Seg_Buf[Seg_Pos],Seg_Point[Seg_Pos]);
 164   1              Led_Disp(Seg_Pos,Led_Buf[Seg_Pos]);
 165   1              Beeper(Beeper_Buf);
 166   1              Relay(Relay_Buf);
 167   1              
 168   1              if(Seg_Show_Mode==1)
 169   1              {
 170   2                      if(++Time_5000ms==5000)
 171   2                      {
 172   3                              Time_5000ms=0;
 173   3                              Seg_Show_Mode=0;
 174   3                      }
 175   2              }
 176   1              
 177   1              if(PW_Right_Flag==0)
 178   1              {
C51 COMPILER V9.54   MAIN                                                                  04/04/2025 15:56:59 PAGE 4   

 179   2                      if(++Time_1000ms==1000)
 180   2                      {
 181   3                              Time_1000ms=0;
 182   3                              Time_1000ms_Flag^=1;
 183   3                      }
 184   2              }
 185   1      }
 186          /*初始化区域*/
 187          void Init_Proc()
 188          {
 189   1              EEPROM_Read(EEPROM_Save_Data,0,1);
 190   1              PW_Right_Count=EEPROM_Save_Data[0];
 191   1              Sys_Init();
 192   1              Timer1_Init();
 193   1      }
 194          /*主函数区域*/
 195          void main()
 196          {
 197   1              Init_Proc();
 198   1              while(1)
 199   1              {
 200   2                      Key_Proc();
 201   2                      Seg_Proc();
 202   2                      Led_Proc();
 203   2              }
 204   1      }


MODULE INFORMATION:   STATIC OVERLAYABLE
   CODE SIZE        =   1192    ----
   CONSTANT SIZE    =   ----    ----
   XDATA SIZE       =   ----    ----
   PDATA SIZE       =      4    ----
   DATA SIZE        =   ----    ----
   IDATA SIZE       =     58    ----
   BIT SIZE         =      3    ----
END OF MODULE INFORMATION.


C51 COMPILATION COMPLETE.  0 WARNING(S),  0 ERROR(S)
