C51 COMPILER V9.54   MAIN                                                                  03/17/2025 21:26:17 PAGE 1   


C51 COMPILER V9.54, COMPILATION OF MODULE MAIN
OBJECT MODULE PLACED IN .\Objects\main.obj
COMPILER INVOKED BY: D:\Keil_v5\C51\BIN\C51.EXE User\main.c OPTIMIZE(8,SPEED) BROWSE INCDIR(.\Driver;.\User) DEBUG OBJEC
                    -TEXTEND PRINT(.\Listings\main.lst) OBJECT(.\Objects\main.obj)

line level    source

   1          /*头文件引用区域*/
   2          #include <STC15F2K60S2.H>
   3          #include <Init.H>
   4          #include <Led.H>
   5          #include <Seg.H>
   6          #include <Key.H>
   7          #include <ds1302.H>
   8          #include <onewire.H>
   9          /*变量声明区域*/
  10          unsigned char Key_Slow;
  11          unsigned char Key_Val,Key_Old,Key_Down,Key_Up;
  12          unsigned char Seg_Slow;
  13          unsigned char Seg_Pos;
  14          unsigned char Seg_Buf[8]={10,10,10,10,10,10,10,10};
  15          unsigned char Seg_Point[8]={0,0,0,0,0,0,0,0};
  16          unsigned char Led_Buf[8]={0,0,0,0,0,0,0,0};
  17          unsigned char Relay_Buf=0;
  18          
  19          
  20          unsigned char Seg_Show_Mode=0;//【0-温度显示】、【1-时间显示】、【2-参数设置】
  21          unsigned char U2_Time_Mode=0;//【0-时分】、【1-分秒】
  22          unsigned char Realy_Work_Mode=0;//继电器工作模式【0-温度控制】【1-时间控制】
  23          
  24          float Temperature;//实时温度
  25          float Temperature_Parameter=23.0;//温度参数
  26          unsigned Temperature_Parameter_Set=23;//温度参数设置值
  27          unsigned char Rtc[3]={0x23,0x59,0x55};
  28          
  29          bit Each_Hour_Flag=0;
  30          bit L3_Flash_Flag=0;
  31          
  32          unsigned int Time_5000ms;
  33          unsigned int Time_100ms;
  34          /*Key控制区域*/
  35          void Key_Proc()
  36          {
  37   1              if(Key_Slow)return;
  38   1              Key_Slow=1;
  39   1              
  40   1              Key_Val=Key_Read();
  41   1              Key_Down=Key_Val&(Key_Old^Key_Val);
  42   1              Key_Up=~Key_Val&(Key_Old^Key_Val);
  43   1              Key_Old=Key_Val;
  44   1              
  45   1              if(Seg_Show_Mode==1)
  46   1              {
  47   2                      if(Key_Old==17)
  48   2                              {U2_Time_Mode=1;}
  49   2                      else
  50   2                              {U2_Time_Mode=0;}
  51   2              }
  52   1      
  53   1              switch(Key_Down)
  54   1              {
C51 COMPILER V9.54   MAIN                                                                  03/17/2025 21:26:17 PAGE 2   

  55   2                      case 12://S12：“切换”按键，按下切换【0-温度显示】、【1-时间显示】、【2-参数设置】界面
  56   2                              if(++Seg_Show_Mode==3)Seg_Show_Mode=0;
  57   2                              if(Seg_Show_Mode==2)//进入【2-参数设置】界面
  58   2                              {
  59   3                                      Temperature_Parameter_Set=(unsigned char)Temperature_Parameter;
  60   3                              }
  61   2                              if(Seg_Show_Mode==0)//进入【0-温度显示】界面，离开【2-参数设置】界面
  62   2                              {
  63   3                                      Temperature_Parameter=(float)Temperature_Parameter_Set;
  64   3                              }
  65   2                      break;
  66   2                      case 13://S13：“模式”按键，按下切换继电器【0-温度控制】【1-时间控制】工作模式。
  67   2                              if(++Realy_Work_Mode==2)Realy_Work_Mode=0;
  68   2                              Led_Buf[2]=0;
  69   2                              Relay_Buf=0;
  70   2                      break;
  71   2                      case 16://S16：“加”按键，在【2-参数设置】界面下按下，温度参数增加1℃。
  72   2                              if(Seg_Show_Mode==2)
  73   2                              {
  74   3                                      if(++Temperature_Parameter_Set==100)Temperature_Parameter_Set=99;
  75   3                              }
  76   2                      break;
  77   2                      case 17://S17：“减”按键，在【2-参数设置】界面下按下，温度参数减少1℃。
  78   2                              if(Seg_Show_Mode==2)
  79   2                              {
  80   3                                      if(--Temperature_Parameter_Set==9)Temperature_Parameter_Set=10;
  81   3                              }
  82   2                      break;
  83   2              }
  84   1      }
  85          /*Seg显示区域*/
  86          void Seg_Proc()
  87          {
  88   1              if(Seg_Slow)return;
  89   1              Seg_Slow=1;
  90   1              
  91   1              Temperature=Temperature_Read();
  92   1              Rtc_Read(Rtc);
  93   1              
  94   1              if(U2_Time_Mode==0)
  95   1              {
  96   2                      switch(Seg_Show_Mode)
  97   2                      {
  98   3                              case 0://【0-温度显示】
  99   3                                      Seg_Buf[0]=11;
 100   3                                      Seg_Buf[1]=1;//U1
 101   3                              Seg_Buf[2]=10;Seg_Buf[3]=10;Seg_Buf[4]=10;
 102   3                                      Seg_Buf[5]=(unsigned int)(Temperature/10)%10;
 103   3                                      Seg_Buf[6]=(unsigned int)(Temperature/1)%10;
 104   3                              Seg_Point[6]=1;
 105   3                                      Seg_Buf[7]=(unsigned int)(Temperature*10)%10;
 106   3                              break;
 107   3                              case 1://【1-时间显示】
 108   3                              Seg_Point[6]=0;
 109   3                                      Seg_Buf[0]=11;
 110   3                                      Seg_Buf[1]=2;//U2
 111   3                              Seg_Buf[2]=10;
 112   3                                      Seg_Buf[3]=Rtc[0]/16;
 113   3                                      Seg_Buf[4]=Rtc[0]%16;
 114   3                                      Seg_Buf[5]=12;
 115   3                                      Seg_Buf[6]=Rtc[1]/16;
 116   3                                      Seg_Buf[7]=Rtc[1]%16;
C51 COMPILER V9.54   MAIN                                                                  03/17/2025 21:26:17 PAGE 3   

 117   3                              break;
 118   3                              case 2://【2-参数设置】
 119   3                                      Seg_Buf[0]=11;
 120   3                                      Seg_Buf[1]=3;//U3
 121   3                              Seg_Buf[2]=10;
 122   3                              Seg_Buf[3]=10;
 123   3                              Seg_Buf[4]=10;
 124   3                              Seg_Buf[5]=10;
 125   3                                      Seg_Buf[6]=Temperature_Parameter_Set/10%10;
 126   3                                      Seg_Buf[7]=Temperature_Parameter_Set/1%10;
 127   3                              break;
 128   3                      }
 129   2              }
 130   1              else if(U2_Time_Mode==1)
 131   1              {
 132   2                      Seg_Point[6]=0;
 133   2                      Seg_Buf[0]=11;
 134   2                      Seg_Buf[1]=2;//U2
 135   2                      Seg_Buf[2]=10;
 136   2                      Seg_Buf[3]=Rtc[1]/16;
 137   2                      Seg_Buf[4]=Rtc[1]%16;
 138   2                      Seg_Buf[5]=12;
 139   2                      Seg_Buf[6]=Rtc[2]/16;
 140   2                      Seg_Buf[7]=Rtc[2]%16;
 141   2              }
 142   1      }
 143          /*Led显示区域*/
 144          void Led_Proc()
 145          {
 146   1              if(Rtc[1]==0x00 && Rtc[2]==0x00 && Each_Hour_Flag==0)
 147   1                      {Each_Hour_Flag=1;}
 148   1                      
 149   1              Led_Buf[0]=Each_Hour_Flag;
 150   1              Led_Buf[1]=!Realy_Work_Mode;
 151   1                      
 152   1              Led_Buf[2]=Relay_Buf?L3_Flash_Flag:0;
 153   1                      
 154   1                      
 155   1              if(Realy_Work_Mode==0)//继电器【0-温度控制】
 156   1              {
 157   2                      Relay_Buf=(Temperature>Temperature_Parameter);
 158   2              }
 159   1              else//继电器【1-时间控制】
 160   1              {
 161   2                      Relay_Buf=Each_Hour_Flag;
 162   2              }
 163   1      
 164   1              
 165   1      }
 166          /*定时器0区域*/
 167          void Timer0_Init(void)          //1毫秒@12.000MHz
 168          {
 169   1              AUXR &= 0x7F;                   //定时器时钟12T模式
 170   1              TMOD &= 0xF0;                   //设置定时器模式
 171   1              TL0 = 0x18;                             //设置定时初始值
 172   1              TH0 = 0xFC;                             //设置定时初始值
 173   1              TF0 = 0;                                //清除TF0标志
 174   1              TR0 = 1;                                //定时器0开始计时
 175   1              ET0 = 1;                                //使能定时器0中断
 176   1              EA=1;
 177   1      }
 178          void Timer0_Isr(void) interrupt 1
C51 COMPILER V9.54   MAIN                                                                  03/17/2025 21:26:17 PAGE 4   

 179          {
 180   1              if(++Key_Slow==20)Key_Slow=0;
 181   1              if(++Seg_Slow==80)Seg_Slow=0;
 182   1              
 183   1              if(++Seg_Pos==8)Seg_Pos=0;
 184   1              Seg_Disp(Seg_Pos,Seg_Buf[Seg_Pos],Seg_Point[Seg_Pos]);
 185   1              Led_Disp(Seg_Pos,Led_Buf[Seg_Pos]);
 186   1              Relay(Relay_Buf);
 187   1              
 188   1              
 189   1              if(Each_Hour_Flag==1)
 190   1              {
 191   2                      if(++Time_5000ms==5000)
 192   2                      {
 193   3                              Time_5000ms=0;
 194   3                              Each_Hour_Flag=0;
 195   3                      }
 196   2              }
 197   1              else
 198   1                      {Time_5000ms=0;}
 199   1              
 200   1              
 201   1              if(Relay_Buf==1)
 202   1              {
 203   2                      if(++Time_100ms==100)
 204   2                      {
 205   3                              Time_100ms=0;
 206   3                              L3_Flash_Flag^=1;
 207   3                      }
 208   2              }
 209   1              else
 210   1                      {Time_100ms=0;}
 211   1      }
 212          /*延时函数*/
 213          void Delay850ms(void)   //@12.000MHz
 214          {
 215   1              unsigned char data i, j, k;
 216   1      
 217   1              _nop_();
 218   1              _nop_();
 219   1              i = 39;
 220   1              j = 195;
 221   1              k = 2;
 222   1              do
 223   1              {
 224   2                      do
 225   2                      {
 226   3                              while (--k);
 227   3                      } while (--j);
 228   2              } while (--i);
 229   1      }
 230          /*初始化区域*/
 231          void Init_Proc()
 232          {
 233   1              Sys_Init();
 234   1              Rtc_Set(Rtc);
 235   1              Temperature=Temperature_Read();
 236   1              Delay850ms();
 237   1              Timer0_Init();
 238   1      }
 239          /*主函数区域*/
 240          void main()
C51 COMPILER V9.54   MAIN                                                                  03/17/2025 21:26:17 PAGE 5   

 241          {
 242   1              Init_Proc();
 243   1              while(1)
 244   1              {
 245   2                      Key_Proc();
 246   2                      Seg_Proc();
 247   2                      Led_Proc();
 248   2              }
 249   1      }


MODULE INFORMATION:   STATIC OVERLAYABLE
   CODE SIZE        =    838    ----
   CONSTANT SIZE    =   ----    ----
   XDATA SIZE       =   ----    ----
   PDATA SIZE       =   ----    ----
   DATA SIZE        =     52    ----
   IDATA SIZE       =   ----    ----
   BIT SIZE         =      2    ----
END OF MODULE INFORMATION.


C51 COMPILATION COMPLETE.  0 WARNING(S),  0 ERROR(S)
