BL51 BANKED LINKER/LOCATER V6.22                                                        03/17/2025  21:26:18  PAGE 1


BL51 BANKED LINKER/LOCATER V6.22, INVOKED BY:
D:\KEIL_V5\C51\BIN\BL51.EXE .\Objects\main.obj, .\Objects\Init.obj, .\Objects\Key.obj, .\Objects\Led.obj, .\Objects\Seg.
>> obj, .\Objects\ds1302.obj, .\Objects\onewire.obj TO .\Objects\No13_P1 PRINT (.\Listings\No13_P1.m51) RAMSIZE (256)


MEMORY MODEL: SMALL WITH FLOATING POINT ARITHMETIC


INPUT MODULES INCLUDED:
  .\Objects\main.obj (MAIN)
  .\Objects\Init.obj (INIT)
  .\Objects\Key.obj (KEY)
  .\Objects\Led.obj (LED)
  .\Objects\Seg.obj (SEG)
  .\Objects\ds1302.obj (DS1302)
  .\Objects\onewire.obj (ONEWIRE)
  D:\KEIL_V5\C51\LIB\C51FPS.LIB (?C?FPMUL)
  D:\KEIL_V5\C51\LIB\C51FPS.LIB (?C?FPDIV)
  D:\KEIL_V5\C51\LIB\C51FPS.LIB (?C?FPCMP)
  D:\KEIL_V5\C51\LIB\C51FPS.LIB (?C?FCAST)
  D:\KEIL_V5\C51\LIB\C51FPS.LIB (?C?CASTF)
  D:\KEIL_V5\C51\LIB\C51FPS.LIB (?C?FPGETOPN)
  D:\KEIL_V5\C51\LIB\C51S.LIB (?C_STARTUP)
  D:\KEIL_V5\C51\LIB\C51S.LIB (?C?CLDPTR)
  D:\KEIL_V5\C51\LIB\C51S.LIB (?C?CLDOPTR)
  D:\KEIL_V5\C51\LIB\C51S.LIB (?C?CSTPTR)
  D:\KEIL_V5\C51\LIB\C51S.LIB (?C?CSTOPTR)
  D:\KEIL_V5\C51\LIB\C51S.LIB (?C?UIDIV)
  D:\KEIL_V5\C51\LIB\C51S.LIB (?C?LNEG)
  D:\KEIL_V5\C51\LIB\C51S.LIB (?C_INIT)


LINK MAP OF MODULE:  .\Objects\No13_P1 (MAIN)


            TYPE    BASE      LENGTH    RELOCATION   SEGMENT NAME
            -----------------------------------------------------

            * * * * * * *   D A T A   M E M O R Y   * * * * * * *
            REG     0000H     0008H     ABSOLUTE     "REG BANK 0"
            DATA    0008H     0015H     UNIT         ?DT?SEG
                    001DH     0003H                  *** GAP ***
            BIT     0020H.0   0000H.2   UNIT         ?BI?MAIN
            BIT     0020H.2   0000H.1   UNIT         _BIT_GROUP_
                    0020H.3   0000H.5                *** GAP ***
            DATA    0021H     0034H     UNIT         ?DT?MAIN
            DATA    0055H     0004H     UNIT         ?DT?LED
            IDATA   0059H     0001H     UNIT         ?STACK

            * * * * * * *   C O D E   M E M O R Y   * * * * * * *
            CODE    0000H     0003H     ABSOLUTE     
            CODE    0003H     0007H     UNIT         ?PR?DELAY4US?ONEWIRE
                    000AH     0001H                  *** GAP ***
            CODE    000BH     0003H     ABSOLUTE     
            CODE    000EH     03BBH     UNIT         ?C?LIB_CODE
            CODE    03C9H     011CH     UNIT         ?PR?SEG_PROC?MAIN
            CODE    04E5H     00C8H     UNIT         ?PR?TIMER0_ISR?MAIN
            CODE    05ADH     00BAH     UNIT         ?PR?KEY_PROC?MAIN
BL51 BANKED LINKER/LOCATER V6.22                                                      03/17/2025  21:26:18  PAGE 2


            CODE    0667H     008CH     UNIT         ?C_C51STARTUP
            CODE    06F3H     0073H     UNIT         ?PR?KEY_READ?KEY
            CODE    0766H     0063H     UNIT         ?C_INITSEG
            CODE    07C9H     0059H     UNIT         ?PR?LED_PROC?MAIN
            CODE    0822H     0042H     UNIT         ?PR?_SEG_DISP?SEG
            CODE    0864H     003CH     UNIT         ?PR?TEMPERATURE_READ?ONEWIRE
            CODE    08A0H     003BH     UNIT         ?PR?_LED_DISP?LED
            CODE    08DBH     0034H     UNIT         ?PR?_READ_DS1302_BYTE?DS1302
            CODE    090FH     002FH     UNIT         ?PR?_RTC_SET?DS1302
            CODE    093EH     0027H     UNIT         ?PR?INIT_DS18B20?ONEWIRE
            CODE    0965H     0023H     UNIT         ?PR?_RELAY?LED
            CODE    0988H     0021H     UNIT         ?PR?_RTC_READ?DS1302
            CODE    09A9H     001EH     UNIT         ?PR?_WRITE_DS18B20?ONEWIRE
            CODE    09C7H     001DH     UNIT         ?PR?INIT_PROC?MAIN
            CODE    09E4H     001DH     UNIT         ?PR?SYS_INIT?INIT
            CODE    0A01H     001DH     UNIT         ?PR?READ_DS18B20?ONEWIRE
            CODE    0A1EH     001AH     UNIT         ?PR?_DELAY_ONEWIRE?ONEWIRE
            CODE    0A38H     0015H     UNIT         ?PR?TIMER0_INIT?MAIN
            CODE    0A4DH     0014H     UNIT         ?PR?_WRITE_DS1302_BYTE?DS1302
            CODE    0A61H     0013H     UNIT         ?PR?_WRITE_DS1302?DS1302
            CODE    0A74H     000FH     UNIT         ?PR?DELAY850MS?MAIN
            CODE    0A83H     000EH     UNIT         ?PR?MAIN?MAIN



OVERLAY MAP OF MODULE:   .\Objects\No13_P1 (MAIN)


SEGMENT                                  BIT_GROUP 
  +--> CALLED SEGMENT                 START    LENGTH
-----------------------------------------------------
?PR?TIMER0_ISR?MAIN                   -----    -----
  +--> ?PR?_SEG_DISP?SEG
  +--> ?PR?_LED_DISP?LED
  +--> ?PR?_RELAY?LED

*** NEW ROOT ***************************************************

?C_C51STARTUP                         -----    -----
  +--> ?PR?MAIN?MAIN
  +--> ?C_INITSEG

?PR?MAIN?MAIN                         -----    -----
  +--> ?PR?INIT_PROC?MAIN
  +--> ?PR?KEY_PROC?MAIN
  +--> ?PR?SEG_PROC?MAIN
  +--> ?PR?LED_PROC?MAIN

?PR?INIT_PROC?MAIN                    -----    -----
  +--> ?PR?SYS_INIT?INIT
  +--> ?PR?_RTC_SET?DS1302
  +--> ?PR?TEMPERATURE_READ?ONEWIRE
  +--> ?PR?DELAY850MS?MAIN
  +--> ?PR?TIMER0_INIT?MAIN

?PR?_RTC_SET?DS1302                   -----    -----
  +--> ?PR?_WRITE_DS1302_BYTE?DS1302
BL51 BANKED LINKER/LOCATER V6.22                                                      03/17/2025  21:26:18  PAGE 3



?PR?_WRITE_DS1302_BYTE?DS1302         -----    -----
  +--> ?PR?_WRITE_DS1302?DS1302

?PR?TEMPERATURE_READ?ONEWIRE          -----    -----
  +--> ?PR?INIT_DS18B20?ONEWIRE
  +--> ?PR?_WRITE_DS18B20?ONEWIRE
  +--> ?PR?_DELAY_ONEWIRE?ONEWIRE
  +--> ?PR?READ_DS18B20?ONEWIRE

?PR?INIT_DS18B20?ONEWIRE              0020H.2  0000H.1
  +--> ?PR?_DELAY_ONEWIRE?ONEWIRE

?PR?_WRITE_DS18B20?ONEWIRE            -----    -----
  +--> ?PR?_DELAY_ONEWIRE?ONEWIRE

?PR?READ_DS18B20?ONEWIRE              -----    -----
  +--> ?PR?DELAY4US?ONEWIRE
  +--> ?PR?_DELAY_ONEWIRE?ONEWIRE

?PR?KEY_PROC?MAIN                     -----    -----
  +--> ?PR?KEY_READ?KEY

?PR?SEG_PROC?MAIN                     -----    -----
  +--> ?PR?TEMPERATURE_READ?ONEWIRE
  +--> ?PR?_RTC_READ?DS1302

?PR?_RTC_READ?DS1302                  -----    -----
  +--> ?PR?_READ_DS1302_BYTE?DS1302

?PR?_READ_DS1302_BYTE?DS1302          -----    -----
  +--> ?PR?_WRITE_DS1302?DS1302



SYMBOL TABLE OF MODULE:  .\Objects\No13_P1 (MAIN)

  VALUE           TYPE          NAME
  ----------------------------------

  -------         MODULE        MAIN
  C:0000H         SYMBOL        _ICE_DUMMY_
  D:0021H         PUBLIC        Relay_Buf
  D:0080H         PUBLIC        P0
  D:0090H         PUBLIC        P1
  D:00A0H         PUBLIC        P2
  D:00B0H         PUBLIC        P3
  D:00C0H         PUBLIC        P4
  D:00C8H         PUBLIC        P5
  D:00E8H         PUBLIC        P6
  B:00A8H.7       PUBLIC        EA
  D:00F8H         PUBLIC        P7
  D:0022H         PUBLIC        Seg_Show_Mode
  C:09C7H         PUBLIC        Init_Proc
  C:07C9H         PUBLIC        Led_Proc
  D:0023H         PUBLIC        Seg_Point
  D:00A8H         PUBLIC        IE
BL51 BANKED LINKER/LOCATER V6.22                                                      03/17/2025  21:26:18  PAGE 4


  D:002BH         PUBLIC        Led_Buf
  D:0033H         PUBLIC        Temperature
  C:03C9H         PUBLIC        Seg_Proc
  D:0037H         PUBLIC        Time_5000ms
  D:00B8H         PUBLIC        IP
  D:0039H         PUBLIC        Temperature_Parameter
  D:003DH         PUBLIC        Seg_Buf
  C:05ADH         PUBLIC        Key_Proc
  D:00D8H         PUBLIC        CCON
  D:0045H         PUBLIC        Key_Down
  C:0A83H         PUBLIC        main
  D:0046H         PUBLIC        Seg_Slow
  D:0047H         PUBLIC        Rtc
  C:0A38H         PUBLIC        Timer0_Init
  D:004AH         PUBLIC        Key_Old
  D:004BH         PUBLIC        Temperature_Parameter_Set
  B:0020H.0       PUBLIC        L3_Flash_Flag
  D:004DH         PUBLIC        Key_Val
  D:004EH         PUBLIC        Key_Slow
  D:004FH         PUBLIC        Seg_Pos
  D:0098H         PUBLIC        SCON
  D:0089H         PUBLIC        TMOD
  D:0088H         PUBLIC        TCON
  D:008EH         PUBLIC        AUXR
  C:04E5H         PUBLIC        Timer0_Isr
  B:00A8H.1       PUBLIC        ET0
  B:0088H.5       PUBLIC        TF0
  D:008CH         PUBLIC        TH0
  B:0020H.1       PUBLIC        Each_Hour_Flag
  D:0050H         PUBLIC        Key_Up
  D:008AH         PUBLIC        TL0
  B:0088H.4       PUBLIC        TR0
  D:0051H         PUBLIC        U2_Time_Mode
  D:0052H         PUBLIC        Time_100ms
  D:0054H         PUBLIC        Realy_Work_Mode
  C:0A74H         PUBLIC        Delay850ms
  D:00D0H         PUBLIC        PSW
  -------         PROC          KEY_PROC
  C:05ADH         LINE#         35
  C:05ADH         LINE#         36
  C:05ADH         LINE#         37
  C:05B4H         LINE#         38
  C:05B7H         LINE#         40
  C:05BCH         LINE#         41
  C:05C5H         LINE#         42
  C:05CBH         LINE#         43
  C:05CEH         LINE#         45
  C:05D3H         LINE#         46
  C:05D3H         LINE#         47
  C:05D8H         LINE#         48
  C:05DDH         LINE#         50
  C:05E0H         LINE#         51
  C:05E0H         LINE#         53
  C:05F1H         LINE#         54
  C:05F1H         LINE#         55
  C:05F1H         LINE#         56
  C:05FBH         LINE#         57
BL51 BANKED LINKER/LOCATER V6.22                                                      03/17/2025  21:26:18  PAGE 5


  C:0600H         LINE#         58
  C:0600H         LINE#         59
  C:0610H         LINE#         60
  C:0610H         LINE#         61
  C:0614H         LINE#         62
  C:0614H         LINE#         63
  C:0623H         LINE#         64
  C:0623H         LINE#         65
  C:0624H         LINE#         66
  C:0624H         LINE#         67
  C:062EH         LINE#         68
  C:0631H         LINE#         69
  C:0633H         LINE#         70
  C:0634H         LINE#         71
  C:0634H         LINE#         72
  C:0639H         LINE#         73
  C:0639H         LINE#         74
  C:064CH         LINE#         75
  C:064CH         LINE#         76
  C:064DH         LINE#         77
  C:064DH         LINE#         78
  C:0652H         LINE#         79
  C:0652H         LINE#         80
  C:0666H         LINE#         81
  C:0666H         LINE#         82
  C:0666H         LINE#         83
  C:0666H         LINE#         84
  -------         ENDPROC       KEY_PROC
  -------         PROC          SEG_PROC
  C:03C9H         LINE#         86
  C:03C9H         LINE#         87
  C:03C9H         LINE#         88
  C:03D0H         LINE#         89
  C:03D3H         LINE#         91
  C:03DEH         LINE#         92
  C:03E7H         LINE#         94
  C:03EEH         LINE#         95
  C:03EEH         LINE#         96
  C:0400H         LINE#         97
  C:0400H         LINE#         98
  C:0400H         LINE#         99
  C:0403H         LINE#         100
  C:0406H         LINE#         101
  C:040FH         LINE#         102
  C:042DH         LINE#         103
  C:0441H         LINE#         104
  C:0444H         LINE#         105
  C:0459H         LINE#         106
  C:045BH         LINE#         107
  C:045BH         LINE#         108
  C:045EH         LINE#         109
  C:0461H         LINE#         110
  C:0464H         LINE#         111
  C:0467H         LINE#         112
  C:046EH         LINE#         113
  C:0474H         LINE#         114
  C:0477H         LINE#         115
BL51 BANKED LINKER/LOCATER V6.22                                                      03/17/2025  21:26:18  PAGE 6


  C:047EH         LINE#         116
  C:0480H         LINE#         117
  C:0482H         LINE#         118
  C:0482H         LINE#         119
  C:0485H         LINE#         120
  C:0488H         LINE#         121
  C:048BH         LINE#         122
  C:048EH         LINE#         123
  C:0491H         LINE#         124
  C:0494H         LINE#         125
  C:04A8H         LINE#         126
  C:04B5H         LINE#         127
  C:04B6H         LINE#         128
  C:04B6H         LINE#         129
  C:04B6H         LINE#         130
  C:04BBH         LINE#         131
  C:04BBH         LINE#         132
  C:04BEH         LINE#         133
  C:04C1H         LINE#         134
  C:04C4H         LINE#         135
  C:04C7H         LINE#         136
  C:04CEH         LINE#         137
  C:04D4H         LINE#         138
  C:04D7H         LINE#         139
  C:04DEH         LINE#         140
  C:04E4H         LINE#         141
  C:04E4H         LINE#         142
  -------         ENDPROC       SEG_PROC
  -------         PROC          LED_PROC
  C:07C9H         LINE#         144
  C:07C9H         LINE#         145
  C:07C9H         LINE#         146
  C:07D4H         LINE#         147
  C:07D6H         LINE#         149
  C:07DCH         LINE#         150
  C:07E8H         LINE#         152
  C:07F7H         LINE#         155
  C:07FBH         LINE#         156
  C:07FBH         LINE#         157
  C:081AH         LINE#         158
  C:081BH         LINE#         160
  C:081BH         LINE#         161
  C:0821H         LINE#         162
  C:0821H         LINE#         165
  -------         ENDPROC       LED_PROC
  -------         PROC          TIMER0_INIT
  C:0A38H         LINE#         167
  C:0A38H         LINE#         168
  C:0A38H         LINE#         169
  C:0A3BH         LINE#         170
  C:0A3EH         LINE#         171
  C:0A41H         LINE#         172
  C:0A44H         LINE#         173
  C:0A46H         LINE#         174
  C:0A48H         LINE#         175
  C:0A4AH         LINE#         176
  C:0A4CH         LINE#         177
BL51 BANKED LINKER/LOCATER V6.22                                                      03/17/2025  21:26:18  PAGE 7


  -------         ENDPROC       TIMER0_INIT
  -------         PROC          TIMER0_ISR
  C:04E5H         LINE#         178
  C:0502H         LINE#         180
  C:050CH         LINE#         181
  C:0516H         LINE#         183
  C:0520H         LINE#         184
  C:0537H         LINE#         185
  C:0545H         LINE#         186
  C:054AH         LINE#         189
  C:054DH         LINE#         190
  C:054DH         LINE#         191
  C:055EH         LINE#         192
  C:055EH         LINE#         193
  C:0564H         LINE#         194
  C:0566H         LINE#         195
  C:0566H         LINE#         196
  C:0568H         LINE#         198
  C:056EH         LINE#         201
  C:0573H         LINE#         202
  C:0573H         LINE#         203
  C:0581H         LINE#         204
  C:0581H         LINE#         205
  C:0585H         LINE#         206
  C:058AH         LINE#         207
  C:058AH         LINE#         208
  C:058CH         LINE#         210
  C:0592H         LINE#         211
  -------         ENDPROC       TIMER0_ISR
  -------         PROC          DELAY850MS
  -------         DO            
  D:0007H         SYMBOL        i
  D:0006H         SYMBOL        j
  D:0005H         SYMBOL        k
  -------         ENDDO         
  C:0A74H         LINE#         213
  C:0A74H         LINE#         214
  C:0A74H         LINE#         217
  C:0A75H         LINE#         218
  C:0A76H         LINE#         219
  C:0A78H         LINE#         220
  C:0A7AH         LINE#         221
  C:0A7CH         LINE#         223
  C:0A7CH         LINE#         225
  C:0A7CH         LINE#         226
  C:0A7EH         LINE#         227
  C:0A80H         LINE#         228
  C:0A82H         LINE#         229
  -------         ENDPROC       DELAY850MS
  -------         PROC          INIT_PROC
  C:09C7H         LINE#         231
  C:09C7H         LINE#         232
  C:09C7H         LINE#         233
  C:09CAH         LINE#         234
  C:09D3H         LINE#         235
  C:09DEH         LINE#         236
  C:09E1H         LINE#         237
BL51 BANKED LINKER/LOCATER V6.22                                                      03/17/2025  21:26:18  PAGE 8


  -------         ENDPROC       INIT_PROC
  -------         PROC          MAIN
  C:0A83H         LINE#         240
  C:0A83H         LINE#         241
  C:0A83H         LINE#         242
  C:0A86H         LINE#         243
  C:0A86H         LINE#         244
  C:0A86H         LINE#         245
  C:0A89H         LINE#         246
  C:0A8CH         LINE#         247
  C:0A8FH         LINE#         248
  -------         ENDPROC       MAIN
  -------         ENDMOD        MAIN

  -------         MODULE        INIT
  C:0000H         SYMBOL        _ICE_DUMMY_
  D:0080H         PUBLIC        P0
  D:0090H         PUBLIC        P1
  D:00A0H         PUBLIC        P2
  D:00B0H         PUBLIC        P3
  D:00C0H         PUBLIC        P4
  D:00C8H         PUBLIC        P5
  D:00E8H         PUBLIC        P6
  D:00F8H         PUBLIC        P7
  D:00A8H         PUBLIC        IE
  D:00B8H         PUBLIC        IP
  D:00D8H         PUBLIC        CCON
  D:0098H         PUBLIC        SCON
  D:0088H         PUBLIC        TCON
  C:09E4H         PUBLIC        Sys_Init
  D:00D0H         PUBLIC        PSW
  -------         PROC          SYS_INIT
  C:09E4H         LINE#         2
  C:09E4H         LINE#         3
  C:09E4H         LINE#         4
  C:09E7H         LINE#         5
  C:09EFH         LINE#         6
  C:09F2H         LINE#         8
  C:09F5H         LINE#         9
  C:09FDH         LINE#         10
  C:0A00H         LINE#         11
  -------         ENDPROC       SYS_INIT
  -------         ENDMOD        INIT

  -------         MODULE        KEY
  C:0000H         SYMBOL        _ICE_DUMMY_
  D:0080H         PUBLIC        P0
  D:0090H         PUBLIC        P1
  D:00A0H         PUBLIC        P2
  D:00B0H         PUBLIC        P3
  D:00C0H         PUBLIC        P4
  D:00C8H         PUBLIC        P5
  D:00E8H         PUBLIC        P6
  D:00F8H         PUBLIC        P7
  C:06F3H         PUBLIC        Key_Read
  D:00A8H         PUBLIC        IE
  D:00B8H         PUBLIC        IP
BL51 BANKED LINKER/LOCATER V6.22                                                      03/17/2025  21:26:18  PAGE 9


  D:00D8H         PUBLIC        CCON
  B:00B0H.0       PUBLIC        P30
  B:00B0H.1       PUBLIC        P31
  D:0098H         PUBLIC        SCON
  B:00B0H.2       PUBLIC        P32
  D:0088H         PUBLIC        TCON
  B:00C0H.2       PUBLIC        P42
  B:00B0H.3       PUBLIC        P33
  B:00B0H.4       PUBLIC        P34
  B:00C0H.4       PUBLIC        P44
  B:00B0H.5       PUBLIC        P35
  D:00D0H         PUBLIC        PSW
  -------         PROC          KEY_READ
  -------         DO            
  D:0007H         SYMBOL        temp
  -------         ENDDO         
  C:06F3H         LINE#         2
  C:06F3H         LINE#         3
  C:06F3H         LINE#         4
  C:06F5H         LINE#         5
  C:06FDH         LINE#         6
  C:0702H         LINE#         7
  C:0707H         LINE#         8
  C:070CH         LINE#         9
  C:0711H         LINE#         10
  C:0719H         LINE#         11
  C:071EH         LINE#         12
  C:0723H         LINE#         13
  C:0728H         LINE#         14
  C:072DH         LINE#         15
  C:0735H         LINE#         16
  C:073AH         LINE#         17
  C:073FH         LINE#         18
  C:0744H         LINE#         19
  C:0749H         LINE#         20
  C:0751H         LINE#         21
  C:0756H         LINE#         22
  C:075BH         LINE#         23
  C:0760H         LINE#         24
  C:0765H         LINE#         25
  C:0765H         LINE#         26
  -------         ENDPROC       KEY_READ
  -------         ENDMOD        KEY

  -------         MODULE        LED
  C:0000H         SYMBOL        _ICE_DUMMY_
  C:0965H         PUBLIC        _Relay
  D:0080H         PUBLIC        P0
  D:0090H         PUBLIC        P1
  D:00A0H         PUBLIC        P2
  D:00B0H         PUBLIC        P3
  D:00C0H         PUBLIC        P4
  D:00C8H         PUBLIC        P5
  D:00E8H         PUBLIC        P6
  D:00F8H         PUBLIC        P7
  C:08A0H         PUBLIC        _Led_Disp
  D:00A8H         PUBLIC        IE
BL51 BANKED LINKER/LOCATER V6.22                                                      03/17/2025  21:26:18  PAGE 10


  D:00B8H         PUBLIC        IP
  D:00D8H         PUBLIC        CCON
  D:0098H         PUBLIC        SCON
  D:0088H         PUBLIC        TCON
  D:00D0H         PUBLIC        PSW
  -------         PROC          _LED_DISP
  D:0007H         SYMBOL        addr
  D:0004H         SYMBOL        enable
  -------         DO            
  D:0055H         SYMBOL        temp
  D:0056H         SYMBOL        temp_old
  -------         ENDDO         
  C:08A0H         LINE#         5
  C:08A0H         LINE#         6
  C:08A0H         LINE#         10
  C:08A4H         LINE#         11
  C:08B3H         LINE#         13
  C:08C1H         LINE#         15
  C:08C7H         LINE#         16
  C:08C7H         LINE#         17
  C:08CCH         LINE#         18
  C:08D4H         LINE#         19
  C:08D7H         LINE#         20
  C:08DAH         LINE#         21
  C:08DAH         LINE#         22
  -------         ENDPROC       _LED_DISP
  -------         PROC          _RELAY
  D:0007H         SYMBOL        enable
  -------         DO            
  D:0057H         SYMBOL        temp
  D:0058H         SYMBOL        temp_old
  -------         ENDDO         
  C:0965H         LINE#         42
  C:0965H         LINE#         43
  C:0965H         LINE#         46
  C:0968H         LINE#         47
  C:096DH         LINE#         49
  C:0970H         LINE#         51
  C:0976H         LINE#         52
  C:0976H         LINE#         53
  C:0979H         LINE#         54
  C:0981H         LINE#         55
  C:0984H         LINE#         56
  C:0987H         LINE#         57
  C:0987H         LINE#         58
  -------         ENDPROC       _RELAY
  -------         ENDMOD        LED

  -------         MODULE        SEG
  C:0000H         SYMBOL        _ICE_DUMMY_
  D:0080H         PUBLIC        P0
  D:0090H         PUBLIC        P1
  D:00A0H         PUBLIC        P2
  D:00B0H         PUBLIC        P3
  D:00C0H         PUBLIC        P4
  D:00C8H         PUBLIC        P5
  D:00E8H         PUBLIC        P6
BL51 BANKED LINKER/LOCATER V6.22                                                      03/17/2025  21:26:18  PAGE 11


  D:00F8H         PUBLIC        P7
  D:0008H         PUBLIC        Seg_Dula
  D:0015H         PUBLIC        Seg_Wela
  D:00A8H         PUBLIC        IE
  C:0822H         PUBLIC        _Seg_Disp
  D:00B8H         PUBLIC        IP
  D:00D8H         PUBLIC        CCON
  D:0098H         PUBLIC        SCON
  D:0088H         PUBLIC        TCON
  D:00D0H         PUBLIC        PSW
  -------         PROC          _SEG_DISP
  D:0007H         SYMBOL        wela
  D:0004H         SYMBOL        dula
  D:0002H         SYMBOL        point
  C:0822H         LINE#         19
  C:0822H         LINE#         20
  C:0822H         LINE#         21
  C:0825H         LINE#         22
  C:082DH         LINE#         23
  C:0830H         LINE#         25
  C:0837H         LINE#         26
  C:083FH         LINE#         27
  C:0842H         LINE#         29
  C:0846H         LINE#         30
  C:0851H         LINE#         32
  C:0858H         LINE#         33
  C:0860H         LINE#         34
  C:0863H         LINE#         35
  -------         ENDPROC       _SEG_DISP
  -------         ENDMOD        SEG

  -------         MODULE        DS1302
  C:0000H         SYMBOL        _ICE_DUMMY_
  D:0080H         PUBLIC        P0
  D:0090H         PUBLIC        P1
  D:00A0H         PUBLIC        P2
  D:00B0H         PUBLIC        P3
  D:00C0H         PUBLIC        P4
  D:00C8H         PUBLIC        P5
  D:00E8H         PUBLIC        P6
  D:00F8H         PUBLIC        P7
  C:0988H         PUBLIC        _Rtc_Read
  D:00A8H         PUBLIC        IE
  D:00B8H         PUBLIC        IP
  D:00D8H         PUBLIC        CCON
  D:0098H         PUBLIC        SCON
  D:0088H         PUBLIC        TCON
  C:090FH         PUBLIC        _Rtc_Set
  C:08DBH         PUBLIC        _Read_Ds1302_Byte
  B:00A0H.3       PUBLIC        SDA
  B:0090H.7       PUBLIC        SCK
  C:0A4DH         PUBLIC        _Write_Ds1302_Byte
  C:0A61H         PUBLIC        _Write_Ds1302
  B:0090H.3       PUBLIC        RST
  D:00D0H         PUBLIC        PSW
  -------         PROC          _WRITE_DS1302
  D:0007H         SYMBOL        temp
BL51 BANKED LINKER/LOCATER V6.22                                                      03/17/2025  21:26:18  PAGE 12


  -------         DO            
  D:0006H         SYMBOL        i
  -------         ENDDO         
  C:0A61H         LINE#         9
  C:0A61H         LINE#         10
  C:0A61H         LINE#         12
  C:0A63H         LINE#         13
  C:0A63H         LINE#         14
  C:0A65H         LINE#         15
  C:0A69H         LINE#         16
  C:0A6DH         LINE#         17
  C:0A6FH         LINE#         18
  C:0A73H         LINE#         19
  -------         ENDPROC       _WRITE_DS1302
  -------         PROC          _WRITE_DS1302_BYTE
  D:0007H         SYMBOL        address
  D:0005H         SYMBOL        dat
  C:0A4DH         LINE#         22
  C:0A4DH         LINE#         23
  C:0A4DH         LINE#         24
  C:0A50H         LINE#         25
  C:0A53H         LINE#         26
  C:0A56H         LINE#         27
  C:0A59H         LINE#         28
  C:0A5EH         LINE#         29
  C:0A60H         LINE#         30
  -------         ENDPROC       _WRITE_DS1302_BYTE
  -------         PROC          _READ_DS1302_BYTE
  D:0007H         SYMBOL        address
  -------         DO            
  D:0007H         SYMBOL        i
  D:0005H         SYMBOL        temp
  -------         ENDDO         
  C:08DBH         LINE#         33
  C:08DBH         LINE#         34
  C:08DBH         LINE#         35
  C:08DDH         LINE#         36
  C:08E0H         LINE#         37
  C:08E3H         LINE#         38
  C:08E6H         LINE#         39
  C:08E9H         LINE#         40
  C:08EBH         LINE#         41
  C:08EBH         LINE#         42
  C:08EDH         LINE#         43
  C:08F1H         LINE#         44
  C:08F4H         LINE#         45
  C:08F7H         LINE#         46
  C:08F9H         LINE#         47
  C:08FDH         LINE#         48
  C:0900H         LINE#         49
  C:0903H         LINE#         50
  C:0906H         LINE#         51
  C:0909H         LINE#         52
  C:090CH         LINE#         53
  C:090EH         LINE#         54
  -------         ENDPROC       _READ_DS1302_BYTE
  -------         PROC          _RTC_SET
BL51 BANKED LINKER/LOCATER V6.22                                                      03/17/2025  21:26:18  PAGE 13


  D:0001H         SYMBOL        ucRtc
  C:090FH         LINE#         62
  C:090FH         LINE#         63
  C:090FH         LINE#         64
  C:0916H         LINE#         65
  C:091FH         LINE#         66
  C:092BH         LINE#         67
  C:0937H         LINE#         68
  -------         ENDPROC       _RTC_SET
  -------         PROC          _RTC_READ
  D:0001H         SYMBOL        ucRtc
  C:0988H         LINE#         71
  C:0988H         LINE#         72
  C:0988H         LINE#         73
  C:0991H         LINE#         74
  C:099DH         LINE#         75
  -------         ENDPROC       _RTC_READ
  -------         ENDMOD        DS1302

  -------         MODULE        ONEWIRE
  C:0000H         SYMBOL        _ICE_DUMMY_
  D:0080H         PUBLIC        P0
  D:0090H         PUBLIC        P1
  D:00A0H         PUBLIC        P2
  D:00B0H         PUBLIC        P3
  D:00C0H         PUBLIC        P4
  C:0A01H         PUBLIC        Read_DS18B20
  D:00C8H         PUBLIC        P5
  D:00E8H         PUBLIC        P6
  D:00F8H         PUBLIC        P7
  D:00A8H         PUBLIC        IE
  C:0A22H         PUBLIC        _Delay_OneWire
  C:0003H         PUBLIC        Delay4us
  C:09A9H         PUBLIC        _Write_DS18B20
  B:0090H.4       PUBLIC        DQ
  D:00B8H         PUBLIC        IP
  C:093EH         PUBLIC        init_ds18b20
  D:00D8H         PUBLIC        CCON
  D:0098H         PUBLIC        SCON
  D:0088H         PUBLIC        TCON
  C:0864H         PUBLIC        Temperature_Read
  D:00D0H         PUBLIC        PSW
  -------         PROC          DELAY4US
  -------         DO            
  D:0007H         SYMBOL        i
  -------         ENDDO         
  C:0003H         LINE#         7
  C:0003H         LINE#         8
  C:0003H         LINE#         11
  C:0004H         LINE#         12
  C:0005H         LINE#         13
  C:0007H         LINE#         14
  C:0009H         LINE#         15
  -------         ENDPROC       DELAY4US
  C:0A1EH         SYMBOL        L?0023
  -------         PROC          L?0022
  -------         ENDPROC       L?0022
BL51 BANKED LINKER/LOCATER V6.22                                                      03/17/2025  21:26:18  PAGE 14


  C:0A1EH         SYMBOL        L?0023
  -------         PROC          _DELAY_ONEWIRE
  D:0006H         SYMBOL        t
  -------         DO            
  D:0005H         SYMBOL        i
  -------         ENDDO         
  C:0A22H         LINE#         18
  C:0A22H         LINE#         19
  C:0A22H         LINE#         21
  C:0A2CH         LINE#         22
  C:0A37H         LINE#         23
  C:0A37H         LINE#         24
  -------         ENDPROC       _DELAY_ONEWIRE
  -------         PROC          _WRITE_DS18B20
  D:0001H         SYMBOL        dat
  -------         DO            
  D:0003H         SYMBOL        i
  -------         ENDDO         
  C:09A9H         LINE#         27
  C:09ABH         LINE#         28
  C:09ABH         LINE#         30
  C:09ADH         LINE#         31
  C:09ADH         LINE#         32
  C:09AFH         LINE#         33
  C:09B3H         LINE#         34
  C:09B6H         LINE#         35
  C:09B8H         LINE#         36
  C:09BCH         LINE#         37
  C:09C0H         LINE#         38
  -------         ENDPROC       _WRITE_DS18B20
  -------         PROC          READ_DS18B20
  -------         DO            
  D:0003H         SYMBOL        i
  D:0004H         SYMBOL        dat
  -------         ENDDO         
  C:0A01H         LINE#         42
  C:0A01H         LINE#         43
  C:0A01H         LINE#         47
  C:0A03H         LINE#         48
  C:0A03H         LINE#         49
  C:0A05H         LINE#         50
  C:0A09H         LINE#         51
  C:0A0BH         LINE#         52
  C:0A0EH         LINE#         54
  C:0A11H         LINE#         55
  C:0A11H         LINE#         56
  C:0A14H         LINE#         57
  C:0A14H         LINE#         58
  C:0A17H         LINE#         59
  C:0A1BH         LINE#         60
  C:0A1DH         LINE#         61
  -------         ENDPROC       READ_DS18B20
  -------         PROC          INIT_DS18B20
  -------         DO            
  B:0020H.2       SYMBOL        initflag
  -------         ENDDO         
  C:093EH         LINE#         64
BL51 BANKED LINKER/LOCATER V6.22                                                      03/17/2025  21:26:18  PAGE 15


  C:093EH         LINE#         65
  C:093EH         LINE#         66
  C:0940H         LINE#         68
  C:0942H         LINE#         69
  C:0949H         LINE#         70
  C:094BH         LINE#         71
  C:0952H         LINE#         72
  C:0954H         LINE#         73
  C:095BH         LINE#         74
  C:095FH         LINE#         75
  C:0962H         LINE#         77
  C:0964H         LINE#         78
  -------         ENDPROC       INIT_DS18B20
  -------         PROC          TEMPERATURE_READ
  -------         DO            
  D:0001H         SYMBOL        low
  D:0007H         SYMBOL        high
  -------         ENDDO         
  C:0864H         LINE#         87
  C:0864H         LINE#         88
  C:0864H         LINE#         91
  C:0867H         LINE#         92
  C:086CH         LINE#         93
  C:0871H         LINE#         94
  C:0878H         LINE#         95
  C:087BH         LINE#         96
  C:0880H         LINE#         97
  C:0885H         LINE#         99
  C:088AH         LINE#         100
  C:088DH         LINE#         102
  C:089FH         LINE#         103
  -------         ENDPROC       TEMPERATURE_READ
  -------         ENDMOD        ONEWIRE

  -------         MODULE        ?C?FPMUL
  C:000EH         PUBLIC        ?C?FPMUL
  -------         ENDMOD        ?C?FPMUL

  -------         MODULE        ?C?FPDIV
  C:0117H         PUBLIC        ?C?FPDIV
  -------         ENDMOD        ?C?FPDIV

  -------         MODULE        ?C?FPCMP
  C:01B6H         PUBLIC        ?C?FPCMP
  C:01B4H         PUBLIC        ?C?FPCMP3
  -------         ENDMOD        ?C?FPCMP

  -------         MODULE        ?C?FCAST
  C:0237H         PUBLIC        ?C?FCASTC
  C:0232H         PUBLIC        ?C?FCASTI
  C:022DH         PUBLIC        ?C?FCASTL
  -------         ENDMOD        ?C?FCAST

  -------         MODULE        ?C?CASTF
  C:026BH         PUBLIC        ?C?CASTF
  -------         ENDMOD        ?C?CASTF

BL51 BANKED LINKER/LOCATER V6.22                                                      03/17/2025  21:26:18  PAGE 16


  -------         MODULE        ?C?CLDPTR
  C:02ECH         PUBLIC        ?C?CLDPTR
  -------         ENDMOD        ?C?CLDPTR

  -------         MODULE        ?C?CLDOPTR
  C:0305H         PUBLIC        ?C?CLDOPTR
  -------         ENDMOD        ?C?CLDOPTR

  -------         MODULE        ?C?CSTPTR
  C:0332H         PUBLIC        ?C?CSTPTR
  -------         ENDMOD        ?C?CSTPTR

  -------         MODULE        ?C?CSTOPTR
  C:0344H         PUBLIC        ?C?CSTOPTR
  -------         ENDMOD        ?C?CSTOPTR

  -------         MODULE        ?C?UIDIV
  C:0366H         PUBLIC        ?C?UIDIV
  -------         ENDMOD        ?C?UIDIV

  -------         MODULE        ?C?LNEG
  C:03BBH         PUBLIC        ?C?LNEG
  -------         ENDMOD        ?C?LNEG

Program Size: data=86.3 xdata=0 code=2704
LINK/LOCATE RUN COMPLETE.  0 WARNING(S),  0 ERROR(S)
