C51 COMPILER V9.54   SEG                                                                   05/10/2025 19:03:05 PAGE 1   


C51 COMPILER V9.54, COMPILATION OF MODULE SEG
OBJECT MODULE PLACED IN .\Objects\seg.obj
COMPILER INVOKED BY: D:\Keil_v5\C51\BIN\C51.EXE ..\Source\Driver\seg.c OPTIMIZE(8,SPEED) BROWSE INCDIR(..\Source\Driver;
                    -..\Source\User) DEBUG OBJECTEXTEND PRINT(.\Listings\seg.lst) OBJECT(.\Objects\seg.obj)

line level    source

   1          #include <seg.H>
   2          idata unsigned char seg_dula[]={0xC0,0xF9,0xA4,0xB0,0x99,0x92,0x82,0xF8,0x80,0x90,0xff};
   3          void seg_disp(unsigned char wela,dula,point)
   4          {
   5   1              unsigned char temp;
   6   1              
   7   1              P0=0xff;
   8   1              temp=P2&0x1f;
   9   1              temp=temp|0xe0;
  10   1              P2=temp;
  11   1              temp=P2&0x1f;
  12   1              P2=temp;
  13   1              
  14   1              P0=0x01<<wela;
  15   1              temp=P2&0x1f;
  16   1              temp=temp|0xc0;
  17   1              P2=temp;
  18   1              temp=P2&0x1f;
  19   1              P2=temp;
  20   1              
  21   1              P0=seg_dula[dula];
  22   1              if(point)
  23   1                      P0&=0x7f;
  24   1              temp=P2&0x1f;
  25   1              temp=temp|0xe0;
  26   1              P2=temp;
  27   1              temp=P2&0x1f;
  28   1              P2=temp;
  29   1      }


MODULE INFORMATION:   STATIC OVERLAYABLE
   CODE SIZE        =     80    ----
   CONSTANT SIZE    =   ----    ----
   XDATA SIZE       =   ----    ----
   PDATA SIZE       =   ----    ----
   DATA SIZE        =   ----    ----
   IDATA SIZE       =     11    ----
   BIT SIZE         =   ----    ----
END OF MODULE INFORMATION.


C51 COMPILATION COMPLETE.  0 WARNING(S),  0 ERROR(S)
