C51 COMPILER V9.54   LED                                                                   04/05/2025 04:13:23 PAGE 1   


C51 COMPILER V9.54, COMPILATION OF MODULE LED
OBJECT MODULE PLACED IN .\Objects\Led.obj
COMPILER INVOKED BY: D:\Keil_v5\C51\BIN\C51.EXE Driver\Led.c OPTIMIZE(8,SPEED) BROWSE INCDIR(.\Driver;.\User) DEBUG OBJE
                    -CTEXTEND PRINT(.\Listings\Led.lst) OBJECT(.\Objects\Led.obj)

line level    source

   1          #include <Led.H>
   2          void Led_Disp(unsigned char addr,enable)
   3          {
   4   1              static unsigned char temp=0x00;
   5   1              static unsigned char temp_old=0xff;
   6   1              
   7   1              if(enable)
   8   1                      temp|=0x01<<addr;
   9   1              else
  10   1                      temp&=~(0x01<<addr);
  11   1              
  12   1              if(temp!=temp_old)
  13   1              {
  14   2                      P0=~temp;
  15   2                      P2=P2&0x1f|0x80;
  16   2                      P2&=0x1f;
  17   2                      temp_old=temp;
  18   2              }
  19   1      }
  20          void Beeper(bit enable)
  21          {
  22   1              static unsigned char temp=0x00;
  23   1              static unsigned char temp_old=0xff;
  24   1              
  25   1              if(enable)
  26   1                      temp|=0x40;
  27   1              else
  28   1                      temp&=~(0x40);
  29   1              
  30   1              if(temp!=temp_old)
  31   1              {
  32   2                      P0=temp;
  33   2                      P2=P2&0x1f|0xa0;
  34   2                      P2&=0x1f;
  35   2                      temp_old=temp;
  36   2              }
  37   1      }
  38          void Relay(bit enable)
  39          {
  40   1              static unsigned char temp=0x00;
  41   1              static unsigned char temp_old=0xff;
  42   1              
  43   1              if(enable)
  44   1                      temp|=0x10;
  45   1              else
  46   1                      temp&=~(0x10);
  47   1              
  48   1              if(temp!=temp_old)
  49   1              {
  50   2                      P0=temp;
  51   2                      P2=P2&0x1f|0xa0;
  52   2                      P2&=0x1f;
  53   2                      temp_old=temp;
  54   2              }
C51 COMPILER V9.54   LED                                                                   04/05/2025 04:13:23 PAGE 2   

  55   1      }
  56          
  57          


MODULE INFORMATION:   STATIC OVERLAYABLE
   CODE SIZE        =    129    ----
   CONSTANT SIZE    =   ----    ----
   XDATA SIZE       =   ----    ----
   PDATA SIZE       =   ----    ----
   DATA SIZE        =      6    ----
   IDATA SIZE       =   ----    ----
   BIT SIZE         =   ----       2
END OF MODULE INFORMATION.


C51 COMPILATION COMPLETE.  0 WARNING(S),  0 ERROR(S)
