C51 COMPILER V9.54   MAIN                                                                  04/05/2025 04:13:22 PAGE 1   


C51 COMPILER V9.54, COMPILATION OF MODULE MAIN
OBJECT MODULE PLACED IN .\Objects\main.obj
COMPILER INVOKED BY: D:\Keil_v5\C51\BIN\C51.EXE User\main.c OPTIMIZE(8,SPEED) BROWSE INCDIR(.\Driver;.\User) DEBUG OBJEC
                    -TEXTEND PRINT(.\Listings\main.lst) OBJECT(.\Objects\main.obj)

line level    source

   1          /*头文件引用区域*/
   2          #include <STC15F2K60S2.H>
   3          #include <Init.H>
   4          #include <Led.H>
   5          #include <Seg.H>
   6          #include <Key.H>
   7          #include <ds1302.H>
   8          #include <iic.H>
   9          /*变量声明区域*/
  10          idata unsigned char Key_Slow,Key_Val,Key_Old,Key_Down,Key_Up;
  11          idata unsigned char Seg_Slow,Seg_Pos;
  12          idata unsigned char Seg_Buf[8]={10,10,10,10,10,10,10,10},Seg_Point[8]={0,0,0,0,0,0,0,0};
  13          idata unsigned char Beeper_Buf=0,Relay_Buf=0,Led_Buf[8]={0,0,0,0,0,0,0,0};
  14          idata unsigned char i,j;
  15          
  16          
  17          idata unsigned char Seg_Show_Mode=0;//【0-时间】【1-数据】【2-历史】
  18          idata unsigned char History_Index=0;
  19          
  20          idata unsigned char Rtc[3]={0x23,0x59,0x50};
  21          idata unsigned char Rtc_Trigger[3][3];
  22          
  23          idata float ADC_Light_Voltage;
  24          idata float ADC_Rb2_Voltage;
  25          idata bit Trigger_Flag;//【*-触发】
  26          idata bit Trigger_Keep;
  27          idata unsigned int Time_3000ms;
  28          /*按键控制区域*/
  29          void Key_Proc()
  30          {
  31   1              if(Key_Slow)return;
  32   1              Key_Slow=1;
  33   1              
  34   1              Key_Val=Key_Read();
  35   1              Key_Down=Key_Val&(Key_Old^Key_Val);
  36   1              Key_Up=~Key_Val&(Key_Old^Key_Val);
  37   1              Key_Old=Key_Val;
  38   1              
  39   1              switch(Key_Down)
  40   1              {
  41   2                      case 4:
  42   2                              if(Seg_Show_Mode==1)History_Index=0;
  43   2                              if(++Seg_Show_Mode==3)Seg_Show_Mode=0;
  44   2                      break;
  45   2                      case 5:
  46   2                              if(Seg_Show_Mode==2)
  47   2                              {
  48   3                                      if(++History_Index==3)History_Index=0;
  49   3                              }
  50   2                      break;
  51   2                      case 8:
  52   2                              if(Seg_Show_Mode==2)
  53   2                              {
  54   3                                      for(i=0;i<3;i++)
C51 COMPILER V9.54   MAIN                                                                  04/05/2025 04:13:22 PAGE 2   

  55   3                                      {
  56   4                                              for(j=0;j<3;j++)
  57   4                                                      Rtc_Trigger[i][j]=0;
  58   4                                      }
  59   3                              }
  60   2                      break;
  61   2              }
  62   1      }
  63          /*数码管控制区域*/
  64          void Seg_Proc()
  65          {
  66   1              switch(Seg_Slow)
  67   1              {
  68   2                      case 30:
  69   2                              ADC_Light_Voltage=AD_Read(0x03)/51.0;
  70   2                      break;
  71   2                      case 60:
  72   2                              ADC_Rb2_Voltage=AD_Read(0x01)/51.0;
  73   2                      break;
  74   2                      case 90:
  75   2                              RTC_Read(Rtc);
  76   2                      break;
  77   2              }
  78   1              
  79   1              if(Seg_Slow)return;
  80   1              Seg_Slow=1;
  81   1              
  82   1              
  83   1              if(ADC_Light_Voltage<ADC_Rb2_Voltage)
  84   1              {
  85   2                      if(Trigger_Keep==0)
  86   2                      {
  87   3                              Trigger_Flag=1;
  88   3                              Rtc_Trigger[2][0]=Rtc_Trigger[1][0];
  89   3                              Rtc_Trigger[2][1]=Rtc_Trigger[1][1];
  90   3                              Rtc_Trigger[2][2]=Rtc_Trigger[1][2];
  91   3                              Rtc_Trigger[1][0]=Rtc_Trigger[0][0];
  92   3                              Rtc_Trigger[1][1]=Rtc_Trigger[0][1];
  93   3                              Rtc_Trigger[1][2]=Rtc_Trigger[0][2];
  94   3                              Rtc_Trigger[0][0]=Rtc[0];
  95   3                              Rtc_Trigger[0][1]=Rtc[1];
  96   3                              Rtc_Trigger[0][2]=Rtc[2];
  97   3                      }
  98   2                      Trigger_Keep=1;
  99   2              }
 100   1              else
 101   1                      Trigger_Keep=0;
 102   1              
 103   1              
 104   1              if(Trigger_Flag==0)
 105   1              {
 106   2                      switch(Seg_Show_Mode)
 107   2                      {
 108   3                              case 0:
 109   3                                      Seg_Buf[0]=Rtc[0]/16%16;
 110   3                                      Seg_Buf[1]=Rtc[0]%16;
 111   3                                      Seg_Buf[2]=11;
 112   3                                      Seg_Buf[3]=Rtc[1]/16%16;
 113   3                                      Seg_Buf[4]=Rtc[1]%16;
 114   3                                      Seg_Buf[5]=11;
 115   3                                      Seg_Buf[6]=Rtc[2]/16%16;
 116   3                                      Seg_Buf[7]=Rtc[2]%16;
C51 COMPILER V9.54   MAIN                                                                  04/05/2025 04:13:22 PAGE 3   

 117   3                              break;
 118   3                              case 1:
 119   3                                      Seg_Buf[0]=12;
 120   3                                      Seg_Buf[1]=(unsigned char)(ADC_Light_Voltage)%10;
 121   3                                      Seg_Point[1]=1;
 122   3                                      Seg_Buf[2]=(unsigned int)(ADC_Light_Voltage*10)%10;
 123   3                                      Seg_Buf[3]=(unsigned int)(ADC_Light_Voltage*100)%10;
 124   3                              
 125   3                                      Seg_Buf[4]=13;
 126   3                                      Seg_Buf[5]=(unsigned char)(ADC_Rb2_Voltage)%10;
 127   3                                      Seg_Point[5]=1;
 128   3                                      Seg_Buf[6]=(unsigned int)(ADC_Rb2_Voltage*10)%10;
 129   3                                      Seg_Buf[7]=(unsigned int)(ADC_Rb2_Voltage*100)%10;
 130   3                              break;
 131   3                              case 2:
 132   3                                      Seg_Point[1]=Seg_Point[5]=0;
 133   3                                      Seg_Buf[0]=14;
 134   3                                      Seg_Buf[1]=History_Index+1;
 135   3                                      Seg_Buf[2]=(Rtc_Trigger[History_Index][0]==0 && Rtc_Trigger[History_Index][1]==0 && Rtc_Trigger[Histor
             -y_Index][2]==0)?11:Rtc_Trigger[History_Index][0]/16%16;
 136   3                                      Seg_Buf[3]=(Rtc_Trigger[History_Index][0]==0 && Rtc_Trigger[History_Index][1]==0 && Rtc_Trigger[Histor
             -y_Index][2]==0)?11:Rtc_Trigger[History_Index][0]%16;
 137   3                                      Seg_Buf[4]=(Rtc_Trigger[History_Index][0]==0 && Rtc_Trigger[History_Index][1]==0 && Rtc_Trigger[Histor
             -y_Index][2]==0)?11:Rtc_Trigger[History_Index][1]/16%16;
 138   3                                      Seg_Buf[5]=(Rtc_Trigger[History_Index][0]==0 && Rtc_Trigger[History_Index][1]==0 && Rtc_Trigger[Histor
             -y_Index][2]==0)?11:Rtc_Trigger[History_Index][1]%16;
 139   3                                      Seg_Buf[6]=(Rtc_Trigger[History_Index][0]==0 && Rtc_Trigger[History_Index][1]==0 && Rtc_Trigger[Histor
             -y_Index][2]==0)?11:Rtc_Trigger[History_Index][2]/16%16;
 140   3                                      Seg_Buf[7]=(Rtc_Trigger[History_Index][0]==0 && Rtc_Trigger[History_Index][1]==0 && Rtc_Trigger[Histor
             -y_Index][2]==0)?11:Rtc_Trigger[History_Index][2]%16;
 141   3                              break;
 142   3                      }
 143   2              }
 144   1              else//触发记录功能
 145   1              {
 146   2                      Seg_Point[1]=Seg_Point[5]=0;
 147   2                      Seg_Buf[0]=Seg_Buf[1]=15;
 148   2                      Seg_Buf[2]=Rtc_Trigger[0][0]/16%16;
 149   2                      Seg_Buf[3]=Rtc_Trigger[0][0]%16;
 150   2                      Seg_Buf[4]=Rtc_Trigger[0][1]/16%16;
 151   2                      Seg_Buf[5]=Rtc_Trigger[0][1]%16;
 152   2                      Seg_Buf[6]=Rtc_Trigger[0][2]/16%16;
 153   2                      Seg_Buf[7]=Rtc_Trigger[0][2]%16;
 154   2              }
 155   1      }
 156          /*Led控制区域*/
 157          void Led_Proc()
 158          {
 159   1              Beeper_Buf=Relay_Buf=0;
 160   1              Led_Buf[0]=(Seg_Show_Mode==0 && Trigger_Flag==0)?1:0;
 161   1              Led_Buf[1]=(Seg_Show_Mode==1 && Trigger_Flag==0)?1:0;
 162   1              Led_Buf[2]=(Seg_Show_Mode==2 && Trigger_Flag==0)?1:0;
 163   1              Led_Buf[7]=Trigger_Flag==1?1:0;
 164   1      }
 165          /*定时器1区域*/
 166          void Timer1_Init(void)          //1毫秒@12.000MHz
 167          {
 168   1              AUXR &= 0xBF;                   //定时器时钟12T模式
 169   1              TMOD &= 0x0F;                   //设置定时器模式
 170   1              TL1 = 0x18;                             //设置定时初始值
 171   1              TH1 = 0xFC;                             //设置定时初始值
 172   1              TF1 = 0;                                //清除TF1标志
C51 COMPILER V9.54   MAIN                                                                  04/05/2025 04:13:22 PAGE 4   

 173   1              TR1 = 1;                                //定时器1开始计时
 174   1              ET1 = 1;                                //使能定时器1中断
 175   1              EA=1;
 176   1      }
 177          void Timer1_Isr(void) interrupt 3
 178          {
 179   1              if(++Key_Slow==20)Key_Slow=0;
 180   1              if(++Seg_Slow==100)Seg_Slow=0;
 181   1              
 182   1              if(++Seg_Pos==8)Seg_Pos=0;
 183   1              Seg_Disp(Seg_Pos,Seg_Buf[Seg_Pos],Seg_Point[Seg_Pos]);
 184   1              Led_Disp(Seg_Pos,Led_Buf[Seg_Pos]);
 185   1              Beeper(Beeper_Buf);
 186   1              Relay(Relay_Buf);
 187   1              
 188   1              if(Trigger_Flag==1)
 189   1              {
 190   2                      if(++Time_3000ms==3000)
 191   2                      {
 192   3                              Time_3000ms=0;
 193   3                              Trigger_Flag=0;
 194   3                      }
 195   2              }
 196   1              else
 197   1                      Time_3000ms=0;
 198   1      }
 199          /*初始化区域*/
 200          void Init_Proc()
 201          {
 202   1              Sys_Init();
 203   1              RTC_Set(Rtc);
 204   1              Timer1_Init();
 205   1      }
 206          /*主函数区域*/
 207          void main()
 208          {
 209   1              Init_Proc();
 210   1              while(1)
 211   1              {
 212   2                      Key_Proc();
 213   2                      Seg_Proc();
 214   2                      Led_Proc();
 215   2              }
 216   1      }


MODULE INFORMATION:   STATIC OVERLAYABLE
   CODE SIZE        =   1270    ----
   CONSTANT SIZE    =   ----    ----
   XDATA SIZE       =   ----    ----
   PDATA SIZE       =   ----    ----
   DATA SIZE        =   ----    ----
   IDATA SIZE       =     59    ----
   BIT SIZE         =      2    ----
END OF MODULE INFORMATION.


C51 COMPILATION COMPLETE.  0 WARNING(S),  0 ERROR(S)
