C51 COMPILER V9.54   SEG                                                                   04/05/2025 04:13:23 PAGE 1   


C51 COMPILER V9.54, COMPILATION OF MODULE SEG
OBJECT MODULE PLACED IN .\Objects\Seg.obj
COMPILER INVOKED BY: D:\Keil_v5\C51\BIN\C51.EXE Driver\Seg.c OPTIMIZE(8,SPEED) BROWSE INCDIR(.\Driver;.\User) DEBUG OBJE
                    -CTEXTEND PRINT(.\Listings\Seg.lst) OBJECT(.\Objects\Seg.obj)

line level    source

   1          #include <Seg.H>
   2          unsigned char Seg_Dula[] =  
   3          { 
   4          0xc0,  
   5          0xf9,  
   6          0xa4,  
   7          0xb0,  
   8          0x99,  
   9          0x92,  
  10          0x82,  
  11          0xf8,  
  12          0x80,  
  13          0x90,  
  14          0xff,//10- 
  15          0xbf,//11--
  16          0x8c,//12-P
  17          0xc1,//13-U
  18          0x88,//14-A
  19          0xc6//15-C      
  20          };
  21          unsigned char Seg_Wela[]={0x01,0x02,0x04,0x08,0x10,0x20,0x40,0x80};
  22          void Seg_Disp(unsigned char wela,dula,point)
  23          {
  24   1              P0=0xff;
  25   1              P2=P2&0x1f|0xe0;
  26   1              P2&=0x1f;
  27   1              
  28   1              P0=Seg_Wela[wela];
  29   1              P2=P2&0x1f|0xc0;
  30   1              P2&=0x1f;
  31   1              
  32   1              if(point)
  33   1                      P0=Seg_Dula[dula]&0x7f;
  34   1              else
  35   1                      P0=Seg_Dula[dula];
  36   1              P2=P2&0x1f|0xe0;
  37   1              P2&=0x1f;       
  38   1      }


MODULE INFORMATION:   STATIC OVERLAYABLE
   CODE SIZE        =     66    ----
   CONSTANT SIZE    =   ----    ----
   XDATA SIZE       =   ----    ----
   PDATA SIZE       =   ----    ----
   DATA SIZE        =     24    ----
   IDATA SIZE       =   ----    ----
   BIT SIZE         =   ----    ----
END OF MODULE INFORMATION.


C51 COMPILATION COMPLETE.  0 WARNING(S),  0 ERROR(S)
