C51 COMPILER V9.54   LED                                                                   06/12/2025 00:17:31 PAGE 1   


C51 COMPILER V9.54, COMPILATION OF MODULE LED
OBJECT MODULE PLACED IN .\Objects\led.obj
COMPILER INVOKED BY: D:\Keil_v5\C51\BIN\C51.EXE ..\Source\Driver\led.c OPTIMIZE(8,SPEED) BROWSE INCDIR(..\Source\Driver;
                    -..\Source\User) DEBUG OBJECTEXTEND PRINT(.\Listings\led.lst) OBJECT(.\Objects\led.obj)

line level    source

   1          #include <led.H>
   2          idata unsigned char led_now=0x00;
   3          idata unsigned char led_old=0xff;
   4          void led_disp(unsigned char *ucLed)
   5          {
   6   1              unsigned char temp;
   7   1              led_now=0x00;
   8   1              led_now=(ucLed[0]<<0)|(ucLed[1]<<1)|(ucLed[2]<<2)|(ucLed[3]<<3)|
   9   1                              (ucLed[4]<<4)|(ucLed[5]<<5)|(ucLed[6]<<6)|(ucLed[7]<<7);
  10   1              
  11   1              if(led_old!=led_now)
  12   1              {
  13   2                      P0=~led_now;
  14   2                      
  15   2                      temp=P2&0x1f;
  16   2                      temp=temp|0x80;
  17   2                      P2=temp;
  18   2                      temp=P2&0x1f;
  19   2                      P2=temp;
  20   2                      
  21   2                      led_old=led_now;
  22   2              }
  23   1      }
  24          


MODULE INFORMATION:   STATIC OVERLAYABLE
   CODE SIZE        =    125    ----
   CONSTANT SIZE    =   ----    ----
   XDATA SIZE       =   ----    ----
   PDATA SIZE       =   ----    ----
   DATA SIZE        =   ----    ----
   IDATA SIZE       =      2    ----
   BIT SIZE         =   ----    ----
END OF MODULE INFORMATION.


C51 COMPILATION COMPLETE.  0 WARNING(S),  0 ERROR(S)
