C51 COMPILER V9.54   MAIN                                                                  03/09/2025 21:50:55 PAGE 1   


C51 COMPILER V9.54, COMPILATION OF MODULE MAIN
OBJECT MODULE PLACED IN .\Objects\main.obj
COMPILER INVOKED BY: D:\Keil_v5\C51\BIN\C51.EXE User\main.c OPTIMIZE(8,SPEED) BROWSE INCDIR(.\Driver;.\User) DEBUG OBJEC
                    -TEXTEND PRINT(.\Listings\main.lst) OBJECT(.\Objects\main.obj)

line level    source

   1          /*头文件引用区域*/
   2          #include <STC15F2K60S2.H>
   3          #include <Init.H>
   4          #include <Key.H>
   5          #include <Seg.H>
   6          #include <Led.H>
   7          /*变量声明区域*/
   8          unsigned char Key_Slow;
   9          unsigned char Key_Val,Key_Down,Key_Up,Key_Old;
  10          unsigned char Seg_Slow;
  11          unsigned char Seg_Pos;
  12          unsigned char Seg_Buf[8]={10,10,10,10,10,10,10,10};
  13          unsigned char Seg_Point[8]={0,0,0,0,0,0,0,0};
  14          unsigned char Led_Buf[8]={0,0,0,0,0,0,0,0};
  15          
  16          unsigned int Time_1000ms=0;
  17          unsigned int Frequency=0;
  18          /*按键控制区域*/
  19          void Key_Proc()
  20          {
  21   1              if(Key_Slow)return;
  22   1              Key_Slow=1;
  23   1              
  24   1              Key_Val=Key_Read();
  25   1              Key_Down=Key_Val&(Key_Old^Key_Val);
  26   1              Key_Up=~Key_Val&(Key_Old^Key_Val);
  27   1              Key_Old=Key_Val;
  28   1              
  29   1              
  30   1      }
  31          /*数码管显示区域*/
  32          void Seg_Proc()
  33          {
  34   1              if(Seg_Slow)return;
  35   1              Seg_Slow=1;
  36   1              
  37   1              Seg_Buf[0]=Frequency/10000%10;
  38   1              Seg_Buf[1]=Frequency/1000%10;
  39   1              Seg_Buf[2]=Frequency/100%10;
  40   1              Seg_Buf[3]=Frequency/10%10;
  41   1              Seg_Buf[4]=Frequency/1%10;      
  42   1      }
  43          /*Led显示区域*/
  44          void Led_Proc()
  45          {
  46   1              Led_Buf[0]=1;
  47   1      }
  48          /*定时器1区域*/
  49          void Timer1_Init(void)          //1毫秒@12.000MHz
  50          {
  51   1              AUXR &= 0xBF;                   //定时器时钟12T模式
  52   1              TMOD &= 0x0F;                   //设置定时器模式
  53   1              TL1 = 0x18;                             //设置定时初始值
  54   1              TH1 = 0xFC;                             //设置定时初始值
C51 COMPILER V9.54   MAIN                                                                  03/09/2025 21:50:55 PAGE 2   

  55   1              TF1 = 0;                                //清除TF1标志
  56   1              TR1 = 1;                                //定时器1开始计时
  57   1              ET1 = 1;                                //使能定时器1中断
  58   1              EA=1;
  59   1      }
  60          void Timer1_Isr(void) interrupt 3
  61          {
  62   1              if(++Key_Slow==20)Key_Slow=0;
  63   1              if(++Seg_Slow==200)Seg_Slow=0;
  64   1              
  65   1              if(++Seg_Pos==8)Seg_Pos=0;
  66   1              Seg_Disp(Seg_Pos,Seg_Buf[Seg_Pos],Seg_Point[Seg_Pos]);
  67   1              Led_Disp(Seg_Pos,Led_Buf[Seg_Pos]);
  68   1              
  69   1              if(++Time_1000ms==1000)
  70   1              {
  71   2                      Time_1000ms=0;
  72   2                      Frequency=(TH0<<8)|TL0;
  73   2                      TL0 = 0x00;                             //设置定时初始值
  74   2                      TH0 = 0x00;                             //设置定时初始值
  75   2              }
  76   1              
  77   1              
  78   1      }
  79          /*定时器0区域*/
  80          void Timer0_Init(void)          //0毫秒@12.000MHz
  81          {
  82   1              AUXR &= 0x7F;                   //定时器时钟12T模式
  83   1              TMOD &= 0xF0;                   //设置定时器模式
  84   1              TMOD |= 0x05;
  85   1              TL0 = 0x00;                             //设置定时初始值
  86   1              TH0 = 0x00;                             //设置定时初始值
  87   1              TF0 = 0;                                //清除TF0标志
  88   1              TR0 = 1;                                //定时器0开始计时
  89   1      }
  90          /*全体初始化区域*/
  91          void Init_Proc()
  92          {
  93   1              Sys_Init();
  94   1              Timer1_Init();
  95   1              Timer0_Init();
  96   1      }
  97          /*主函数区域*/
  98          void main()
  99          {
 100   1              Init_Proc();
 101   1              while(1)
 102   1              {
 103   2                      Key_Proc();
 104   2                      Seg_Proc();
 105   2                      Led_Proc();
 106   2              }
 107   1      }


MODULE INFORMATION:   STATIC OVERLAYABLE
   CODE SIZE        =    361    ----
   CONSTANT SIZE    =   ----    ----
   XDATA SIZE       =   ----    ----
   PDATA SIZE       =   ----    ----
   DATA SIZE        =     35    ----
   IDATA SIZE       =   ----    ----
C51 COMPILER V9.54   MAIN                                                                  03/09/2025 21:50:55 PAGE 3   

   BIT SIZE         =   ----    ----
END OF MODULE INFORMATION.


C51 COMPILATION COMPLETE.  0 WARNING(S),  0 ERROR(S)
