C51 COMPILER V9.54   MAIN                                                                  04/06/2025 20:22:51 PAGE 1   


C51 COMPILER V9.54, COMPILATION OF MODULE MAIN
OBJECT MODULE PLACED IN .\Objects\main.obj
COMPILER INVOKED BY: D:\Keil_v5\C51\BIN\C51.EXE User\main.c OPTIMIZE(8,SPEED) BROWSE INCDIR(.\Driver;.\User) DEBUG OBJEC
                    -TEXTEND PRINT(.\Listings\main.lst) OBJECT(.\Objects\main.obj)

line level    source

   1          #include <STC15F2K60S2.H>
   2          #include <Init.H>
   3          #include <Led.H>
   4          #include <Key.H>
   5          unsigned char Key_Slow,Key_Down,Key_Up,Key_Val,Key_Old;
   6          unsigned char Led_Pos,Led_Buf[8]={0,0,0,0,0,0,0,0};
   7          
   8          unsigned char Led_Mode[8]={0,0,0,0,0,0,0,0};//【0-常亮】【1-闪烁】
   9          
  10          unsigned char Key_Led_Num;
  11          
  12          bit Press_Keep_Flag;
  13          unsigned int Press_Time_1s;
  14          
  15          unsigned int Time_100ms;
  16          bit Time_Flash_Buf;
  17          unsigned char Led_Reversal_Buf[8]={0,0,0,0,0,0,0,0};
  18          
  19          
  20          void Key_Proc()
  21          {
  22   1              if(Key_Slow)return;
  23   1              Key_Slow=1;
  24   1              
  25   1              Key_Val=Key_Read();
  26   1              Key_Down=Key_Val&(Key_Old^Key_Val);
  27   1              Key_Up=~Key_Val&(Key_Old^Key_Val);
  28   1              Key_Old=Key_Val;
  29   1              
  30   1              if(Key_Down)
  31   1              {
  32   2                      Press_Keep_Flag=1;
  33   2                      Key_Led_Num=Key_Down-4;
  34   2              }
  35   1              if(Press_Time_1s==1000)
  36   1              {
  37   2                      Led_Mode[Key_Led_Num]=1;
  38   2                      Led_Reversal_Buf[Key_Led_Num]=Time_Flash_Buf;
  39   2              }
  40   1              if(Key_Up)
  41   1              {
  42   2                      if(Press_Time_1s<1000)
  43   2                      {
  44   3                              Key_Led_Num=Key_Up-4;
  45   3                              Led_Mode[Key_Led_Num]=0;
  46   3                              Led_Reversal_Buf[Key_Led_Num]^=1;
  47   3                      }
  48   2                      
  49   2                      Press_Time_1s=0;
  50   2                      Press_Keep_Flag=0;
  51   2              }
  52   1              
  53   1                      
  54   1      }
C51 COMPILER V9.54   MAIN                                                                  04/06/2025 20:22:51 PAGE 2   

  55          void Led_Proc()
  56          {
  57   1              unsigned char i;
  58   1              for(i=0;i<8;i++)
  59   1              {
  60   2                      Led_Buf[i]=Led_Mode[i]==0?Led_Reversal_Buf[i]:Time_Flash_Buf;
  61   2              }
  62   1      }
  63          void Timer1_Init(void)          //1毫秒@12.000MHz
  64          {
  65   1              AUXR &= 0xBF;                   //定时器时钟12T模式
  66   1              TMOD &= 0x0F;                   //设置定时器模式
  67   1              TL1 = 0x18;                             //设置定时初始值
  68   1              TH1 = 0xFC;                             //设置定时初始值
  69   1              TF1 = 0;                                //清除TF1标志
  70   1              TR1 = 1;                                //定时器1开始计时
  71   1              ET1 = 1;                                //使能定时器1中断
  72   1              EA=1;
  73   1      }
  74          void Timer1_Isr(void) interrupt 3
  75          {
  76   1              if(++Key_Slow==20)Key_Slow=0;
  77   1              if(++Led_Pos==8)Led_Pos=0;
  78   1              Led_Disp(Led_Pos,Led_Buf[Led_Pos]);
  79   1              
  80   1              if(Press_Keep_Flag==1)
  81   1              {
  82   2                      if(++Press_Time_1s>=1000)
  83   2                              Press_Time_1s=1000;
  84   2              }
  85   1              
  86   1              if(++Time_100ms==100)
  87   1              {
  88   2                      Time_100ms=0;
  89   2                      Time_Flash_Buf^=1;
  90   2              }
  91   1              
  92   1      }
  93          void main()
  94          {
  95   1              Sys_Init();
  96   1              Timer1_Init();
  97   1              while(1)
  98   1              {
  99   2                      Key_Proc();
 100   2                      Led_Proc();
 101   2              }
 102   1      }
 103          
 104          
 105          


MODULE INFORMATION:   STATIC OVERLAYABLE
   CODE SIZE        =    319    ----
   CONSTANT SIZE    =   ----    ----
   XDATA SIZE       =   ----    ----
   PDATA SIZE       =   ----    ----
   DATA SIZE        =     35    ----
   IDATA SIZE       =   ----    ----
   BIT SIZE         =      2    ----
END OF MODULE INFORMATION.

C51 COMPILER V9.54   MAIN                                                                  04/06/2025 20:22:51 PAGE 3   


C51 COMPILATION COMPLETE.  0 WARNING(S),  0 ERROR(S)
