C51 COMPILER V9.54   KEY                                                                   03/28/2025 09:56:35 PAGE 1   


C51 COMPILER V9.54, COMPILATION OF MODULE KEY
OBJECT MODULE PLACED IN .\Objects\Key.obj
COMPILER INVOKED BY: D:\Keil_v5\C51\BIN\C51.EXE Driver\Key.c OPTIMIZE(8,SPEED) BROWSE INCDIR(.\Driver;.\User) DEBUG OBJE
                    -CTEXTEND PRINT(.\Listings\Key.lst) OBJECT(.\Objects\Key.obj)

line level    source

   1          #include <Key.H>
   2          unsigned char Key_Read()
   3          {
   4   1              unsigned char temp=0;
   5   1              ET0=0;
   6   1      
   7   1              if(P33==0)temp=4;
   8   1              if(P32==0)temp=5;
   9   1              if(P31==0)temp=6;
  10   1              if(P30==0)temp=7;
  11   1      
  12   1              ET0=1;
  13   1              P3=0xff;
  14   1              return temp;
  15   1      }
  16          
  17          //unsigned char Key_Read()
  18          //{
  19          //      unsigned char temp=0;
  20          //      ET0=0;
  21          //      P44=0;P42=1;P35=1;P34=1;
  22          //      if(P33==0)temp=4;
  23          //      if(P32==0)temp=5;
  24          //      if(P31==0)temp=6;
  25          //      if(P30==0)temp=7;
  26          //      P44=1;P42=0;P35=1;P34=1;
  27          //      if(P33==0)temp=8;
  28          //      if(P32==0)temp=9;
  29          //      if(P31==0)temp=10;
  30          //      if(P30==0)temp=11;
  31          //      P44=1;P42=1;P35=0;P34=1;
  32          //      if(P33==0)temp=12;
  33          //      if(P32==0)temp=13;
  34          //      if(P31==0)temp=14;
  35          //      if(P30==0)temp=15;
  36          //      P44=1;P42=1;P35=1;P34=0;
  37          //      if(P33==0)temp=16;
  38          //      if(P32==0)temp=17;
  39          //      if(P31==0)temp=18;
  40          //      if(P30==0)temp=19;
  41          //      ET0=1;
  42          //      P3=0xff;
  43          //      return temp;
  44          //}
  45          
  46          


MODULE INFORMATION:   STATIC OVERLAYABLE
   CODE SIZE        =     30    ----
   CONSTANT SIZE    =   ----    ----
   XDATA SIZE       =   ----    ----
   PDATA SIZE       =   ----    ----
   DATA SIZE        =   ----    ----
C51 COMPILER V9.54   KEY                                                                   03/28/2025 09:56:35 PAGE 2   

   IDATA SIZE       =   ----    ----
   BIT SIZE         =   ----    ----
END OF MODULE INFORMATION.


C51 COMPILATION COMPLETE.  0 WARNING(S),  0 ERROR(S)
