C51 COMPILER V9.54   MIAN                                                                  03/28/2025 09:56:35 PAGE 1   


C51 COMPILER V9.54, COMPILATION OF MODULE MIAN
OBJECT MODULE PLACED IN .\Objects\mian.obj
COMPILER INVOKED BY: D:\Keil_v5\C51\BIN\C51.EXE User\mian.c OPTIMIZE(8,SPEED) BROWSE INCDIR(.\Driver;.\User) DEBUG OBJEC
                    -TEXTEND PRINT(.\Listings\mian.lst) OBJECT(.\Objects\mian.obj)

line level    source

   1          /*头文件引用区域*/
   2          #include <STC15F2K60S2.H>
   3          #include <Init.H>
   4          #include <Led.H>
   5          #include <Key.H>
   6          #include <Seg.H>
   7          #include <iic.H>
   8          
   9          /*变量声明区域*/
  10          idata unsigned char Key_Slow;
  11          idata unsigned char Key_Val,Key_Old,Key_Down,Key_Up;
  12          idata unsigned char Seg_Slow;
  13          idata unsigned char Seg_Pos;
  14          idata unsigned char Seg_Buf[8]={10,10,10,10,10,10,10,10};
  15          idata unsigned char Seg_Point[8]={0,0,0,0,0,0,0,0};
  16          idata unsigned char Led_Buf[8]={0,0,0,0,0,0,0,0};
  17          idata unsigned char Beeper_Buf=0;
  18          idata unsigned char Relay_Buf=0;
  19          
  20          idata unsigned char Seg_Show_Mode=0;//【0-频率】【1-周期】【2-电压】
  21          idata unsigned char AD_Channel_Mode=1;//【1-光敏电阻】【3-电位器Rb2】
  22          idata bit LED_ON_OFF_Mode=1;//【1-开启】【1-禁用】
  23          
  24          idata float V_AIN1_Light;//【1-光敏电阻】
  25          idata float V_AIN3_Rb2;//【3-电位器Rb2】
  26          idata float V_AIN3_Save;
  27          
  28          
  29          idata unsigned int Time_1000ms;
  30          idata unsigned int Frequency;
  31          idata unsigned int Frequency_Save;
  32          idata unsigned int Cycle_Time;
  33          
  34          idata bit Long_Press_Time_Flag;
  35          idata unsigned int Time_1s;
  36          /*按键控制区域*/
  37          void Key_Proc()
  38          {
  39   1              if(Key_Slow)return;
  40   1              Key_Slow=1;
  41   1              
  42   1              Key_Val=Key_Read();
  43   1              Key_Down=Key_Val&(Key_Old^Key_Val);
  44   1              Key_Up=~Key_Val&(Key_Old^Key_Val);
  45   1              Key_Old=Key_Val;
  46   1              
  47   1              if(Key_Down==7)
  48   1              {
  49   2                      Long_Press_Time_Flag=1;
  50   2              }
  51   1              if(Key_Up==7)
  52   1              {
  53   2                      if(Time_1s==1000)
  54   2                      {
C51 COMPILER V9.54   MIAN                                                                  03/28/2025 09:56:35 PAGE 2   

  55   3                              LED_ON_OFF_Mode^=1;
  56   3                      }
  57   2                      else
  58   2                      {
  59   3                              Frequency_Save=Frequency;
  60   3                      }
  61   2                      Time_1s=0;
  62   2                      Long_Press_Time_Flag=0;
  63   2              }
  64   1              switch(Key_Down)
  65   1              {
  66   2                      case 4:
  67   2                              if(++Seg_Show_Mode==3)Seg_Show_Mode=0;
  68   2                              if(Seg_Show_Mode==2)AD_Channel_Mode=1;
  69   2                      break;
  70   2                      case 5:
  71   2                              if(AD_Channel_Mode==1)
  72   2                                      AD_Channel_Mode=3;
  73   2                              else 
  74   2                                      AD_Channel_Mode=1;
  75   2                      break;
  76   2                      case 6:
  77   2                              V_AIN3_Save=V_AIN3_Rb2;
  78   2                      break;
  79   2      //              case 7:
  80   2      //                      Frequency_Save=Frequency;
  81   2      //              break;
  82   2              }
  83   1      }
  84          /*数码管显示区域*/
  85          void Seg_Proc()
  86          {
  87   1              unsigned char i;
  88   1              
  89   1              switch(Seg_Slow)
  90   1              {
  91   2                      case 30:
  92   2                              V_AIN1_Light = AD_Read(1)/51.0;
  93   2                      break;
  94   2                      case 60:
  95   2                              Cycle_Time = 1000000 / Frequency; // 计算周期 us
  96   2                      break;
  97   2                      case 90:
  98   2                              V_AIN3_Rb2 = AD_Read(3)/51.0;
  99   2                      break;
 100   2              }
 101   1        
 102   1              if(Seg_Slow)return;
 103   1              Seg_Slow=1;
 104   1                      
 105   1              switch(Seg_Show_Mode)
 106   1              {
 107   2                      case 0:
 108   2                              Seg_Point[5]=0;
 109   2                              Seg_Buf[0]=11;
 110   2                              Seg_Buf[1]=Frequency/1000000%10;
 111   2                              Seg_Buf[2]=Frequency/100000%10;
 112   2                              Seg_Buf[3]=Frequency/10000%10;
 113   2                              Seg_Buf[4]=Frequency/1000%10;
 114   2                              Seg_Buf[5]=Frequency/100%10;
 115   2                              Seg_Buf[6]=Frequency/10%10;
 116   2                              Seg_Buf[7]=Frequency/1%10;
C51 COMPILER V9.54   MIAN                                                                  03/28/2025 09:56:35 PAGE 3   

 117   2                              if(Seg_Buf[1]==0)
 118   2                                      Seg_Buf[1]=10;
 119   2                              for(i=1;i<=7;i++)
 120   2                              {
 121   3                                      if(Seg_Buf[i]==0 && Seg_Buf[i-1]==10)
 122   3                                              Seg_Buf[i]=10;
 123   3                              }
 124   2                      break;
 125   2                      case 1:
 126   2                              Seg_Buf[0]=12;
 127   2                              Seg_Buf[1]=Cycle_Time/1000000%10;
 128   2                              Seg_Buf[2]=Cycle_Time/100000%10;
 129   2                              Seg_Buf[3]=Cycle_Time/10000%10;
 130   2                              Seg_Buf[4]=Cycle_Time/1000%10;
 131   2                              Seg_Buf[5]=Cycle_Time/100%10;
 132   2                              Seg_Buf[6]=Cycle_Time/10%10;
 133   2                              Seg_Buf[7]=Cycle_Time/1%10;
 134   2                              if(Seg_Buf[1]==0)
 135   2                                      Seg_Buf[1]=10;
 136   2                              for(i=1;i<=7;i++)
 137   2                              {
 138   3                                      if(Seg_Buf[i]==0 && Seg_Buf[i-1]==10)
 139   3                                              Seg_Buf[i]=10;
 140   3                              }
 141   2                      break;
 142   2                      case 2:
 143   2                              Seg_Buf[0]=13;
 144   2                              Seg_Buf[1]=14;
 145   2                              Seg_Buf[2]=AD_Channel_Mode;
 146   2                              Seg_Buf[3]=10;
 147   2                              Seg_Buf[4]=10;
 148   2                              Seg_Point[5]=1;
 149   2                              if(AD_Channel_Mode==1)
 150   2                              {
 151   3                                      Seg_Buf[5]=(unsigned char)(V_AIN1_Light)%10;
 152   3                                      Seg_Buf[6]=(unsigned char)(V_AIN1_Light*10)%10;
 153   3                                      Seg_Buf[7]=(unsigned int)(V_AIN1_Light*100)%10;
 154   3                              }
 155   2                              else
 156   2                              {
 157   3                                      Seg_Buf[5]=(unsigned char)(V_AIN3_Rb2)%10;
 158   3                                      Seg_Buf[6]=(unsigned char)(V_AIN3_Rb2*10)%10;
 159   3                                      Seg_Buf[7]=(unsigned int)(V_AIN3_Rb2*100)%10;
 160   3                              }
 161   2                      break;
 162   2                      
 163   2              }
 164   1      }
 165          /*Led显示区域*/
 166          void Led_Proc()
 167          {
 168   1              unsigned char j;
 169   1              Beeper_Buf=Relay_Buf=0;
 170   1              if(LED_ON_OFF_Mode==1)
 171   1              {
 172   2                      Led_Buf[0]=(V_AIN3_Rb2>V_AIN3_Save)?1:0;
 173   2                      Led_Buf[1]=(Frequency>Frequency_Save)?1:0;
 174   2                      Led_Buf[2]=(Seg_Show_Mode==0)?1:0;
 175   2                      Led_Buf[3]=(Seg_Show_Mode==1)?1:0;
 176   2                      Led_Buf[4]=(Seg_Show_Mode==2)?1:0;
 177   2              }
 178   1              else
C51 COMPILER V9.54   MIAN                                                                  03/28/2025 09:56:35 PAGE 4   

 179   1              {
 180   2                      for(j=0;j<=7;j++)
 181   2                              Led_Buf[j]=0;
 182   2              }
 183   1      }
 184          /*定时器0区域*/
 185          void Timer0_Init(void)          //0毫秒@12.000MHz
 186          {
 187   1              AUXR &= 0x7F;                   //定时器时钟12T模式
 188   1              TMOD &= 0xF0;                   //设置定时器模式
 189   1              TMOD |= 0x05;                   //设置定时器模式
 190   1              TL0 = 0x00;                             //设置定时初始值
 191   1              TH0 = 0x00;                             //设置定时初始值
 192   1              TF0 = 0;                                //清除TF0标志
 193   1              TR0 = 1;                                //定时器0开始计时
 194   1      }
 195          /*定时器1区域*/
 196          void Timer1_Init(void)          //1毫秒@12.000MHz
 197          {
 198   1              AUXR &= 0xBF;                   //定时器时钟12T模式
 199   1              TMOD &= 0x0F;                   //设置定时器模式
 200   1              TL1 = 0x18;                             //设置定时初始值
 201   1              TH1 = 0xFC;                             //设置定时初始值
 202   1              TF1 = 0;                                //清除TF1标志
 203   1              TR1 = 1;                                //定时器1开始计时
 204   1              ET1 = 1;                                //使能定时器1中断
 205   1              EA=1;
 206   1      }
 207          void Timer1_Isr(void) interrupt 3
 208          {
 209   1              if(++Key_Slow==20)Key_Slow=0;
 210   1              if(++Seg_Slow==100)Seg_Slow=0;
 211   1              
 212   1              
 213   1              if(++Time_1000ms==1000)
 214   1              {
 215   2                      TR0 = 0;
 216   2                      Time_1000ms=0;
 217   2                      Frequency=(TH0<<8)|TL0;
 218   2      //              Cycle_Time=1000000/Frequency;
 219   2                      TH0=TL0=0;
 220   2                      TR0 = 1;
 221   2              }
 222   1              
 223   1              
 224   1              if(Long_Press_Time_Flag==1)
 225   1              {
 226   2                      if(++Time_1s>=1000)
 227   2                      {
 228   3                              Time_1s=1000;
 229   3                      }
 230   2              }
 231   1              else
 232   1              {
 233   2                      Time_1s=0;
 234   2              }
 235   1              
 236   1              if(++Seg_Pos==8)Seg_Pos=0;
 237   1              Seg_Disp(Seg_Pos,Seg_Buf[Seg_Pos],Seg_Point[Seg_Pos]);
 238   1              Led_Disp(Seg_Pos,Led_Buf[Seg_Pos]);
 239   1              Beeper(Beeper_Buf);
 240   1              Relay(Relay_Buf);
C51 COMPILER V9.54   MIAN                                                                  03/28/2025 09:56:35 PAGE 5   

 241   1      
 242   1      }
 243          /*初始化区域*/
 244          void Init_Proc()
 245          {
 246   1              Sys_Init();
 247   1              
 248   1              AD_Read(1);
 249   1              
 250   1              Timer1_Init();
 251   1              Timer0_Init();
 252   1      }
 253          /*主函数区域*/
 254          void main()
 255          {
 256   1              Init_Proc();
 257   1              while(1)
 258   1              {
 259   2                      Key_Proc();
 260   2                      Seg_Proc();
 261   2                      Led_Proc();
 262   2              }
 263   1      }


MODULE INFORMATION:   STATIC OVERLAYABLE
   CODE SIZE        =   1320    ----
   CONSTANT SIZE    =   ----    ----
   XDATA SIZE       =   ----    ----
   PDATA SIZE       =   ----    ----
   DATA SIZE        =   ----       1
   IDATA SIZE       =     57    ----
   BIT SIZE         =      2    ----
END OF MODULE INFORMATION.


C51 COMPILATION COMPLETE.  0 WARNING(S),  0 ERROR(S)
