C51 COMPILER V9.54   MAIN                                                                  04/05/2025 04:13:02 PAGE 1   


C51 COMPILER V9.54, COMPILATION OF MODULE MAIN
OBJECT MODULE PLACED IN .\Objects\main.obj
COMPILER INVOKED BY: D:\Keil_v5\C51\BIN\C51.EXE User\main.c OPTIMIZE(8,SPEED) BROWSE INCDIR(.\Driver;.\User) DEBUG OBJEC
                    -TEXTEND PRINT(.\Listings\main.lst) OBJECT(.\Objects\main.obj)

line level    source

   1          /*头文件引用区域*/
   2          #include <STC15F2K60S2.H>
   3          #include <Init.H>
   4          #include <Led.H>
   5          #include <Seg.H>
   6          #include <Key.H>
   7          #include <iic.H>
   8          #include <onewire.H>
   9          /*变量声明区域*/
  10          idata unsigned char Key_Slow,Key_Val,Key_Old,Key_Down,Key_Up;
  11          idata unsigned char Seg_Slow,Seg_Pos;
  12          idata unsigned char Seg_Buf[8]={10,10,10,10,10,10,10,10},Seg_Point[8]={0,0,0,0,0,0,0,0};
  13          idata unsigned char Beeper_Buf=0,Relay_Buf=0,Led_Buf[8]={0,0,0,0,0,0,0,0};
  14          idata unsigned char i,j;
  15          
  16          idata unsigned char Seg_Show_Mode=0;//【0-信号】【1-温度】【2-参数】
  17          
  18          idata unsigned int Time_F_1s;
  19          idata unsigned int Frequency;
  20          
  21          idata float Temperature;
  22          idata float Temperature_Parameter=25;
  23          
  24          idata float DAC_F_Voltage;
  25          
  26          idata unsigned int Time_100ms;
  27          idata bit Time_100ms_Flag;
  28          /*按键控制区域*/
  29          void Key_Proc()
  30          {
  31   1              if(Key_Slow)return;
  32   1              Key_Slow=1;
  33   1              
  34   1              Key_Val=Key_Read();
  35   1              Key_Down=Key_Val&(Key_Old^Key_Val);
  36   1              Key_Up=~Key_Val&(Key_Old^Key_Val);
  37   1              Key_Old=Key_Val;
  38   1              
  39   1              switch(Key_Down)
  40   1              {
  41   2                      case 4:
  42   2                              if(++Seg_Show_Mode==3)Seg_Show_Mode=0;
  43   2                      break;
  44   2                      case 8:
  45   2                              if(Seg_Show_Mode==2)
  46   2                              {
  47   3                                      if(--Temperature_Parameter==19)Temperature_Parameter=35;
  48   3                              }
  49   2                      break;
  50   2                      case 9:
  51   2                              if(Seg_Show_Mode==2)
  52   2                              {
  53   3                                      if(++Temperature_Parameter==36)Temperature_Parameter=20;
  54   3                              }
C51 COMPILER V9.54   MAIN                                                                  04/05/2025 04:13:02 PAGE 2   

  55   2                      break;
  56   2              }
  57   1      }
  58          /*数码管控制区域*/
  59          void Seg_Proc()
  60          {
  61   1              if(Seg_Slow)return;
  62   1              Seg_Slow=1;
  63   1              
  64   1              Temperature=Temperature_Read();
  65   1              
  66   1              if(Frequency>200 && Frequency<2000)
  67   1                      DAC_F_Voltage=0.5+(Frequency-200)/450.0;
  68   1              else if(Frequency<200)
  69   1                      DAC_F_Voltage=0.5;
  70   1              else if(Frequency>2000)
  71   1                      DAC_F_Voltage=4.5;
  72   1              DA_Write(DAC_F_Voltage*51.0);
  73   1              
  74   1              
  75   1              switch(Seg_Show_Mode)
  76   1              {
  77   2                      case 0:
  78   2                              Seg_Buf[0]=11;
  79   2                              Seg_Buf[1]=10;
  80   2                              Seg_Buf[2]=Frequency/100000%10;
  81   2                              Seg_Buf[3]=Frequency/10000%10;
  82   2                              Seg_Buf[4]=Frequency/1000%10;
  83   2                              Seg_Buf[5]=Frequency/100%10;
  84   2                              Seg_Buf[6]=Frequency/10%10;
  85   2                              Seg_Buf[7]=Frequency/1%10;
  86   2                              for(j=2;j<7;j++)
  87   2                              {
  88   3                                      if(Seg_Buf[j]!=0)break;
  89   3                                      Seg_Buf[j]=10;
  90   3                              }
  91   2                      break;
  92   2                      case 1:
  93   2                              Seg_Buf[0]=12;
  94   2                              Seg_Buf[1]=Seg_Buf[2]=Seg_Buf[3]=Seg_Buf[4]=10;
  95   2                              Seg_Buf[5]=Temperature<10?10:(unsigned char)(Temperature)/10%10;
  96   2                              Seg_Buf[6]=(unsigned char)(Temperature)/1%10;
  97   2                              Seg_Point[6]=1;
  98   2                              Seg_Buf[7]=(unsigned int)(Temperature*10)%10;
  99   2                      break;
 100   2                      case 2:
 101   2                              Seg_Point[6]=0;
 102   2                              Seg_Buf[0]=13;
 103   2                              Seg_Buf[1]=Seg_Buf[2]=Seg_Buf[3]=Seg_Buf[4]=10;
 104   2                              Seg_Buf[5]=(unsigned char)(Temperature_Parameter)/100%10;
 105   2                              Seg_Buf[6]=(unsigned char)(Temperature_Parameter)/10%10;
 106   2                              Seg_Buf[7]=(unsigned char)(Temperature_Parameter)/1%10;
 107   2                              for(j=5;j<7;j++)
 108   2                              {
 109   3                                      if(Seg_Buf[j]!=0)break;
 110   3                                      Seg_Buf[j]=10;
 111   3                              }
 112   2                      break;
 113   2              }
 114   1      }
 115          /*Led控制区域*/
 116          void Led_Proc()
C51 COMPILER V9.54   MAIN                                                                  04/05/2025 04:13:02 PAGE 3   

 117          {
 118   1              Beeper_Buf=0;
 119   1              Led_Buf[0]=Seg_Show_Mode==0?1:0;
 120   1              Led_Buf[1]=Seg_Show_Mode==1?1:0;
 121   1              
 122   1              Relay_Buf=(Temperature>Temperature_Parameter);
 123   1              
 124   1              Led_Buf[7]=Temperature>30?Time_100ms_Flag:0;
 125   1      }
 126          /*定时器0区域*/
 127          void Timer0_Init(void)          //1微秒@12.000MHz
 128          {
 129   1              AUXR &= 0x7F;                   //定时器时钟12T模式
 130   1              TMOD &= 0xF0;                   //设置定时器模式
 131   1              TMOD |= 0x05;                   //设置定时器模式
 132   1              TL0 = 0x00;                             //设置定时初始值
 133   1              TH0 = 0x00;                             //设置定时初始值
 134   1              TF0 = 0;                                //清除TF0标志
 135   1              TR0 = 1;                                //定时器0开始计时
 136   1      }
 137          /*定时器1区域*/
 138          void Timer1_Init(void)          //1毫秒@12.000MHz
 139          {
 140   1              AUXR &= 0xBF;                   //定时器时钟12T模式
 141   1              TMOD &= 0x0F;                   //设置定时器模式
 142   1              TL1 = 0x18;                             //设置定时初始值
 143   1              TH1 = 0xFC;                             //设置定时初始值
 144   1              TF1 = 0;                                //清除TF1标志
 145   1              TR1 = 1;                                //定时器1开始计时
 146   1              ET1 = 1;                                //使能定时器1中断
 147   1              EA=1;
 148   1      }
 149          void Timer1_Isr(void) interrupt 3
 150          {
 151   1              if(++Key_Slow==20)Key_Slow=0;
 152   1              if(++Seg_Slow==90)Seg_Slow=0;
 153   1              
 154   1              if(++Time_F_1s==100)
 155   1              {
 156   2                      Time_F_1s=0;
 157   2                      Frequency=(TH0<<8)|TL0;
 158   2                      Frequency=Frequency*10;
 159   2                      TH0=TL0=0;
 160   2              }
 161   1              
 162   1              if(Temperature>30)
 163   1              {
 164   2                      if(++Time_100ms==100)
 165   2                      {
 166   3                              Time_100ms=0;
 167   3                              Time_100ms_Flag^=1;
 168   3                      }
 169   2              }
 170   1              
 171   1              if(++Seg_Pos==8)Seg_Pos=0;
 172   1              Seg_Disp(Seg_Pos,Seg_Buf[Seg_Pos],Seg_Point[Seg_Pos]);
 173   1              Led_Disp(Seg_Pos,Led_Buf[Seg_Pos]);
 174   1              Beeper(Beeper_Buf);
 175   1              Relay(Relay_Buf);
 176   1      }
 177          /*初始化区域*/
 178          void Init_Proc()
C51 COMPILER V9.54   MAIN                                                                  04/05/2025 04:13:02 PAGE 4   

 179          {
 180   1              while(Temperature_Read()==85);
 181   1              Sys_Init();
 182   1              Timer0_Init();
 183   1              Timer1_Init();
 184   1      }
 185          /*主函数区域*/
 186          void main()
 187          {
 188   1              Init_Proc();
 189   1              while(1)
 190   1              {
 191   2                      Key_Proc();
 192   2                      Seg_Proc();
 193   2                      Led_Proc();
 194   2              }
 195   1      }


MODULE INFORMATION:   STATIC OVERLAYABLE
   CODE SIZE        =   1134    ----
   CONSTANT SIZE    =   ----    ----
   XDATA SIZE       =   ----    ----
   PDATA SIZE       =   ----    ----
   DATA SIZE        =   ----    ----
   IDATA SIZE       =     54    ----
   BIT SIZE         =      1    ----
END OF MODULE INFORMATION.


C51 COMPILATION COMPLETE.  0 WARNING(S),  0 ERROR(S)
