C51 COMPILER V9.54   LED                                                                   03/21/2025 21:34:54 PAGE 1   


C51 COMPILER V9.54, COMPILATION OF MODULE LED
OBJECT MODULE PLACED IN .\Objects\Led.obj
COMPILER INVOKED BY: D:\Keil_v5\C51\BIN\C51.EXE Driver\Led.c OPTIMIZE(8,SPEED) BROWSE INCDIR(.\Driver;.\User) DEBUG OBJE
                    -CTEXTEND PRINT(.\Listings\Led.lst) OBJECT(.\Objects\Led.obj)

line level    source

   1          #include <Led.H>
   2          void Led_Disp(unsigned char addr,enable)
   3          {
   4   1              static unsigned char temp=0x00;
   5   1              static unsigned char temp_old=0xff;
   6   1              
   7   1              if(enable)
   8   1                      temp|=0x01<<addr;
   9   1              else
  10   1                      temp&=~(0x01<<addr);
  11   1              
  12   1              if(temp!=temp_old)
  13   1              {
  14   2                      P0=~temp;
  15   2                      P2=P2&0x1f|0x80;
  16   2                      P2&=0x1f;
  17   2                      temp_old=temp;
  18   2              }
  19   1      }
  20          
  21          //void Beeper(unsigned char enable)
  22          //{
  23          //      static unsigned char temp=0x00;
  24          //      static unsigned char temp_old=0xff;
  25          //      
  26          //      if(enable)
  27          //              temp|=0x40;
  28          //      else
  29          //              temp&=~(0x40);
  30          //      
  31          //      if(temp~=temp_old)
  32          //      {
  33          //              P0=temp;
  34          //              P2=P2&0x1f|0xa0;
  35          //              P2&=0x1f;
  36          //              temp_old=temp;
  37          //      }
  38          //}
  39          
  40          //void Relay(unsigned char enable)
  41          //{
  42          //      static unsigned char temp=0x00;
  43          //      static unsigned char temp_old=0xff;
  44          //      
  45          //      if(enable)
  46          //              temp|=0x10;
  47          //      else
  48          //              temp&=~(0x10);
  49          //      
  50          //      if(temp~=temp_old)
  51          //      {
  52          //              P0=temp;
  53          //              P2=P2&0x1f|0xa0;
  54          //              P2&=0x1f;
C51 COMPILER V9.54   LED                                                                   03/21/2025 21:34:54 PAGE 2   

  55          //              temp_old=temp;
  56          //      }
  57          //}
  58          


MODULE INFORMATION:   STATIC OVERLAYABLE
   CODE SIZE        =     59    ----
   CONSTANT SIZE    =   ----    ----
   XDATA SIZE       =   ----    ----
   PDATA SIZE       =   ----    ----
   DATA SIZE        =      2    ----
   IDATA SIZE       =   ----    ----
   BIT SIZE         =   ----    ----
END OF MODULE INFORMATION.


C51 COMPILATION COMPLETE.  0 WARNING(S),  0 ERROR(S)
