C51 COMPILER V9.54   ULTRASOUND                                                            03/19/2025 13:47:14 PAGE 1   


C51 COMPILER V9.54, COMPILATION OF MODULE ULTRASOUND
OBJECT MODULE PLACED IN .\Objects\Ultrasound.obj
COMPILER INVOKED BY: D:\Keil_v5\C51\BIN\C51.EXE Driver\Ultrasound.c OPTIMIZE(8,SPEED) BROWSE INCDIR(.\Driver;.\User) DEB
                    -UG OBJECTEXTEND PRINT(.\Listings\Ultrasound.lst) OBJECT(.\Objects\Ultrasound.obj)

line level    source

   1          #include <Ultrasound.H>
   2          void Delay12us(void)    //@12.000MHz
   3          {
   4   1              unsigned char data i;
   5   1      
   6   1              _nop_();
   7   1              _nop_();
   8   1              i = 33;
   9   1              while (--i);
  10   1      }
  11          void Ultrasound_Init()
  12          {
  13   1              unsigned char i;
  14   1              for(i=0;i<8;i++)
  15   1              {
  16   2                      US_TX=1;
  17   2                      Delay12us();
  18   2                      US_TX=0;
  19   2                      Delay12us();
  20   2              }
  21   1      }
  22          
  23          //void Timer1_Init(void)                //1毫秒@12.000MHz
  24          unsigned char Ultrasound_Distance_Get()
  25          {
  26   1              unsigned int time;
  27   1      //      AUXR &= 0xBF;                   //定时器时钟12T模式
  28   1              TMOD &= 0x0F;                   //设置定时器模式
  29   1              TL1 = 0;                                //设置定时初始值
  30   1              TH1 = 0;                                //设置定时初始值
  31   1      //      TF1 = 0;                                //清除TF1标志
  32   1      //      TR1 = 1;                                //定时器1开始计时
  33   1              
  34   1              EA=0;
  35   1              Ultrasound_Init();
  36   1              EA=1;
  37   1              TR1 = 1;//开始计时
  38   1              while((US_RX==1)&&(TF1==0))//收到超声波RX会置【0】，定时溢出TF1会置【1】。
  39   1                      ;//【没收到返回的波】且【定时器没溢出】就卡死
  40   1              TR1 = 0;//开始计时
  41   1              if(TF1==0)//若定时没有溢出
  42   1              {
  43   2                      time=(TH1<<8)|TL1;
  44   2                      return(time*0.017);
  45   2              }
  46   1              else//若定时已经溢出
  47   1              {
  48   2                      TF1=0;
  49   2                      return 0;
  50   2              }
  51   1      }
  52          


C51 COMPILER V9.54   ULTRASOUND                                                            03/19/2025 13:47:14 PAGE 2   

MODULE INFORMATION:   STATIC OVERLAYABLE
   CODE SIZE        =     85    ----
   CONSTANT SIZE    =   ----    ----
   XDATA SIZE       =   ----    ----
   PDATA SIZE       =   ----    ----
   DATA SIZE        =   ----    ----
   IDATA SIZE       =   ----    ----
   BIT SIZE         =   ----    ----
END OF MODULE INFORMATION.


C51 COMPILATION COMPLETE.  0 WARNING(S),  0 ERROR(S)
