C51 COMPILER V9.54   MAIN                                                                  03/14/2025 11:35:34 PAGE 1   


C51 COMPILER V9.54, COMPILATION OF MODULE MAIN
OBJECT MODULE PLACED IN .\Objects\main.obj
COMPILER INVOKED BY: D:\Keil_v5\C51\BIN\C51.EXE User\main.c OPTIMIZE(8,SPEED) BROWSE INCDIR(.\Driver;.\User) DEBUG OBJEC
                    -TEXTEND PRINT(.\Listings\main.lst) OBJECT(.\Objects\main.obj)

line level    source

   1          /*头文件引用区域*/
   2          #include <STC15F2K60S2.H>
   3          #include <Init.H>
   4          #include <Led.H>
   5          #include <Seg.H>
   6          #include <Key.H>
   7          #include <onewire.H>
   8          #include <iic.H>
   9          /*变量声明区域*/
  10          unsigned char Key_Slow;
  11          unsigned char Key_Val,Key_Down,Key_Up,Key_Old;
  12          unsigned char Seg_Slow;
  13          unsigned char Seg_Pos;
  14          unsigned char Seg_Buf[8]={10,10,10,10,10,10,10,10};
  15          unsigned char Seg_Point[8]={0,0,0,0,0,0,0,0};
  16          unsigned char Led_Buf[8]={0,0,0,0,0,0,0,0};
  17          
  18          unsigned char Seg_Show_Mode=0;//【0-温度显示】【1-参数设置】【2-DAC输出】
  19          unsigned char DAC_OutPut_Mode=0;//DAC输出电压模式【0-与温度相关】【1-按图7函数】
  20          
  21          float Temperature;//读取温度
  22          float Temperature_Parameter=25.0;//温度参数
  23          float Temperature_Parameter_Set=25.0;//温度参数设置值
  24          float Voltage_OutPut;//DAC输出电压值
  25          /*按键控制区域*/
  26          void Key_Proc()
  27          {
  28   1              if(Key_Slow)return;
  29   1              Key_Slow=1;
  30   1              
  31   1              Key_Val=Key_Read();
  32   1              Key_Down=Key_Val&(Key_Old^Key_Val);
  33   1              Key_Up=~Key_Val&(Key_Old^Key_Val);
  34   1              Key_Old=Key_Val;
  35   1              
  36   1              switch(Key_Down)
  37   1              {
  38   2                      case 4://S4：“界面切换”按键，按下切换【0-温度显示】【1-参数设置】【2-DAC输出】界面
  39   2                              if(++Seg_Show_Mode==3)Seg_Show_Mode=0;
  40   2                              if(Seg_Show_Mode==1)//进入【1-参数设置】
  41   2                              {
  42   3                                      Temperature_Parameter_Set=Temperature_Parameter;
  43   3                              }
  44   2                              else if(Seg_Show_Mode==2)//离开【1-参数设置】
  45   2                              {
  46   3                                      Temperature_Parameter=Temperature_Parameter_Set;
  47   3                              }
  48   2                      break;
  49   2                      case 5://S5：“模式”切换按键。按下切换DAC输出电压模式【0-与温度相关】【1-按图7函数】
  50   2                              if(++DAC_OutPut_Mode==2)DAC_OutPut_Mode=0;
  51   2                              /*
  52   2                              模式1：【0-与温度相关】实时温度<温度参数时DAC输出0V，否则(>=)DAC 输出5V。 
  53   2                              模式2：【1-按图7函数】DAC按照图7给出的关系输出电压。 
  54   2                              */
C51 COMPILER V9.54   MAIN                                                                  03/14/2025 11:35:34 PAGE 2   

  55   2                      break;
  56   2                      case 8://S8：“减”按键，在【1-参数设置】界面按下，温度参数减1。
  57   2                              if(Seg_Show_Mode==1)
  58   2                              {
  59   3                                      Temperature_Parameter_Set--;
  60   3                              }
  61   2                      break;
  62   2                      case 9://S9：“加”按键，在【1-参数设置】界面按下，温度参数加1。
  63   2                              if(Seg_Show_Mode==1)
  64   2                              {
  65   3                                      Temperature_Parameter_Set++;
  66   3                              }
  67   2                      break;
  68   2              }
  69   1      }
  70          /*Seg显示区域*/
  71          void Seg_Proc()
  72          {
  73   1              unsigned char i;
  74   1              if(Seg_Slow)return;
  75   1              Seg_Slow=1;
  76   1              
  77   1              Temperature=Temperature_Read();
  78   1      
  79   1              if(DAC_OutPut_Mode==0)//【0-与温度相关】
  80   1              {
  81   2                      if(Temperature<Temperature_Parameter)
  82   2                      {
  83   3                              Voltage_OutPut=0;
  84   3                      }
  85   2                      else
  86   2                      {
  87   3                              Voltage_OutPut=5;
  88   3                      }
  89   2              }
  90   1              else if(DAC_OutPut_Mode==1)//【1-按图7函数】
  91   1              {
  92   2                      if(Temperature<=20)
  93   2                      {
  94   3                              Voltage_OutPut=1;
  95   3                      }
  96   2                      else if(Temperature>20 && Temperature<40)
  97   2                      {
  98   3                              Voltage_OutPut=(Temperature*0.15)-2;
  99   3                      }
 100   2                      else if(Temperature>=40)
 101   2                      {
 102   3                              Voltage_OutPut=4;
 103   3                      }
 104   2              }
 105   1              DA_Write((unsigned char)(Voltage_OutPut*51.0));
 106   1      
 107   1              
 108   1              switch(Seg_Show_Mode)
 109   1              {
 110   2                      case 0:/*【0-温度显示】*/
 111   2                              for(i=1;i<=3;i++)
 112   2                                      {Seg_Buf[i]=10;}//熄灭
 113   2                              Seg_Buf[0]=11;//C
 114   2                              Seg_Buf[4]=(unsigned int)Temperature/10%10;
 115   2                              Seg_Buf[5]=(unsigned int)Temperature/1%10;
 116   2                              Seg_Point[5]=1;//小数点
C51 COMPILER V9.54   MAIN                                                                  03/14/2025 11:35:34 PAGE 3   

 117   2                              Seg_Buf[6]=(unsigned int)(Temperature*10)%10;
 118   2                              Seg_Buf[7]=(unsigned int)(Temperature*100)%10;
 119   2                      break;
 120   2                      case 1:/*【1-参数设置】*/
 121   2                              Seg_Point[5]=0;//清除小数点
 122   2                              for(i=1;i<=5;i++)
 123   2                                      {Seg_Buf[i]=10;}//熄灭
 124   2                              Seg_Buf[0]=12;//P
 125   2                              Seg_Buf[6]=(unsigned int)(Temperature_Parameter_Set/10)%10;
 126   2                              Seg_Buf[7]=(unsigned int)(Temperature_Parameter_Set/1)%10;
 127   2                      break;
 128   2                      case 2:/*【2-DAC输出】*/
 129   2                              for(i=1;i<=4;i++)
 130   2                                      {Seg_Buf[i]=10;}//熄灭
 131   2                              Seg_Buf[0]=13;//A
 132   2                              Seg_Buf[5]=(unsigned int)(Voltage_OutPut)/1%10;
 133   2                              Seg_Point[5]=1;//小数点
 134   2                              Seg_Buf[6]=(unsigned int)(Voltage_OutPut*10)%10;
 135   2                              Seg_Buf[7]=(unsigned int)(Voltage_OutPut*100)%10;
 136   2                      break;
 137   2              }
 138   1      }
 139          /*Led显示区域*/
 140          void Led_Proc()
 141          {
 142   1              Led_Buf[0]=(DAC_OutPut_Mode==0)?1:0;//1) 当前处于模式1状态，指示灯L1点亮，否则熄灭。 
 143   1              Led_Buf[1]=(Seg_Show_Mode==0)?1:0;      //2) 当前处于温度显示界面，指示灯L2点亮，否则熄灭。 
 144   1              Led_Buf[2]=(Seg_Show_Mode==1)?1:0;      //3) 当前处于参数设置界面，指示灯L3点亮，否则熄灭。 
 145   1              Led_Buf[3]=(Seg_Show_Mode==2)?1:0;      //4) 当前处于DAC输出界面，指示灯L4点亮，否则熄灭。
 146   1      }
 147          /*定时器0区域*/
 148          void Timer0_Init(void)          //1毫秒@12.000MHz
 149          {
 150   1              AUXR &= 0x7F;                   //定时器时钟12T模式
 151   1              TMOD &= 0xF0;                   //设置定时器模式
 152   1              TL0 = 0x18;                             //设置定时初始值
 153   1              TH0 = 0xFC;                             //设置定时初始值
 154   1              TF0 = 0;                                //清除TF0标志
 155   1              TR0 = 1;                                //定时器0开始计时
 156   1              ET0 = 1;                                //使能定时器0中断
 157   1              EA=1;
 158   1      }
 159          void Timer0_Isr(void) interrupt 1
 160          {
 161   1              if(++Key_Slow==20)Key_Slow=0;
 162   1              if(++Seg_Slow==200)Seg_Slow=0;
 163   1              
 164   1              if(++Seg_Pos==8)Seg_Pos=0;
 165   1              Seg_Disp(Seg_Pos,Seg_Buf[Seg_Pos],Seg_Point[Seg_Pos]);
 166   1              Led_Disp(Seg_Pos,Led_Buf[Seg_Pos]);
 167   1              
 168   1              
 169   1      }
 170          /*初始化区域*/
 171          void Init_Proc()
 172          {
 173   1              Sys_Init();
 174   1              Timer0_Init();
 175   1      }
 176          /*主函数区域*/
 177          void main()
 178          {
C51 COMPILER V9.54   MAIN                                                                  03/14/2025 11:35:34 PAGE 4   

 179   1              Init_Proc();
 180   1              while(1)
 181   1              {
 182   2                      Key_Proc();
 183   2                      Seg_Proc();
 184   2                      Led_Proc();
 185   2              }
 186   1      }


MODULE INFORMATION:   STATIC OVERLAYABLE
   CODE SIZE        =    926    ----
   CONSTANT SIZE    =   ----    ----
   XDATA SIZE       =   ----    ----
   PDATA SIZE       =   ----    ----
   DATA SIZE        =     49       1
   IDATA SIZE       =   ----    ----
   BIT SIZE         =   ----    ----
END OF MODULE INFORMATION.


C51 COMPILATION COMPLETE.  0 WARNING(S),  0 ERROR(S)
