C51 COMPILER V9.54   MAIN                                                                  04/05/2025 04:11:06 PAGE 1   


C51 COMPILER V9.54, COMPILATION OF MODULE MAIN
OBJECT MODULE PLACED IN .\Objects\main.obj
COMPILER INVOKED BY: D:\Keil_v5\C51\BIN\C51.EXE User\main.c OPTIMIZE(8,SPEED) BROWSE INCDIR(.\Driver;.\User) DEBUG OBJEC
                    -TEXTEND PRINT(.\Listings\main.lst) OBJECT(.\Objects\main.obj)

line level    source

   1          /*头文件引用区域*/
   2          #include <STC15F2K60S2.H>
   3          #include <Init.H>
   4          #include <Led.H>
   5          #include <Seg.H>
   6          #include <Key.H>
   7          #include <onewire.H>
   8          #include <iic.H>
   9          #include <Uart.H>
  10          /*变量声明区域*/
  11          idata unsigned char Key_Slow,Key_Val,Key_Old,Key_Down,Key_Up;
  12          idata unsigned char Seg_Slow,Seg_Pos;
  13          idata unsigned char Seg_Buf[8]={10,10,10,10,10,10,10,10},Seg_Point[8]={0,0,0,0,0,0,0,0};
  14          idata unsigned char Beeper_Buf=0,Relay_Buf=0,Led_Buf[8]={0,0,0,0,0,0,0,0};
  15          pdata unsigned char Uart_Buf[5]={0};
  16          idata unsigned char Uart_Rx_Index;
  17          idata unsigned char Uart_Recv_Tick;
  18          idata unsigned char Uart_Rx_Flag;
  19          
  20          
  21          idata unsigned char Seg_Show_Mode=0;//【0-温度】【1-电压】
  22          idata bit Uart_Ctrl_Seg_Mode=1;//串口切换界面功能【0-失效】【1-生效】
  23          
  24          idata float Temperature;
  25          idata float ADC_RB2_Voltage;
  26          
  27          idata unsigned char Time_100ms;
  28          idata bit Time_100ms_Flag;
  29          
  30          /*按键控制区域*/
  31          void Key_Proc()
  32          {
  33   1              if(Key_Slow)return;
  34   1              Key_Slow=1;
  35   1              
  36   1              Key_Val=Key_Read();
  37   1              Key_Down=Key_Val&(Key_Old^Key_Val);
  38   1              Key_Up=~Key_Val&(Key_Old^Key_Val);
  39   1              Key_Old=Key_Val;
  40   1              
  41   1              switch(Key_Down)
  42   1              {
  43   2                      case 4:
  44   2                              Uart_Ctrl_Seg_Mode=0;
  45   2                              Time_100ms=0;
  46   2                      break;
  47   2                      case 5:
  48   2                              if(Uart_Ctrl_Seg_Mode==0)
  49   2                                      Uart_Ctrl_Seg_Mode=1;
  50   2                      break;
  51   2                      case 12:
  52   2                              if(Seg_Show_Mode==0)
  53   2                                      printf("TEMP:%.1f℃\r\n",Temperature);
  54   2                              else
C51 COMPILER V9.54   MAIN                                                                  04/05/2025 04:11:06 PAGE 2   

  55   2                                      printf("Voltage:%.2fV\r\n",ADC_RB2_Voltage);
  56   2                      break;
  57   2              }
  58   1      }
  59          /*数码管控制区域*/
  60          void Seg_Proc()
  61          {       
  62   1              if(Seg_Slow)return;
  63   1              Seg_Slow=1;
  64   1              
  65   1              
  66   1              Temperature=Temperature_Read();//onewire:ds18b20
  67   1              ADC_RB2_Voltage=AD_Read(0x03)/51.0;//iic:PCF8591
  68   1              
  69   1              
  70   1              Seg_Buf[0]=11;
  71   1              Seg_Buf[1]=Seg_Show_Mode+1;
  72   1              Seg_Buf[2]=Seg_Buf[3]=Seg_Buf[4]=10;
  73   1              switch(Seg_Show_Mode)
  74   1              {
  75   2                      case 0:
  76   2                              Seg_Point[5]=0;
  77   2                              Seg_Buf[5]=(unsigned char)(Temperature)/10%10;
  78   2                              Seg_Buf[6]=(unsigned char)(Temperature)/1%10;
  79   2                              Seg_Point[6]=1;
  80   2                              Seg_Buf[7]=(unsigned int)(Temperature*10)%10;
  81   2                              
  82   2                      break;
  83   2                      case 1:
  84   2                              Seg_Point[6]=0;
  85   2                              Seg_Buf[5]=(unsigned char)(ADC_RB2_Voltage)%10;
  86   2                              Seg_Point[5]=1;
  87   2                              Seg_Buf[6]=(unsigned int)(ADC_RB2_Voltage*10)%10;
  88   2                              Seg_Buf[7]=(unsigned int)(ADC_RB2_Voltage*100)%10;
  89   2                      break;
  90   2              }
  91   1      }
  92          /*Led控制区域*/
  93          void Led_Proc()
  94          {
  95   1              Led_Buf[0]=Seg_Show_Mode==0?1:0;
  96   1              Led_Buf[1]=Seg_Show_Mode==1?1:0;
  97   1              Led_Buf[2]=Uart_Ctrl_Seg_Mode==0?Time_100ms_Flag:0;
  98   1              
  99   1              Relay_Buf=(Temperature>=28);
 100   1              Beeper_Buf=(ADC_RB2_Voltage>3.6);
 101   1      }
 102          /*串口控制区域*/
 103          void Uart_Proc()
 104          {
 105   1              if(Uart_Rx_Index==0)
 106   1                      return;
 107   1              if(Uart_Recv_Tick>=10)
 108   1              {
 109   2                      Uart_Recv_Tick=0;
 110   2      //              Uart_Rx_Flag = 0;
 111   2                      
 112   2                      if(Uart_Ctrl_Seg_Mode==1)
 113   2                      {
 114   3                              if(Uart_Buf[0]=='A')
 115   3                                      Seg_Show_Mode=0;
 116   3                              else if(Uart_Buf[0]=='B')
C51 COMPILER V9.54   MAIN                                                                  04/05/2025 04:11:06 PAGE 3   

 117   3                                      Seg_Show_Mode=1;
 118   3                      }
 119   2                      
 120   2                      
 121   2                      memset(Uart_Buf,0,Uart_Rx_Index);// 清空接收数据
 122   2                      Uart_Rx_Index = 0;
 123   2              }
 124   1      }
 125          /*定时器1区域*/
 126          void Timer1_Init(void)          //1毫秒@12.000MHz
 127          {
 128   1              AUXR &= 0xBF;                   //定时器时钟12T模式
 129   1              TMOD &= 0x0F;                   //设置定时器模式
 130   1              TL1 = 0x18;                             //设置定时初始值
 131   1              TH1 = 0xFC;                             //设置定时初始值
 132   1              TF1 = 0;                                //清除TF1标志
 133   1              TR1 = 1;                                //定时器1开始计时
 134   1              ET1 = 1;                                //使能定时器1中断
 135   1              EA=1;
 136   1      }
 137          void Timer1_Isr(void) interrupt 3
 138          {
 139   1              if(++Key_Slow==20)Key_Slow=0;
 140   1              if(++Seg_Slow==100)Seg_Slow=0;
 141   1              
 142   1              if(++Seg_Pos==8)Seg_Pos=0;
 143   1              Seg_Disp(Seg_Pos,Seg_Buf[Seg_Pos],Seg_Point[Seg_Pos]);
 144   1              Led_Disp(Seg_Pos,Led_Buf[Seg_Pos]);
 145   1              Beeper(Beeper_Buf);
 146   1              Relay(Relay_Buf);
 147   1              
 148   1              if(Uart_Ctrl_Seg_Mode==0)
 149   1              {
 150   2                      if(++Time_100ms==100)
 151   2                      {
 152   3                              Time_100ms=0;
 153   3                              Time_100ms_Flag^=1;
 154   3                      }
 155   2              }
 156   1              
 157   1              if(Uart_Rx_Flag==1)
 158   1              {
 159   2                      Uart_Recv_Tick++;
 160   2              }
 161   1      }
 162          /*串口中断区域*/
 163          void Uart1_Isr(void) interrupt 4
 164          {
 165   1              if (RI)                         //检测串口1接收中断
 166   1              {
 167   2                      Uart_Rx_Flag=1;
 168   2                      Uart_Recv_Tick=0;
 169   2                      Uart_Buf[Uart_Rx_Index++]=SBUF;
 170   2                      RI = 0;                 //清除串口1接收中断请求位
 171   2                      if(Uart_Rx_Index>10)
 172   2                      {
 173   3                              Uart_Rx_Index=0;
 174   3                              memset(Uart_Buf,0,10);
 175   3                      }
 176   2              }
 177   1      }
 178          /*初始化区域*/
C51 COMPILER V9.54   MAIN                                                                  04/05/2025 04:11:06 PAGE 4   

 179          void Init_Proc()
 180          {
 181   1              while(Temperature_Read()==85);//onewire:ds18b20
 182   1              Sys_Init();
 183   1              Uart1_Init();
 184   1              Timer1_Init();
 185   1      }
 186          /*主函数区域*/
 187          void main()
 188          {
 189   1              Init_Proc();
 190   1              while(1)
 191   1              {
 192   2                      Key_Proc();
 193   2                      Seg_Proc();
 194   2                      Led_Proc();
 195   2                      Uart_Proc();
 196   2              }
 197   1      }


MODULE INFORMATION:   STATIC OVERLAYABLE
   CODE SIZE        =    805    ----
   CONSTANT SIZE    =     30    ----
   XDATA SIZE       =   ----    ----
   PDATA SIZE       =      5    ----
   DATA SIZE        =   ----    ----
   IDATA SIZE       =     46    ----
   BIT SIZE         =      2    ----
END OF MODULE INFORMATION.


C51 COMPILATION COMPLETE.  0 WARNING(S),  0 ERROR(S)
