C51 COMPILER V9.54   KEY                                                                   03/11/2025 17:59:58 PAGE 1   


C51 COMPILER V9.54, COMPILATION OF MODULE KEY
OBJECT MODULE PLACED IN .\Objects\Key.obj
COMPILER INVOKED BY: D:\Keil_v5\C51\BIN\C51.EXE Driver\Key.c OPTIMIZE(8,SPEED) BROWSE INCDIR(.\Driver;.\User) DEBUG OBJE
                    -CTEXTEND PRINT(.\Listings\Key.lst) OBJECT(.\Objects\Key.obj)

line level    source

   1          #include <Key.H>
   2          //unsigned char Key_Read()
   3          //{
   4          //      unsigned char temp=0;
   5          //      
   6          //      P44=0;P42=1;P35=1;P34=1;
   7          //      if(P33==0)temp=4;
   8          //      if(P32==0)temp=5;
   9          //      if(P31==0)temp=6;
  10          //      if(P30==0)temp=7;
  11          //      
  12          //      P44=1;P42=0;P35=1;P34=1;
  13          //      if(P33==0)temp=8;
  14          //      if(P32==0)temp=9;
  15          //      if(P31==0)temp=10;
  16          //      if(P30==0)temp=11;
  17          //      
  18          //      P44=1;P42=1;P35=0;P34=1;
  19          //      if(P33==0)temp=12;
  20          //      if(P32==0)temp=13;
  21          //      if(P31==0)temp=14;
  22          //      if(P30==0)temp=15;
  23          //      
  24          //      P44=1;P42=1;P35=1;P34=0;
  25          //      if(P33==0)temp=16;
  26          //      if(P32==0)temp=17;
  27          //      if(P31==0)temp=18;
  28          //      if(P30==0)temp=19;
  29          //      
  30          //      return temp;
  31          //}
  32          unsigned char Key_Read()
  33          {
  34   1              unsigned char temp=0;
  35   1              
  36   1              if(P33==0)temp=4;
  37   1              if(P32==0)temp=5;
  38   1              if(P31==0)temp=6;
  39   1              if(P30==0)temp=7;
  40   1                      
  41   1              return temp;
  42   1      }


MODULE INFORMATION:   STATIC OVERLAYABLE
   CODE SIZE        =     23    ----
   CONSTANT SIZE    =   ----    ----
   XDATA SIZE       =   ----    ----
   PDATA SIZE       =   ----    ----
   DATA SIZE        =   ----    ----
   IDATA SIZE       =   ----    ----
   BIT SIZE         =   ----    ----
END OF MODULE INFORMATION.


C51 COMPILATION COMPLETE.  0 WARNING(S),  0 ERROR(S)
