C51 COMPILER V9.54   MAIN                                                                  03/11/2025 17:59:58 PAGE 1   


C51 COMPILER V9.54, COMPILATION OF MODULE MAIN
OBJECT MODULE PLACED IN .\Objects\main.obj
COMPILER INVOKED BY: D:\Keil_v5\C51\BIN\C51.EXE User\main.c OPTIMIZE(8,SPEED) BROWSE INCDIR(.\Driver;.\User) DEBUG OBJEC
                    -TEXTEND PRINT(.\Listings\main.lst) OBJECT(.\Objects\main.obj)

line level    source

   1          /*头文件引用区域*/
   2          #include <STC15F2K60S2.H>
   3          #include <Init.H>
   4          #include <Led.H>
   5          #include <Seg.H>
   6          #include <Key.H>
   7          #include <iic.H>
   8          #include <onewire.H>
   9          #include <intrins.H>
  10          /*变量声明区域*/
  11          unsigned char Key_Slow;
  12          unsigned char Key_Val,Key_Old,Key_Down,Key_Up;
  13          unsigned char Seg_Slow;
  14          unsigned char Seg_Pos;
  15          unsigned char Seg_Buf[8]={10,10,10,10,10,10,10,10};
  16          unsigned char Seg_Point[8]={0,0,0,0,0,0,0,0};
  17          unsigned char Led_Buf[8]={0,0,0,0,0,0,0,0};
  18          unsigned char Led_Slow;
  19          
  20          unsigned char Seg_Show_Mode=0;//显示界面【0-数据显示界面】【1-参数设置界面】
  21          
  22          float Temperature;//实时读取温度
  23          unsigned char Temperature_Max=30;//温度上限参数0≤T_Max<100 
  24          unsigned char Temperature_Min=20;//温度下限参数0≤T_Min<100 
  25          unsigned char Temperature_Max_Set=30;//温度上限设置参数0≤T_Max<100 
  26          unsigned char Temperature_Min_Set=20;//温度下限设置参数0≤T_Min<100 
  27          unsigned char T_Max_Min_Set_Chose=1;//参数选择【0-温度上限参数TMax】和【1-温度下限参数TMin】
  28          bit T_Change_Flag=1;//0-失败；1-成功
  29          unsigned char AD_Read_Data;
  30          unsigned char DA_Write_Data;
  31          unsigned char Voltage_Set;//设置电压
  32          
  33          /*按键控制区域*/
  34          void Key_Proc()
  35          {
  36   1              if(Key_Slow)return;
  37   1              Key_Slow=1;
  38   1              
  39   1              Key_Val=Key_Read();
  40   1              Key_Down=Key_Val&(Key_Old^Key_Val);
  41   1              Key_Up=~Key_Val&(Key_Old^Key_Val);
  42   1              Key_Old=Key_Val;
  43   1              
  44   1              switch(Key_Down)
  45   1              {
  46   2                      case 4://S4：“界面切换”按键，按下切换【0-数据显示界面】和【1-参数设置界面】。
  47   2                              if(++Seg_Show_Mode==2)Seg_Show_Mode=0;
  48   2                              if(Seg_Show_Mode==1)//进入【1-参数设置界面】；离开【0-数据显示界面】
  49   2                              {
  50   3                                      T_Max_Min_Set_Chose=1;
  51   3                                      Temperature_Max_Set=Temperature_Max;
  52   3                                      Temperature_Min_Set=Temperature_Min;
  53   3                              }
  54   2                              else if(Seg_Show_Mode==0)//进入【0-数据显示界面】；离开【1-参数设置界面】
C51 COMPILER V9.54   MAIN                                                                  03/11/2025 17:59:58 PAGE 2   

  55   2                              {
  56   3                                      T_Max_Min_Set_Chose=1;
  57   3                                      if(Temperature_Max_Set>=Temperature_Min_Set)
  58   3                                      {
  59   4                                              Led_Buf[3]=0;
  60   4                                              Temperature_Max=Temperature_Max_Set;
  61   4                                              Temperature_Min=Temperature_Min_Set;
  62   4                                      }
  63   3                                      else
  64   3                                              Led_Buf[3]=1;
  65   3                              }
  66   2                      break;
  67   2                      case 5://S5：“参数切换”按键，按下切换选择【0-温度上限参数TMax】和【1-温度下限参数TMin】。
  68   2                              if(++T_Max_Min_Set_Chose==2)T_Max_Min_Set_Chose=0;
  69   2                      break;
  70   2                      case 6://S6：“加”按键，按下则当前选择的温度参数增加1℃。
  71   2                              if(Seg_Show_Mode==1)
  72   2                              {
  73   3                                      if(T_Max_Min_Set_Chose==0)//【0-温度上限参数TMax】
  74   3                                      {
  75   4                                              if(++Temperature_Max_Set==100)
  76   4                                                      {Temperature_Max_Set=99;}
  77   4                                      }
  78   3                                      else//【1-温度下限参数TMin】
  79   3                                      {                                       
  80   4                                              if(++Temperature_Min_Set==100)
  81   4                                                      {Temperature_Min_Set=99;}
  82   4                                      }
  83   3                              }
  84   2                      break;
  85   2                      case 7://S7：“减”按键，按下则当前选择的温度参数减少1℃。
  86   2                              if(Seg_Show_Mode==1)
  87   2                              {
  88   3                                      if(T_Max_Min_Set_Chose==0)//【0-温度上限参数TMax】
  89   3                                      {
  90   4                                              if(--Temperature_Max_Set==255)
  91   4                                                      {Temperature_Max_Set=0;}
  92   4                                      }
  93   3                                      else//【1-温度下限参数TMin】
  94   3                                      {
  95   4                                              if(--Temperature_Min_Set==255)
  96   4                                                      {Temperature_Min_Set=0;}
  97   4                                      }
  98   3                              }
  99   2                      break;
 100   2              }
 101   1      }
 102          /*数码管显示区域*/
 103          void Seg_Proc()
 104          {
 105   1              unsigned char i;
 106   1              if(Seg_Slow)return;
 107   1              Seg_Slow=1;
 108   1                      
 109   1              Temperature=Temperature_Read();
 110   1              
 111   1              switch(Seg_Show_Mode)
 112   1              {
 113   2                      case 0://【0-数据显示界面】             
 114   2                              for(i=1;i<=5;i++)
 115   2                                      {Seg_Buf[i]=10;}
 116   2                              Seg_Buf[0]=11;//C
C51 COMPILER V9.54   MAIN                                                                  03/11/2025 17:59:58 PAGE 3   

 117   2                                      
 118   2                              Seg_Buf[6]=(unsigned char)Temperature/10%10;
 119   2                              Seg_Buf[7]=(unsigned char)Temperature/1%10;
 120   2                      break;
 121   2                      case 1://【1-参数设置界面】Temperature
 122   2                              Seg_Buf[1]=10;Seg_Buf[2]=10;Seg_Buf[5]=10;
 123   2                              Seg_Buf[0]=12;//P
 124   2                      
 125   2                              Seg_Buf[3]=Temperature_Max_Set/10%10;
 126   2                              Seg_Buf[4]=Temperature_Max_Set/1%10;
 127   2                      
 128   2                              Seg_Buf[6]=Temperature_Min_Set/10%10;
 129   2                              Seg_Buf[7]=Temperature_Min_Set/1%10;
 130   2                      break;
 131   2              }
 132   1      }
 133          /*Led显示区域*/
 134          void Led_Proc()
 135          {
 136   1      //      if(Led_Slow)return;
 137   1      //      Led_Slow=1;
 138   1      
 139   1              if(Temperature>Temperature_Max)
 140   1              {
 141   2                      Led_Buf[0]=1;
 142   2                      Voltage_Set=4;
 143   2                      Led_Buf[1]=0;
 144   2                      Led_Buf[2]=0;
 145   2              }
 146   1              else if(Temperature>=Temperature_Min&&Temperature<=Temperature_Max)
 147   1              {
 148   2                      Led_Buf[1]=1;
 149   2                      Voltage_Set=3;
 150   2                      Led_Buf[0]=0;
 151   2                      Led_Buf[2]=0;
 152   2              }
 153   1              else if(Temperature<Temperature_Min)
 154   1              {
 155   2                      Led_Buf[2]=1;
 156   2                      Voltage_Set=2;
 157   2                      Led_Buf[0]=0;
 158   2                      Led_Buf[1]=0;
 159   2              }
 160   1              DA_Write(Voltage_Set*51);
 161   1      }
 162          /*定时器0区域*/
 163          void Timer0_Init(void)          //1毫秒@12.000MHz
 164          {
 165   1              AUXR &= 0x7F;                   //定时器时钟12T模式
 166   1              TMOD &= 0xF0;                   //设置定时器模式
 167   1              TL0 = 0x18;                             //设置定时初始值
 168   1              TH0 = 0xFC;                             //设置定时初始值
 169   1              TF0 = 0;                                //清除TF0标志
 170   1              TR0 = 1;                                //定时器0开始计时
 171   1              ET0 = 1;                                //使能定时器0中断
 172   1              EA=1;
 173   1      }
 174          void Timer0_Isr(void) interrupt 1
 175          {
 176   1              if(++Key_Slow==20)Key_Slow=0;
 177   1              if(++Seg_Slow==200)Seg_Slow=0;
 178   1              if(++Led_Slow==200)Led_Slow=0;
C51 COMPILER V9.54   MAIN                                                                  03/11/2025 17:59:58 PAGE 4   

 179   1              
 180   1              if(++Seg_Pos==8)Seg_Pos=0;
 181   1              Seg_Disp(Seg_Pos,Seg_Buf[Seg_Pos],Seg_Point[Seg_Pos]);
 182   1              Led_Disp(Seg_Pos,Led_Buf[Seg_Pos]);
 183   1      }
 184          /*延时函数*/
 185          void Delay10ms(void)    //@12.000MHz
 186          {
 187   1              unsigned char data i, j;
 188   1      
 189   1              i = 117;
 190   1              j = 184;
 191   1              do
 192   1              {
 193   2                      while (--j);
 194   2              } while (--i);
 195   1      }
 196          /*初始化区域*/
 197          void Init_Proc()
 198          {
 199   1              Sys_Init();
 200   1              Timer0_Init();
 201   1              Delay10ms();
 202   1      }
 203          /*主函数区域*/
 204          void main()
 205          {
 206   1              Init_Proc();
 207   1              while(1)
 208   1              {
 209   2                      Key_Proc();
 210   2                      Seg_Proc();
 211   2                      Led_Proc();
 212   2              }
 213   1      }


MODULE INFORMATION:   STATIC OVERLAYABLE
   CODE SIZE        =    616    ----
   CONSTANT SIZE    =   ----    ----
   XDATA SIZE       =   ----    ----
   PDATA SIZE       =   ----    ----
   DATA SIZE        =     45    ----
   IDATA SIZE       =   ----    ----
   BIT SIZE         =      1    ----
END OF MODULE INFORMATION.


C51 COMPILATION COMPLETE.  0 WARNING(S),  0 ERROR(S)
