C51 COMPILER V9.54   KEY                                                                   04/06/2025 19:45:27 PAGE 1   


C51 COMPILER V9.54, COMPILATION OF MODULE KEY
OBJECT MODULE PLACED IN .\Objects\Key.obj
COMPILER INVOKED BY: D:\Keil_v5\C51\BIN\C51.EXE Driver\Key.c OPTIMIZE(8,SPEED) BROWSE INCDIR(.\Driver;.\User) DEBUG OBJE
                    -CTEXTEND PRINT(.\Listings\Key.lst) OBJECT(.\Objects\Key.obj)

line level    source

   1          #include <Key.H>
   2          unsigned char Key_Read()
   3          {
   4   1              unsigned char temp=0;
   5   1              P44=0;P42=1;P35=1;P34=1;
   6   1              if(P33==0)temp=4;
   7   1              if(P32==0)temp=5;
   8   1              if(P31==0)temp=6;
   9   1              if(P30==0)temp=7;
  10   1              P44=1;P42=0;P35=1;P34=1;
  11   1              if(P33==0)temp=8;
  12   1              if(P32==0)temp=9;
  13   1              if(P31==0)temp=10;
  14   1              if(P30==0)temp=11;
  15   1              P44=1;P42=1;P35=0;P34=1;
  16   1              if(P33==0)temp=12;
  17   1              if(P32==0)temp=13;
  18   1              if(P31==0)temp=14;
  19   1              if(P30==0)temp=15;
  20   1              P44=1;P42=1;P35=1;P34=0;
  21   1              if(P33==0)temp=16;
  22   1              if(P32==0)temp=17;
  23   1              if(P31==0)temp=18;
  24   1              if(P30==0)temp=19;
  25   1              return temp;
  26   1      }


MODULE INFORMATION:   STATIC OVERLAYABLE
   CODE SIZE        =    115    ----
   CONSTANT SIZE    =   ----    ----
   XDATA SIZE       =   ----    ----
   PDATA SIZE       =   ----    ----
   DATA SIZE        =   ----    ----
   IDATA SIZE       =   ----    ----
   BIT SIZE         =   ----    ----
END OF MODULE INFORMATION.


C51 COMPILATION COMPLETE.  0 WARNING(S),  0 ERROR(S)
