C51 COMPILER V9.54   MAIN                                                                  04/06/2025 19:45:27 PAGE 1   


C51 COMPILER V9.54, COMPILATION OF MODULE MAIN
OBJECT MODULE PLACED IN .\Objects\main.obj
COMPILER INVOKED BY: D:\Keil_v5\C51\BIN\C51.EXE User\main.c OPTIMIZE(8,SPEED) BROWSE INCDIR(.\Driver;.\User) DEBUG OBJEC
                    -TEXTEND PRINT(.\Listings\main.lst) OBJECT(.\Objects\main.obj)

line level    source

   1          /*头文件引用区域*/
   2          #include <STC15F2K60S2.H>
   3          #include <Init.H>
   4          #include <Seg.H>
   5          #include <Key.H>
   6          /*区域*/
   7          idata unsigned char Seg_Slow,Seg_Pos,Seg_Buf[8]={10,10,10,10,10,10,10,10};
   8          idata unsigned char Key_Slow,Key_Val,Key_Old,Key_Down,Key_Up;
   9          idata unsigned char Key_Num=0;
  10          /*按键控制区域*/
  11          void Key_Proc()
  12          {
  13   1              if(Key_Slow)return;
  14   1              Key_Slow=1;
  15   1              
  16   1              Key_Val=Key_Read();
  17   1              Key_Down=Key_Val&(Key_Old^Key_Val);
  18   1              Key_Old=Key_Val;
  19   1              
  20   1              if(Key_Down)
  21   1              {
  22   2                      Key_Num=Key_Down-3;
  23   2              }
  24   1      }
  25          /*数码管控制区域*/
  26          void Seg_Proc()
  27          {
  28   1              if(Seg_Slow)return;
  29   1              Seg_Slow=1;
  30   1              
  31   1              Seg_Buf[0]=11;
  32   1              
  33   1              if(Key_Num<10)
  34   1              {
  35   2                      Seg_Buf[6]=10;
  36   2                      Seg_Buf[7]=Key_Num;
  37   2              }
  38   1              else
  39   1              {
  40   2                      Seg_Buf[6]=Key_Num/10%10;
  41   2                      Seg_Buf[7]=Key_Num/1%10;;
  42   2              }
  43   1      }
  44          /*定时器1区域*/
  45          void Timer1_Init(void)          //1毫秒@12.000MHz
  46          {
  47   1              AUXR &= 0xBF;                   //定时器时钟12T模式
  48   1              TMOD &= 0x0F;                   //设置定时器模式
  49   1              TL1 = 0x18;                             //设置定时初始值
  50   1              TH1 = 0xFC;                             //设置定时初始值
  51   1              TF1 = 0;                                //清除TF1标志
  52   1              TR1 = 1;                                //定时器1开始计时
  53   1              ET1 = 1;                                //使能定时器1中断
  54   1              EA=1;
C51 COMPILER V9.54   MAIN                                                                  04/06/2025 19:45:27 PAGE 2   

  55   1      }
  56          void Timer1_Isr(void) interrupt 3
  57          {
  58   1              if(++Key_Slow==20)Key_Slow=0;
  59   1              if(++Seg_Slow==100)Seg_Slow=0;
  60   1              if(++Seg_Pos==8)Seg_Pos=0;
  61   1              if(Seg_Buf[Seg_Pos]>20)
  62   1                      Seg_Disp(Seg_Pos,Seg_Buf[Seg_Pos]-',',1);
  63   1              else
  64   1                      Seg_Disp(Seg_Pos,Seg_Buf[Seg_Pos],0);
  65   1      }
  66          /*初始化区域*/
  67          void Init_Proc()
  68          {
  69   1              Sys_Init();
  70   1              Timer1_Init();
  71   1      }
  72          /*主函数区域*/
  73          void main()
  74          {
  75   1              Init_Proc();
  76   1              while(1)
  77   1              {
  78   2                      Key_Proc();
  79   2                      Seg_Proc();
  80   2              }
  81   1      }


MODULE INFORMATION:   STATIC OVERLAYABLE
   CODE SIZE        =    260    ----
   CONSTANT SIZE    =   ----    ----
   XDATA SIZE       =   ----    ----
   PDATA SIZE       =   ----    ----
   DATA SIZE        =   ----    ----
   IDATA SIZE       =     16    ----
   BIT SIZE         =   ----    ----
END OF MODULE INFORMATION.


C51 COMPILATION COMPLETE.  0 WARNING(S),  0 ERROR(S)
