C51 COMPILER V9.54   KEY                                                                   05/11/2025 10:32:20 PAGE 1   


C51 COMPILER V9.54, COMPILATION OF MODULE KEY
OBJECT MODULE PLACED IN .\Objects\key.obj
COMPILER INVOKED BY: D:\Keil_v5\C51\BIN\C51.EXE ..\Source\Driver\key.c OPTIMIZE(8,SPEED) BROWSE INCDIR(..\Source\Driver;
                    -..\Source\User) DEBUG OBJECTEXTEND PRINT(.\Listings\key.lst) OBJECT(.\Objects\key.obj)

line level    source

   1          #include <key.H>
   2          //unsigned char key_read()
   3          //{
   4          //      unsigned char key=0;
   5          
   6          //      if(P33==0)key=4;
   7          //      if(P32==0)key=5;
   8          //      if(P31==0)key=6;
   9          //      if(P30==0)key=7;
  10          
  11          //      return key;
  12          //}
  13          unsigned char key_read()
  14          {
  15   1              unsigned char key=0;
  16   1              AUXR &= ~(0x01);
  17   1              P44=0;P42=1;P35=1;//P34=1;
  18   1              if(P33==0)key=4;
  19   1              if(P32==0)key=5;
  20   1              if(P31==0)key=6;
  21   1              if(P30==0)key=7;
  22   1              P44=1;P42=0;P35=1;//P34=1;
  23   1              if(P33==0)key=8;
  24   1              if(P32==0)key=9;
  25   1              if(P31==0)key=10;
  26   1              if(P30==0)key=11;
  27   1              P44=1;P42=1;P35=0;//P34=1;
  28   1              if(P33==0)key=12;
  29   1              if(P32==0)key=13;
  30   1              if(P31==0)key=14;
  31   1              if(P30==0)key=15;
  32   1      //      P44=1;P42=1;P35=1;P34=0;
  33   1      //      if(P33==0)key=16;
  34   1      //      if(P32==0)key=17;
  35   1      //      if(P31==0)key=18;
  36   1      //      if(P30==0)key=19;
  37   1              P3=0xff;
  38   1              AUXR |= 0x01;
  39   1              return key;
  40   1      }


MODULE INFORMATION:   STATIC OVERLAYABLE
   CODE SIZE        =     90    ----
   CONSTANT SIZE    =   ----    ----
   XDATA SIZE       =   ----    ----
   PDATA SIZE       =   ----    ----
   DATA SIZE        =   ----    ----
   IDATA SIZE       =   ----    ----
   BIT SIZE         =   ----    ----
END OF MODULE INFORMATION.


C51 COMPILATION COMPLETE.  0 WARNING(S),  0 ERROR(S)
