C51 COMPILER V9.54   USART                                                                 05/11/2025 10:32:20 PAGE 1   


C51 COMPILER V9.54, COMPILATION OF MODULE USART
OBJECT MODULE PLACED IN .\Objects\usart.obj
COMPILER INVOKED BY: D:\Keil_v5\C51\BIN\C51.EXE ..\Source\Driver\usart.c OPTIMIZE(8,SPEED) BROWSE INCDIR(..\Source\Drive
                    -r;..\Source\User) DEBUG OBJECTEXTEND PRINT(.\Listings\usart.lst) OBJECT(.\Objects\usart.obj)

line level    source

   1          #include <usart.H>
   2          void Uart1_Init(void)   //9600bps@12.000MHz
   3          {
   4   1              SCON = 0x50;            //8位数据,可变波特率
   5   1              AUXR |= 0x01;           //串口1选择定时器2为波特率发生器
   6   1              AUXR &= 0xFB;           //定时器时钟12T模式
   7   1              T2L = 0xE6;                     //设置定时初始值
   8   1              T2H = 0xFF;                     //设置定时初始值
   9   1              AUXR |= 0x10;           //定时器2开始计时
  10   1              ES = 1;                         //使能串口1中断
  11   1      }
  12          //void Uart1_Isr(void) interrupt 4
  13          //{
  14          //      if (TI)                         //检测串口1发送中断
  15          //      {
  16          //              TI = 0;                 //清除串口1发送中断请求位
  17          //      }
  18          //      if (RI)                         //检测串口1接收中断
  19          //      {
  20          //              RI = 0;                 //清除串口1接收中断请求位
  21          //      }
  22          //}
  23          
  24          extern char putchar (char ch)
  25          {
  26   1              SBUF=ch;
  27   1              while(TI==0)
  28   1                      ;
  29   1              TI=0;
  30   1              return ch;
  31   1      }


MODULE INFORMATION:   STATIC OVERLAYABLE
   CODE SIZE        =     29    ----
   CONSTANT SIZE    =   ----    ----
   XDATA SIZE       =   ----    ----
   PDATA SIZE       =   ----    ----
   DATA SIZE        =   ----    ----
   IDATA SIZE       =   ----    ----
   BIT SIZE         =   ----    ----
END OF MODULE INFORMATION.


C51 COMPILATION COMPLETE.  0 WARNING(S),  0 ERROR(S)
