C51 COMPILER V9.54   MAIN                                                                  03/29/2025 00:06:52 PAGE 1   


C51 COMPILER V9.54, COMPILATION OF MODULE MAIN
OBJECT MODULE PLACED IN .\Objects\main.obj
COMPILER INVOKED BY: D:\Keil_v5\C51\BIN\C51.EXE User\main.c OPTIMIZE(8,SPEED) BROWSE INCDIR(.\Driver;.\User) DEBUG OBJEC
                    -TEXTEND PRINT(.\Listings\main.lst) OBJECT(.\Objects\main.obj)

line level    source

   1          /*头文件引用区域*/
   2          #include <STC15F2K60S2.H>
   3          #include <Init.H>
   4          #include <Led.H>
   5          #include <Seg.H>
   6          #include <Key.H>
   7          #include <ds1302.H>
   8          #include <onewire.H>
   9          /*变量声明区域*/
  10          idata unsigned char Key_Slow,Key_Val,Key_Old,Key_Down,Key_Up;
  11          idata unsigned char Seg_Slow,Seg_Pos;
  12          idata unsigned char Seg_Buf[8]={10,10,10,10,10,10,10,10};
  13          idata unsigned char Seg_Point[8]={0,0,0,0,0,0,0,0};
  14          idata unsigned char Led_Buf[8]={0,0,0,0,0,0,0,0};
  15          idata bit Beeper_Buf=0;
  16          idata bit Relay_Buf=0;
  17          
  18          idata unsigned char Seg_Show_Mode=0;//【0-温度】【1-时间】【2-参数】
  19          idata unsigned char Work_Mode=0;//【0-温度控制】【1-时间控制】
  20          idata unsigned char Rtc_Show_Mode=0;//【0-时分】【1-分秒】
  21          
  22          idata unsigned char Rtc[3]={0x23,0x58,0x55};//【0-时】【1-分】【2-秒】
  23          idata float Temperature;
  24          idata float Temperature_Parameter[2]={23,23};//【0-参数实际值】【1-参数修改值】
  25          
  26          idata unsigned int Relay_Time_5000ms;
  27          idata unsigned int Led_Time_5000ms;
  28          idata unsigned int Led_Time_100ms;
  29          idata bit Led_Flash_Flag;
  30          /*按键控制区域*/
  31          void Key_Proc()
  32          {
  33   1              if(Key_Slow)return;
  34   1              Key_Slow=1;
  35   1              
  36   1              Key_Val=Key_Read();
  37   1              Key_Down=Key_Val&(Key_Old^Key_Val);
  38   1              Key_Up=~Key_Val&(Key_Old^Key_Val);
  39   1              Key_Old=Key_Val;
  40   1              
  41   1              switch(Key_Down)
  42   1              {
  43   2                      case 12:
  44   2                              if(++Seg_Show_Mode==3)Seg_Show_Mode=0;
  45   2      //                      if(Seg_Show_Mode==2)
  46   2      //                      {
  47   2      //                              Temperature_Parameter[1]=Temperature_Parameter[0];
  48   2      //                      }
  49   2      //                      else if(Seg_Show_Mode==0)
  50   2      //                      {
  51   2      //                              Temperature_Parameter[0]=Temperature_Parameter[1];
  52   2      //                      }
  53   2                      break;
  54   2                      case 13:
C51 COMPILER V9.54   MAIN                                                                  03/29/2025 00:06:52 PAGE 2   

  55   2                              if(++Work_Mode==2)Work_Mode=0;
  56   2                      break;
  57   2                      case 16:
  58   2                              if(Seg_Show_Mode==2)
  59   2                              {
  60   3                                      if(++Temperature_Parameter[0]==100)Temperature_Parameter[0]=99;
  61   3                              }
  62   2                      break;
  63   2                      case 17:
  64   2                              if(Seg_Show_Mode==2)
  65   2                              {
  66   3                                      if(--Temperature_Parameter[0]==9)Temperature_Parameter[0]=10;
  67   3                              }
  68   2                      break;
  69   2              }
  70   1              if(Seg_Show_Mode==1)
  71   1              {
  72   2                      if(Key_Old==17)
  73   2                              Rtc_Show_Mode=1;
  74   2                      else
  75   2                              Rtc_Show_Mode=0;
  76   2              }
  77   1      }
  78          /*数码管显示区域*/
  79          void Seg_Proc()
  80          {
  81   1      //      switch(Seg_Slow)
  82   1      //      {
  83   1      //              case 30:
  84   1      //                      Temperature=Temperature_Read();
  85   1      //              break;
  86   1      //              case 60:
  87   1      //                      
  88   1      //              break;
  89   1      //              case 80:
  90   1      //                      RTC_Read(Rtc);
  91   1      //              break;
  92   1      //      }
  93   1              
  94   1              if(Seg_Slow)return;
  95   1              Seg_Slow=1;
  96   1              
  97   1              Temperature=Temperature_Read();
  98   1              RTC_Read(Rtc);
  99   1      
 100   1              Seg_Buf[0]=12;
 101   1              Seg_Buf[1]=Seg_Show_Mode+1;
 102   1              switch(Seg_Show_Mode)
 103   1              {
 104   2                      case 0:
 105   2                              Seg_Buf[2]=Seg_Buf[3]=Seg_Buf[4]=10;
 106   2                              Seg_Buf[5]=(unsigned char)(Temperature)/10%10;
 107   2                              Seg_Buf[6]=(unsigned char)(Temperature)/1%10;
 108   2                              Seg_Point[6]=1;
 109   2                              Seg_Buf[7]=(unsigned int)(Temperature*10)%10;
 110   2                      break;
 111   2                      case 1:
 112   2                              Seg_Point[6]=0;
 113   2                              Seg_Buf[2]=10;
 114   2                              Seg_Buf[5]=11;
 115   2                              if(Rtc_Show_Mode==0)
 116   2                              {
C51 COMPILER V9.54   MAIN                                                                  03/29/2025 00:06:52 PAGE 3   

 117   3                                      Seg_Buf[3]=Rtc[0]/16%16;
 118   3                                      Seg_Buf[4]=Rtc[0]%16;
 119   3                                      Seg_Buf[6]=Rtc[1]/16%16;
 120   3                                      Seg_Buf[7]=Rtc[1]%16;
 121   3                              }
 122   2                              else
 123   2                              {
 124   3                                      Seg_Buf[3]=Rtc[1]/16%16;
 125   3                                      Seg_Buf[4]=Rtc[1]%16;
 126   3                                      Seg_Buf[6]=Rtc[2]/16%16;
 127   3                                      Seg_Buf[7]=Rtc[2]%16;
 128   3                              }
 129   2                      break;
 130   2                      case 2:
 131   2                              Seg_Buf[2]=Seg_Buf[3]=Seg_Buf[4]=Seg_Buf[5]=10;
 132   2                              Seg_Buf[6]=(unsigned char)(Temperature_Parameter[0])/10%10;
 133   2                              Seg_Buf[7]=(unsigned char)(Temperature_Parameter[0])/1%10;
 134   2                      break;
 135   2              }
 136   1      }
 137          /*Led显示区域*/
 138          void Led_Proc()
 139          {
 140   1              Beeper_Buf=0;
 141   1              if(Work_Mode==0)
 142   1              {
 143   2                      if(Temperature>Temperature_Parameter[0])
 144   2                              Relay_Buf=1;
 145   2                      else
 146   2                              Relay_Buf=0;
 147   2                      Relay(Relay_Buf);
 148   2              }
 149   1              else
 150   1              {
 151   2                      if(Rtc[1]==0x00 && Rtc[2]==0x00 && Relay_Buf==0)
 152   2                              Relay_Buf=1;
 153   2                      Relay(Relay_Buf);
 154   2              }
 155   1              
 156   1              if(Rtc[1]==0x00 && Rtc[2]==0x00 && Led_Buf[0]==0)
 157   1                      Led_Buf[0]=1;
 158   1              
 159   1              Led_Buf[1]=(Work_Mode==0)?1:0;
 160   1              
 161   1              if(Relay_Buf==1)
 162   1                      Led_Buf[2]=(Led_Flash_Flag)?1:0;
 163   1              else
 164   1                      Led_Buf[2]=0;
 165   1      }
 166          /*定时器1区域*/
 167          void Timer1_Init(void)          //1毫秒@12.000MHz
 168          {
 169   1              AUXR &= 0xBF;                   //定时器时钟12T模式
 170   1              TMOD &= 0x0F;                   //设置定时器模式
 171   1              TL1 = 0x18;                             //设置定时初始值
 172   1              TH1 = 0xFC;                             //设置定时初始值
 173   1              TF1 = 0;                                //清除TF1标志
 174   1              TR1 = 1;                                //定时器1开始计时
 175   1              ET1 = 1;                                //使能定时器1中断
 176   1              EA=1;
 177   1      }
 178          void Timer1_Isr(void) interrupt 3
C51 COMPILER V9.54   MAIN                                                                  03/29/2025 00:06:52 PAGE 4   

 179          {
 180   1              if(++Key_Slow==20)Key_Slow=0;
 181   1              if(++Seg_Slow==100)Seg_Slow=0;
 182   1              
 183   1              
 184   1              if(Relay_Buf==1)
 185   1              {
 186   2                      if(++Relay_Time_5000ms==5000)
 187   2                      {
 188   3                              Relay_Time_5000ms=0;
 189   3                              Relay_Buf=0;
 190   3                      }
 191   2              }
 192   1              
 193   1              if(Led_Buf[0]==1)
 194   1              {
 195   2                      if(++Led_Time_5000ms==5000)
 196   2                      {
 197   3                              Led_Time_5000ms=0;
 198   3                              Led_Buf[0]=0;
 199   3                      }
 200   2              }
 201   1              else
 202   1                      Led_Buf[0]=Led_Time_5000ms=0;
 203   1              
 204   1              if(++Led_Time_100ms==100)
 205   1              {
 206   2                      Led_Time_100ms=0;
 207   2                      Led_Flash_Flag^=1;
 208   2              }
 209   1              
 210   1              if(++Seg_Pos==8)Seg_Pos=0;
 211   1              Seg_Disp(Seg_Pos,Seg_Buf[Seg_Pos],Seg_Point[Seg_Pos]);
 212   1              Led_Disp(Seg_Pos,Led_Buf[Seg_Pos]);
 213   1              Beeper(Beeper_Buf);
 214   1      //      Relay(Relay_Buf);
 215   1      }
 216          /*初始化区域*/
 217          void Init_Proc()
 218          {
 219   1              Sys_Init();
 220   1              RTC_Set(Rtc);
 221   1              while(Temperature_Read()==85);
 222   1              Timer1_Init();
 223   1      }
 224          /*主函数区域*/
 225          void main()
 226          {
 227   1              Init_Proc();
 228   1              while(1)
 229   1              {
 230   2                      Key_Proc();
 231   2                      Seg_Proc();
 232   2                      Led_Proc();
 233   2              }
 234   1      }


MODULE INFORMATION:   STATIC OVERLAYABLE
   CODE SIZE        =    815    ----
   CONSTANT SIZE    =   ----    ----
   XDATA SIZE       =   ----    ----
C51 COMPILER V9.54   MAIN                                                                  03/29/2025 00:06:52 PAGE 5   

   PDATA SIZE       =   ----    ----
   DATA SIZE        =   ----    ----
   IDATA SIZE       =     55    ----
   BIT SIZE         =      3    ----
END OF MODULE INFORMATION.


C51 COMPILATION COMPLETE.  0 WARNING(S),  0 ERROR(S)
