C51 COMPILER V9.54   MAIN                                                                  04/08/2025 21:53:19 PAGE 1   


C51 COMPILER V9.54, COMPILATION OF MODULE MAIN
OBJECT MODULE PLACED IN .\Objects\main.obj
COMPILER INVOKED BY: D:\Keil_v5\C51\BIN\C51.EXE User\main.c OPTIMIZE(8,SPEED) BROWSE INCDIR(.\Driver;.\User) DEBUG OBJEC
                    -TEXTEND PRINT(.\Listings\main.lst) OBJECT(.\Objects\main.obj)

line level    source

   1          #include <STC15F2K60S2.H>
   2          #include <Init.H>
   3          #include <Seg.H>
   4          #include <Led.H>
   5          #include <Uart.H>
   6          #include <string.H>
   7          unsigned char Seg_Slow,Seg_Pos,Seg_Buf[8]={10,10,10,10,10,10,10,10};
   8          unsigned char Led_Buf[8]={0,0,0,0,0,0,0,0};
   9          
  10          unsigned char Uart_Buf[10]={0};
  11          unsigned char Uart_Index;
  12          unsigned char Uart_Rx_Flag;
  13          unsigned char Uart_Tick;
  14          
  15          
  16          //void Seg_Proc()
  17          //{
  18          //      if(Seg_Slow)return;
  19          //      Seg_Slow=1;
  20          //      
  21          //}
  22          //void Led_Proc()
  23          //{
  24          //      
  25          //}
  26          void Uart_Proc()
  27          {
  28   1              unsigned char i;
  29   1              if(Uart_Index==0)return;
  30   1              if(Uart_Tick>=10)
  31   1              {
  32   2                      Uart_Tick=0;
  33   2                      Uart_Rx_Flag=0;
  34   2      
  35   2                      if (Uart_Index == 8)
  36   2                      {
  37   3                              // 将接收到的8位数据存入Led_Buf数组
  38   3                              for (i = 0; i < 8; i++)
  39   3                              {
  40   4                                      Seg_Buf[i] = Uart_Buf[i] - '0'; // 将字符转换为数字
  41   4                                      Led_Buf[i] = (Seg_Buf[i]) ? 0 : 1;
  42   4                              }
  43   3                      }
  44   2                      else
  45   2                      {
  46   3                              printf("error");
  47   3                      }
  48   2                      
  49   2                      memset(Uart_Buf,0,Uart_Index);
  50   2                      Uart_Index=0;
  51   2              }
  52   1      }
  53          void Uart1_Isr(void) interrupt 4
  54          {
C51 COMPILER V9.54   MAIN                                                                  04/08/2025 21:53:19 PAGE 2   

  55   1              if (RI)                         //检测串口1接收中断
  56   1              {
  57   2                      Uart_Tick=0;
  58   2                      Uart_Rx_Flag=1;
  59   2                      Uart_Buf[Uart_Index++]=SBUF;
  60   2                      
  61   2                      RI = 0;                 //清除串口1接收中断请求位
  62   2                      if(Uart_Index>10)
  63   2                      {
  64   3                              Uart_Index=0;
  65   3                              memset(Uart_Buf,0,10);
  66   3                      }
  67   2              }
  68   1      }
  69          void Timer1_Init(void)          //1毫秒@12.000MHz
  70          {
  71   1              AUXR &= 0xBF;                   //定时器时钟12T模式
  72   1              TMOD &= 0x0F;                   //设置定时器模式
  73   1              TL1 = 0x18;                             //设置定时初始值
  74   1              TH1 = 0xFC;                             //设置定时初始值
  75   1              TF1 = 0;                                //清除TF1标志
  76   1              TR1 = 1;                                //定时器1开始计时
  77   1              ET1 = 1;                                //使能定时器1中断
  78   1              EA=1;
  79   1      }
  80          void Timer1_Isr(void) interrupt 3
  81          {
  82   1              if(++Seg_Slow==100)Seg_Slow=0;
  83   1              if(++Seg_Pos==8)Seg_Pos=0;
  84   1              if(Seg_Buf[Seg_Pos]>20)
  85   1                      Seg_Disp(Seg_Pos,Seg_Buf[Seg_Pos]-',',1);
  86   1              else
  87   1                      Seg_Disp(Seg_Pos,Seg_Buf[Seg_Pos],0);
  88   1              Led_Disp(Seg_Pos,Led_Buf[Seg_Pos]);
  89   1              
  90   1              
  91   1              if(Uart_Rx_Flag==1)Uart_Tick++;
  92   1      }
  93          void main()
  94          {
  95   1              Uart1_Init();
  96   1              Sys_Init();
  97   1              Timer1_Init();
  98   1              while(1)
  99   1              {
 100   2      //              Seg_Proc();
 101   2      //              Led_Proc();
 102   2                      Uart_Proc();
 103   2              }
 104   1      }
 105          
 106          


MODULE INFORMATION:   STATIC OVERLAYABLE
   CODE SIZE        =    367    ----
   CONSTANT SIZE    =      6    ----
   XDATA SIZE       =   ----    ----
   PDATA SIZE       =   ----    ----
   DATA SIZE        =     31    ----
   IDATA SIZE       =   ----    ----
   BIT SIZE         =   ----    ----
C51 COMPILER V9.54   MAIN                                                                  04/08/2025 21:53:19 PAGE 3   

END OF MODULE INFORMATION.


C51 COMPILATION COMPLETE.  0 WARNING(S),  0 ERROR(S)
