C51 COMPILER V9.54   MAIN                                                                  04/09/2025 13:08:47 PAGE 1   


C51 COMPILER V9.54, COMPILATION OF MODULE MAIN
OBJECT MODULE PLACED IN .\Objects\main.obj
COMPILER INVOKED BY: D:\Keil_v5\C51\BIN\C51.EXE User\main.c OPTIMIZE(8,SPEED) BROWSE INCDIR(.\Driver;.\User) DEBUG OBJEC
                    -TEXTEND PRINT(.\Listings\main.lst) OBJECT(.\Objects\main.obj)

line level    source

   1          #include <STC15F2K60S2.H>
   2          #include <Init.H>
   3          #include <Seg.H>
   4          #include <Key.H>
   5          #include <Led.H>
   6          #include <iic.H>
   7          unsigned char Key_Slow,Key_Val,Key_Old,Key_Down,Key_Up;
   8          unsigned char Seg_Slow,Seg_Pos,Seg_Buf[8]={10,10,10,10,10,10,10,10};
   9          unsigned char Relay_Buf=0,Led_Buf[8]={0,0,0,0,0,0,0,0};
  10          
  11          unsigned char Seg_Show_Mode=0;//【0-欢迎】【1-工作】【2-设置】
  12          
  13          unsigned char ADC_Light_Data;
  14          bit Light_State=1;//【0-挡光】【1-未挡光】
  15          bit Occlusion_First_Flag=1;//【0-不是第一次挡光】【1-是第一次挡光】
  16          unsigned char Remaining_Time;
  17          unsigned int Time_Reduce_1000ms;
  18          unsigned char Time_Parameter=5;
  19          bit Time_Over_Flag=0;//【0-计时未完成】【1-计时完成】
  20          bit Occlusion_Keep_Back=0;
  21          
  22          unsigned int Time_3s;
  23          bit Time_3s_Flag;
  24          
  25          
  26          void Key_Proc()
  27          {
  28   1              if(Key_Slow)return;
  29   1              Key_Slow=1;
  30   1              
  31   1              Key_Val=Key_Read();
  32   1              Key_Down=Key_Val&(Key_Old^Key_Val);
  33   1              Key_Up=~Key_Val&(Key_Old^Key_Val);
  34   1              Key_Old=Key_Val;
  35   1              
  36   1              if(Key_Down==4)
  37   1              {
  38   2                      if(Seg_Show_Mode==0)Seg_Show_Mode=2;
  39   2                      else if(Seg_Show_Mode==2)
  40   2                      {
  41   3                              Time_3s=0;
  42   3                              Time_Parameter+=5;
  43   3                              if(Time_Parameter==35)Time_Parameter=5;
  44   3                      }
  45   2              }
  46   1      }
  47          void Seg_Proc()
  48          {
  49   1              if(Seg_Slow)return;
  50   1              Seg_Slow=1;
  51   1              
  52   1              ADC_Light_Data=AD_Read(0x01);
  53   1              
  54   1              if(Time_Over_Flag==0)
C51 COMPILER V9.54   MAIN                                                                  04/09/2025 13:08:47 PAGE 2   

  55   1              {
  56   2                      if(ADC_Light_Data<40)
  57   2                      {
  58   3                              if(Occlusion_Keep_Back==0)
  59   3                              {
  60   4                                      Light_State=0;
  61   4                                      if(Occlusion_First_Flag==1)
  62   4                                      {
  63   5                                              Occlusion_First_Flag=0;
  64   5                                              Remaining_Time=Time_Parameter;
  65   5                                      }
  66   4                                      Seg_Show_Mode=1;
  67   4                              }
  68   3                      }
  69   2                      else
  70   2                      {
  71   3                              Light_State=1;
  72   3                              Occlusion_Keep_Back=0;
  73   3                      }
  74   2              }
  75   1              
  76   1              switch(Seg_Show_Mode)
  77   1              {
  78   2                      case 0:
  79   2                              Seg_Buf[0]=11;
  80   2                              Seg_Buf[1]=12;
  81   2                              Seg_Buf[2]=13;
  82   2                              Seg_Buf[3]=13;
  83   2                              Seg_Buf[4]=0;
  84   2                              Seg_Buf[5]=Seg_Buf[6]=Seg_Buf[7]=10;
  85   2                      break;
  86   2                      case 1:
  87   2                              Seg_Buf[0]=14;
  88   2                              Seg_Buf[1]=Seg_Buf[2]=Seg_Buf[3]=Seg_Buf[4]=Seg_Buf[5]=10;
  89   2                              Seg_Buf[6]=Remaining_Time>=10?Remaining_Time/10:10;
  90   2                              Seg_Buf[7]=Remaining_Time%10;
  91   2                      break;
  92   2                      case 2:
  93   2                              Seg_Buf[0]=12;
  94   2                              Seg_Buf[1]=Seg_Buf[2]=Seg_Buf[3]=Seg_Buf[4]=Seg_Buf[5]=10;
  95   2                              Seg_Buf[6]=Time_Parameter>=10?Time_Parameter/10:10;
  96   2                              Seg_Buf[7]=Time_Parameter%10;
  97   2                      break;
  98   2              }
  99   1      }
 100          void Led_Proc()
 101          {
 102   1              Relay_Buf=(Light_State==0);
 103   1      
 104   1              Led_Buf[0]=Seg_Show_Mode==0?1:0;
 105   1              Led_Buf[1]=Seg_Show_Mode==1?1:0;
 106   1              Led_Buf[2]=Seg_Show_Mode==2?1:0;
 107   1      }
 108          void Timer1_Init(void)          //1毫秒@12.000MHz
 109          {
 110   1              AUXR &= 0xBF;                   //定时器时钟12T模式
 111   1              TMOD &= 0x0F;                   //设置定时器模式
 112   1              TL1 = 0x18;                             //设置定时初始值
 113   1              TH1 = 0xFC;                             //设置定时初始值
 114   1              TF1 = 0;                                //清除TF1标志
 115   1              TR1 = 1;                                //定时器1开始计时
 116   1              ET1 = 1;                                //使能定时器1中断
C51 COMPILER V9.54   MAIN                                                                  04/09/2025 13:08:47 PAGE 3   

 117   1              EA=1;
 118   1      }
 119          void Timer1_Isr(void) interrupt 3
 120          {
 121   1              if(++Key_Slow==20)Key_Slow=0;
 122   1              if(++Seg_Slow==100)Seg_Slow=0;
 123   1              if(++Seg_Pos==8)Seg_Pos=0;
 124   1              if(Seg_Buf[Seg_Pos]>20)
 125   1                      Seg_Disp(Seg_Pos,Seg_Buf[Seg_Pos]-',',1);
 126   1              else
 127   1                      Seg_Disp(Seg_Pos,Seg_Buf[Seg_Pos],0);
 128   1              Led_Disp(Seg_Pos,Led_Buf[Seg_Pos]);
 129   1              Relay(Relay_Buf);
 130   1              
 131   1              
 132   1              if(Light_State==0)
 133   1              {
 134   2                      if(++Time_Reduce_1000ms==1000)
 135   2                      {
 136   3                              Time_Reduce_1000ms=0;
 137   3                              Remaining_Time--;
 138   3                              if(Remaining_Time==0)
 139   3                              {
 140   4                                      Time_Over_Flag=1;
 141   4                                      Light_State=1;
 142   4                                      Occlusion_Keep_Back=1;
 143   4                              }
 144   3                      }
 145   2              }
 146   1              
 147   1              if(Seg_Show_Mode==1)
 148   1              {
 149   2                      if(Light_State==1)
 150   2                      {
 151   3                              if(++Time_3s==3000)
 152   3                              {
 153   4                                      Time_3s=0;
 154   4                                      Seg_Show_Mode=0;
 155   4                                      Time_Over_Flag=0;
 156   4                                      Occlusion_First_Flag=1;
 157   4                              }
 158   3                      }
 159   2                      else
 160   2                      {
 161   3                              Time_3s=0;
 162   3                      }
 163   2              }
 164   1              if(Seg_Show_Mode==2)
 165   1              {
 166   2                      if(++Time_3s==3000)
 167   2                      {
 168   3                              Time_3s=0;
 169   3                              Seg_Show_Mode=0;
 170   3                              Time_Over_Flag=0;
 171   3                              Occlusion_First_Flag=1;
 172   3                      }
 173   2              }
 174   1      }
 175          void main()
 176          {
 177   1              Sys_Init();
 178   1              Timer1_Init();
C51 COMPILER V9.54   MAIN                                                                  04/09/2025 13:08:47 PAGE 4   

 179   1              while(1)
 180   1              {
 181   2                      Key_Proc();
 182   2                      Seg_Proc();
 183   2                      Led_Proc();
 184   2              }
 185   1      }
 186          
 187          


MODULE INFORMATION:   STATIC OVERLAYABLE
   CODE SIZE        =    598    ----
   CONSTANT SIZE    =   ----    ----
   XDATA SIZE       =   ----    ----
   PDATA SIZE       =   ----    ----
   DATA SIZE        =     32    ----
   IDATA SIZE       =   ----    ----
   BIT SIZE         =      5    ----
END OF MODULE INFORMATION.


C51 COMPILATION COMPLETE.  0 WARNING(S),  0 ERROR(S)
