C51 COMPILER V9.54   KEY                                                                   03/28/2025 23:34:06 PAGE 1   


C51 COMPILER V9.54, COMPILATION OF MODULE KEY
OBJECT MODULE PLACED IN .\Objects\Key.obj
COMPILER INVOKED BY: D:\Keil_v5\C51\BIN\C51.EXE Driver\Key.c OPTIMIZE(8,SPEED) BROWSE INCDIR(.\Driver;.\User) DEBUG OBJE
                    -CTEXTEND PRINT(.\Listings\Key.lst) OBJECT(.\Objects\Key.obj)

line level    source

   1          #include <Key.H>
   2          unsigned char Key_Read()
   3          {
   4   1              unsigned char temp=0;
   5   1              ET1=0;
   6   1              if(P33==0)temp=4;
   7   1              if(P32==0)temp=5;
   8   1              if(P31==0)temp=6;
   9   1              if(P30==0)temp=7;
  10   1              ET1=1;
  11   1              P3=0xff;
  12   1              return temp;
  13   1      }
  14          
  15          //unsigned char Key_Read()
  16          //{
  17          //      unsigned char temp=0;
  18          //      ET1=0;
  19          //      P44=0;P42=1;P35=1;P34=1;
  20          //      if(P33==0)temp=4;
  21          //      if(P32==0)temp=5;
  22          //      if(P31==0)temp=6;
  23          //      if(P30==0)temp=7;
  24          //      P44=1;P42=0;P35=1;P34=1;
  25          //      if(P33==0)temp=8;
  26          //      if(P32==0)temp=9;
  27          //      if(P31==0)temp=10;
  28          //      if(P30==0)temp=11;
  29          //      P44=1;P42=1;P35=0;P34=1;
  30          //      if(P33==0)temp=12;
  31          //      if(P32==0)temp=13;
  32          //      if(P31==0)temp=14;
  33          //      if(P30==0)temp=15;
  34          //      P44=1;P42=1;P35=1;P34=0;
  35          //      if(P33==0)temp=16;
  36          //      if(P32==0)temp=17;
  37          //      if(P31==0)temp=18;
  38          //      if(P30==0)temp=19;
  39          //      ET1=1;
  40          //      P3=0xff;
  41          //      return temp;
  42          //}


MODULE INFORMATION:   STATIC OVERLAYABLE
   CODE SIZE        =     30    ----
   CONSTANT SIZE    =   ----    ----
   XDATA SIZE       =   ----    ----
   PDATA SIZE       =   ----    ----
   DATA SIZE        =   ----    ----
   IDATA SIZE       =   ----    ----
   BIT SIZE         =   ----    ----
END OF MODULE INFORMATION.


C51 COMPILATION COMPLETE.  0 WARNING(S),  0 ERROR(S)
