BL51 BANKED LINKER/LOCATER V6.22                                                        03/28/2025  23:34:06  PAGE 1


BL51 BANKED LINKER/LOCATER V6.22, INVOKED BY:
D:\KEIL_V5\C51\BIN\BL51.EXE .\Objects\STARTUP.obj, .\Objects\main.obj, .\Objects\Init.obj, .\Objects\Key.obj, .\Objects\
>> Led.obj, .\Objects\Seg.obj, .\Objects\Ultrasound.obj, .\Objects\iic.obj TO .\Objects\No13_P2 PRINT (.\Listings\No13_P
>> 2.m51) RAMSIZE (256)


MEMORY MODEL: SMALL WITH FLOATING POINT ARITHMETIC


INPUT MODULES INCLUDED:
  .\Objects\STARTUP.obj (?C_STARTUP)
  .\Objects\main.obj (MAIN)
  .\Objects\Init.obj (INIT)
  .\Objects\Key.obj (KEY)
  .\Objects\Led.obj (LED)
  .\Objects\Seg.obj (SEG)
  .\Objects\Ultrasound.obj (ULTRASOUND)
  .\Objects\iic.obj (IIC)
  D:\KEIL_V5\C51\LIB\C51FPS.LIB (?C?FPADD)
  D:\KEIL_V5\C51\LIB\C51FPS.LIB (?C?FPMUL)
  D:\KEIL_V5\C51\LIB\C51FPS.LIB (?C?FPDIV)
  D:\KEIL_V5\C51\LIB\C51FPS.LIB (?C?FPCMP)
  D:\KEIL_V5\C51\LIB\C51FPS.LIB (?C?FCAST)
  D:\KEIL_V5\C51\LIB\C51FPS.LIB (?C?CASTF)
  D:\KEIL_V5\C51\LIB\C51FPS.LIB (?C?FPGETOPN)
  D:\KEIL_V5\C51\LIB\C51S.LIB (?C_INIT)
  D:\KEIL_V5\C51\LIB\C51S.LIB (?C?UIDIV)
  D:\KEIL_V5\C51\LIB\C51S.LIB (?C?LNEG)
  D:\KEIL_V5\C51\LIB\C51S.LIB (?C?LLDIDATA)
  D:\KEIL_V5\C51\LIB\C51S.LIB (?C?LLDIDATA0)
  D:\KEIL_V5\C51\LIB\C51S.LIB (?C?LSTIDATA)
  D:\KEIL_V5\C51\LIB\C51S.LIB (?C?LSTKIDATA)


LINK MAP OF MODULE:  .\Objects\No13_P2 (?C_STARTUP)


            TYPE    BASE      LENGTH    RELOCATION   SEGMENT NAME
            -----------------------------------------------------

            * * * * * * *   D A T A   M E M O R Y   * * * * * * *
            REG     0000H     0008H     ABSOLUTE     "REG BANK 0"
            DATA    0008H     0017H     UNIT         ?DT?SEG
                    001FH     0001H                  *** GAP ***
            BIT     0020H.0   0000H.4   UNIT         ?BI?MAIN
            BIT     0020H.4   0000H.1   UNIT         _BIT_GROUP_
                    0020H.5   0000H.3                *** GAP ***
            DATA    0021H     0006H     UNIT         ?DT?LED
            IDATA   0027H     003BH     UNIT         ?ID?MAIN
            IDATA   0062H     0001H     UNIT         ?STACK

            * * * * * * *   C O D E   M E M O R Y   * * * * * * *
            CODE    0000H     0003H     ABSOLUTE     
            CODE    0003H     0018H     UNIT         ?PR?_I2CSENDACK?IIC
            CODE    001BH     0003H     ABSOLUTE     
            CODE    001EH     0477H     UNIT         ?C?LIB_CODE
            CODE    0495H     0215H     UNIT         ?PR?SEG_PROC?MAIN
            CODE    06AAH     0177H     UNIT         ?PR?KEY_PROC?MAIN
BL51 BANKED LINKER/LOCATER V6.22                                                      03/28/2025  23:34:06  PAGE 2


            CODE    0821H     0095H     UNIT         ?PR?TIMER1_ISR?MAIN
            CODE    08B6H     008CH     UNIT         ?C_C51STARTUP
            CODE    0942H     006CH     UNIT         ?C_INITSEG
            CODE    09AEH     0043H     UNIT         ?PR?LED_PROC?MAIN
            CODE    09F1H     0042H     UNIT         ?PR?_SEG_DISP?SEG
            CODE    0A33H     003BH     UNIT         ?PR?_LED_DISP?LED
            CODE    0A6EH     0039H     UNIT         ?PR?US_DISTANCE_GET?ULTRASOUND
            CODE    0AA7H     002CH     UNIT         ?PR?_I2CSENDBYTE?IIC
            CODE    0AD3H     0026H     UNIT         ?PR?_AD_READ?IIC
            CODE    0AF9H     0023H     UNIT         ?PR?BEEPER?LED
            CODE    0B1CH     0023H     UNIT         ?PR?RELAY?LED
            CODE    0B3FH     001EH     UNIT         ?PR?KEY_READ?KEY
            CODE    0B5DH     001DH     UNIT         ?PR?SYS_INIT?INIT
            CODE    0B7AH     001DH     UNIT         ?PR?I2CRECEIVEBYTE?IIC
            CODE    0B97H     001CH     UNIT         ?PR?I2CWAITACK?IIC
            CODE    0BB3H     001AH     UNIT         ?PR?_I2C_DELAY?IIC
            CODE    0BCDH     0015H     UNIT         ?PR?TIMER1_INIT?MAIN
            CODE    0BE2H     0013H     UNIT         ?PR?_DA_WRITE?IIC
            CODE    0BF5H     0011H     UNIT         ?PR?US_INIT?ULTRASOUND
            CODE    0C06H     000FH     UNIT         ?PR?I2CSTART?IIC
            CODE    0C15H     000EH     UNIT         ?PR?MAIN?MAIN
            CODE    0C23H     000CH     UNIT         ?PR?I2CSTOP?IIC
            CODE    0C2FH     0007H     UNIT         ?PR?DELAY12US?ULTRASOUND
            CODE    0C36H     0006H     UNIT         ?PR?INIT_PROC?MAIN



OVERLAY MAP OF MODULE:   .\Objects\No13_P2 (?C_STARTUP)


SEGMENT                                   BIT_GROUP 
  +--> CALLED SEGMENT                  START    LENGTH
------------------------------------------------------
?C_C51STARTUP                          -----    -----
  +--> ?PR?MAIN?MAIN
  +--> ?C_INITSEG

?PR?MAIN?MAIN                          -----    -----
  +--> ?PR?INIT_PROC?MAIN
  +--> ?PR?KEY_PROC?MAIN
  +--> ?PR?SEG_PROC?MAIN
  +--> ?PR?LED_PROC?MAIN

?PR?INIT_PROC?MAIN                     -----    -----
  +--> ?PR?SYS_INIT?INIT
  +--> ?PR?TIMER1_INIT?MAIN

?PR?KEY_PROC?MAIN                      -----    -----
  +--> ?PR?KEY_READ?KEY

?PR?SEG_PROC?MAIN                      -----    -----
  +--> ?PR?_AD_READ?IIC
  +--> ?PR?US_DISTANCE_GET?ULTRASOUND
  +--> ?PR?_DA_WRITE?IIC

?PR?_AD_READ?IIC                       -----    -----
  +--> ?PR?I2CWAITACK?IIC
BL51 BANKED LINKER/LOCATER V6.22                                                      03/28/2025  23:34:06  PAGE 3


  +--> ?PR?_I2CSENDBYTE?IIC
  +--> ?PR?I2CSTART?IIC
  +--> ?PR?I2CRECEIVEBYTE?IIC
  +--> ?PR?_I2CSENDACK?IIC
  +--> ?PR?I2CSTOP?IIC

?PR?I2CWAITACK?IIC                     -----    -----
  +--> ?PR?I2CSTART?IIC
  +--> ?PR?_I2CSENDBYTE?IIC
  +--> ?PR?_I2C_DELAY?IIC

?PR?I2CSTART?IIC                       -----    -----
  +--> ?PR?_I2C_DELAY?IIC

?PR?_I2CSENDBYTE?IIC                   -----    -----
  +--> ?PR?_I2C_DELAY?IIC

?PR?I2CRECEIVEBYTE?IIC                 -----    -----
  +--> ?PR?_I2C_DELAY?IIC

?PR?_I2CSENDACK?IIC                    -----    -----
  +--> ?PR?_I2C_DELAY?IIC

?PR?I2CSTOP?IIC                        -----    -----
  +--> ?PR?_I2C_DELAY?IIC

?PR?US_DISTANCE_GET?ULTRASOUND         -----    -----
  +--> ?PR?US_INIT?ULTRASOUND

?PR?US_INIT?ULTRASOUND                 -----    -----
  +--> ?PR?DELAY12US?ULTRASOUND

?PR?_DA_WRITE?IIC                      -----    -----
  +--> ?PR?I2CWAITACK?IIC
  +--> ?PR?_I2CSENDBYTE?IIC

*** NEW ROOT ***************************************************

?PR?TIMER1_ISR?MAIN                    -----    -----
  +--> ?PR?_SEG_DISP?SEG
  +--> ?PR?_LED_DISP?LED
  +--> ?PR?BEEPER?LED
  +--> ?PR?RELAY?LED

?PR?BEEPER?LED                         0020H.4  0000H.1

?PR?RELAY?LED                          0020H.4  0000H.1



SYMBOL TABLE OF MODULE:  .\Objects\No13_P2 (?C_STARTUP)

  VALUE           TYPE          NAME
  ----------------------------------

  -------         MODULE        ?C_STARTUP
  C:08B6H         SEGMENT       ?C_C51STARTUP
BL51 BANKED LINKER/LOCATER V6.22                                                      03/28/2025  23:34:06  PAGE 4


  I:0062H         SEGMENT       ?STACK
  C:0000H         PUBLIC        ?C_STARTUP
  D:00E0H         SYMBOL        ACC
  D:00F0H         SYMBOL        B
  D:0083H         SYMBOL        DPH
  D:0082H         SYMBOL        DPL
  N:0000H         SYMBOL        IBPSTACK
  N:0100H         SYMBOL        IBPSTACKTOP
  N:0080H         SYMBOL        IDATALEN
  C:08B9H         SYMBOL        IDATALOOP
  N:0000H         SYMBOL        PBPSTACK
  N:0100H         SYMBOL        PBPSTACKTOP
  N:0000H         SYMBOL        PDATALEN
  N:0000H         SYMBOL        PDATASTART
  N:0000H         SYMBOL        PPAGE
  N:0000H         SYMBOL        PPAGEENABLE
  D:00A0H         SYMBOL        PPAGE_SFR
  D:0081H         SYMBOL        SP
  C:08B6H         SYMBOL        STARTUP1
  N:0000H         SYMBOL        XBPSTACK
  N:0000H         SYMBOL        XBPSTACKTOP
  N:0000H         SYMBOL        XDATALEN
  N:0000H         SYMBOL        XDATASTART
  C:0000H         LINE#         126
  C:08B6H         LINE#         133
  C:08B8H         LINE#         134
  C:08B9H         LINE#         135
  C:08BAH         LINE#         136
  C:08BCH         LINE#         185
  C:08BFH         LINE#         196
  -------         ENDMOD        ?C_STARTUP

  -------         MODULE        MAIN
  C:0000H         SYMBOL        _ICE_DUMMY_
  B:0020H.0       PUBLIC        Relay_Buf
  D:0080H         PUBLIC        P0
  D:0090H         PUBLIC        P1
  D:00A0H         PUBLIC        P2
  I:0027H         PUBLIC        Parameter_Index
  D:00B0H         PUBLIC        P3
  D:00C0H         PUBLIC        P4
  D:00C8H         PUBLIC        P5
  D:00E8H         PUBLIC        P6
  B:00A8H.7       PUBLIC        EA
  D:00F8H         PUBLIC        P7
  I:0028H         PUBLIC        Seg_Show_Mode
  C:0C36H         PUBLIC        Init_Proc
  C:09AEH         PUBLIC        Led_Proc
  I:0029H         PUBLIC        Seg_Point
  D:00A8H         PUBLIC        IE
  I:0031H         PUBLIC        Led_Buf
  C:0495H         PUBLIC        Seg_Proc
  D:00B8H         PUBLIC        IP
  I:0039H         PUBLIC        Seg_Buf
  C:06AAH         PUBLIC        Key_Proc
  D:00D8H         PUBLIC        CCON
  I:0041H         PUBLIC        Key_Down
BL51 BANKED LINKER/LOCATER V6.22                                                      03/28/2025  23:34:06  PAGE 5


  C:0C15H         PUBLIC        main
  I:0042H         PUBLIC        Voltage_RB2_ADC
  I:0046H         PUBLIC        Seg_Slow
  I:0047H         PUBLIC        Key_Old
  C:0BCDH         PUBLIC        Timer1_Init
  I:0048H         PUBLIC        Key_Val
  I:0049H         PUBLIC        Key_Slow
  I:004AH         PUBLIC        Seg_Pos
  D:0098H         PUBLIC        SCON
  D:0089H         PUBLIC        TMOD
  D:0088H         PUBLIC        TCON
  I:004BH         PUBLIC        US_Distance
  B:0020H.1       PUBLIC        Time_100ms_Flag
  D:008EH         PUBLIC        AUXR
  C:0821H         PUBLIC        Timer1_Isr
  I:004CH         PUBLIC        Rb2_DAC_Voltage
  B:0020H.2       PUBLIC        US_ON_OFF_Mode
  B:00A8H.3       PUBLIC        ET1
  B:0088H.7       PUBLIC        TF1
  D:008DH         PUBLIC        TH1
  I:0050H         PUBLIC        Key_Up
  D:008BH         PUBLIC        TL1
  B:0020H.3       PUBLIC        Beeper_Buf
  B:0088H.6       PUBLIC        TR1
  I:0051H         PUBLIC        Voltage_Parameter
  I:0059H         PUBLIC        Time_100ms
  I:005AH         PUBLIC        Voltage_Parameter_Set
  D:00D0H         PUBLIC        PSW
  -------         PROC          KEY_PROC
  C:06AAH         LINE#         32
  C:06AAH         LINE#         33
  C:06AAH         LINE#         34
  C:06B2H         LINE#         35
  C:06B6H         LINE#         37
  C:06BDH         LINE#         38
  C:06C7H         LINE#         39
  C:06D0H         LINE#         40
  C:06D4H         LINE#         42
  C:06E9H         LINE#         43
  C:06E9H         LINE#         44
  C:06E9H         LINE#         45
  C:06F2H         LINE#         46
  C:06F9H         LINE#         47
  C:06F9H         LINE#         48
  C:06FCH         LINE#         49
  C:0706H         LINE#         50
  C:070DH         LINE#         51
  C:070FH         LINE#         52
  C:0715H         LINE#         53
  C:0715H         LINE#         54
  C:0729H         LINE#         55
  C:0729H         LINE#         56
  C:0733H         LINE#         57
  C:073DH         LINE#         58
  C:073DH         LINE#         59
  C:073DH         LINE#         60
  C:073DH         LINE#         61
BL51 BANKED LINKER/LOCATER V6.22                                                      03/28/2025  23:34:06  PAGE 6


  C:073DH         LINE#         62
  C:0747H         LINE#         63
  C:074CH         LINE#         64
  C:074DH         LINE#         65
  C:074DH         LINE#         66
  C:0757H         LINE#         67
  C:0757H         LINE#         68
  C:075BH         LINE#         69
  C:075BH         LINE#         70
  C:076EH         LINE#         71
  C:0782H         LINE#         72
  C:0784H         LINE#         73
  C:0786H         LINE#         74
  C:0790H         LINE#         75
  C:0790H         LINE#         76
  C:07A3H         LINE#         77
  C:07B4H         LINE#         78
  C:07BDH         LINE#         79
  C:07BDH         LINE#         80
  C:07BDH         LINE#         81
  C:07BEH         LINE#         82
  C:07BEH         LINE#         83
  C:07C5H         LINE#         84
  C:07C5H         LINE#         85
  C:07C9H         LINE#         86
  C:07C9H         LINE#         87
  C:07DCH         LINE#         88
  C:07EBH         LINE#         89
  C:07EDH         LINE#         90
  C:07EFH         LINE#         91
  C:07F5H         LINE#         92
  C:07F5H         LINE#         93
  C:0808H         LINE#         94
  C:0817H         LINE#         95
  C:0820H         LINE#         96
  C:0820H         LINE#         97
  C:0820H         LINE#         98
  C:0820H         LINE#         99
  C:0820H         LINE#         100
  -------         ENDPROC       KEY_PROC
  -------         PROC          SEG_PROC
  -------         DO            
  D:0007H         SYMBOL        i
  -------         ENDDO         
  C:0495H         LINE#         102
  C:0495H         LINE#         103
  C:0495H         LINE#         105
  C:049DH         LINE#         106
  C:04A1H         LINE#         109
  C:04BBH         LINE#         110
  C:04DBH         LINE#         111
  C:04DFH         LINE#         113
  C:04E1H         LINE#         116
  C:04E4H         LINE#         117
  C:04E4H         LINE#         118
  C:04EBH         LINE#         119
  C:04F6H         LINE#         120
BL51 BANKED LINKER/LOCATER V6.22                                                      03/28/2025  23:34:06  PAGE 7


  C:0518H         LINE#         121
  C:0521H         LINE#         122
  C:052BH         LINE#         123
  C:0531H         LINE#         124
  C:053AH         LINE#         125
  C:053CH         LINE#         127
  C:0545H         LINE#         128
  C:055AH         LINE#         130
  C:056DH         LINE#         131
  C:056DH         LINE#         132
  C:056DH         LINE#         133
  C:0574H         LINE#         134
  C:0578H         LINE#         135
  C:0585H         LINE#         136
  C:0596H         LINE#         137
  C:059AH         LINE#         138
  C:05B7H         LINE#         139
  C:05D4H         LINE#         140
  C:05D5H         LINE#         141
  C:05D5H         LINE#         142
  C:05D9H         LINE#         143
  C:05DDH         LINE#         144
  C:05EAH         LINE#         145
  C:05EDH         LINE#         146
  C:05EDH         LINE#         147
  C:05FDH         LINE#         148
  C:0609H         LINE#         149
  C:0614H         LINE#         150
  C:0616H         LINE#         151
  C:0616H         LINE#         152
  C:0625H         LINE#         153
  C:062BH         LINE#         154
  C:0630H         LINE#         155
  C:0630H         LINE#         157
  C:0630H         LINE#         158
  C:063AH         LINE#         159
  C:063AH         LINE#         160
  C:063BH         LINE#         161
  C:063BH         LINE#         162
  C:063FH         LINE#         163
  C:0646H         LINE#         164
  C:0657H         LINE#         165
  C:065BH         LINE#         166
  C:0676H         LINE#         167
  C:0679H         LINE#         168
  C:068AH         LINE#         169
  C:068EH         LINE#         170
  C:06A9H         LINE#         171
  C:06A9H         LINE#         172
  C:06A9H         LINE#         173
  -------         ENDPROC       SEG_PROC
  -------         PROC          LED_PROC
  C:09AEH         LINE#         175
  C:09AEH         LINE#         176
  C:09AEH         LINE#         177
  C:09B2H         LINE#         178
  C:09C2H         LINE#         179
BL51 BANKED LINKER/LOCATER V6.22                                                      03/28/2025  23:34:06  PAGE 8


  C:09D0H         LINE#         180
  C:09E0H         LINE#         182
  C:09F0H         LINE#         183
  -------         ENDPROC       LED_PROC
  -------         PROC          TIMER1_INIT
  C:0BCDH         LINE#         185
  C:0BCDH         LINE#         186
  C:0BCDH         LINE#         187
  C:0BD0H         LINE#         188
  C:0BD3H         LINE#         189
  C:0BD6H         LINE#         190
  C:0BD9H         LINE#         191
  C:0BDBH         LINE#         192
  C:0BDDH         LINE#         193
  C:0BDFH         LINE#         194
  C:0BE1H         LINE#         195
  -------         ENDPROC       TIMER1_INIT
  -------         PROC          TIMER1_ISR
  C:0821H         LINE#         196
  C:083EH         LINE#         198
  C:0847H         LINE#         199
  C:0850H         LINE#         202
  C:0857H         LINE#         203
  C:0857H         LINE#         204
  C:0859H         LINE#         205
  C:085EH         LINE#         206
  C:085EH         LINE#         211
  C:0867H         LINE#         212
  C:087FH         LINE#         213
  C:088DH         LINE#         214
  C:0894H         LINE#         215
  C:089BH         LINE#         216
  -------         ENDPROC       TIMER1_ISR
  -------         PROC          INIT_PROC
  C:0C36H         LINE#         218
  C:0C36H         LINE#         219
  C:0C36H         LINE#         220
  C:0C39H         LINE#         222
  -------         ENDPROC       INIT_PROC
  -------         PROC          MAIN
  C:0C15H         LINE#         225
  C:0C15H         LINE#         226
  C:0C15H         LINE#         227
  C:0C18H         LINE#         228
  C:0C18H         LINE#         229
  C:0C18H         LINE#         230
  C:0C1BH         LINE#         231
  C:0C1EH         LINE#         232
  C:0C21H         LINE#         233
  -------         ENDPROC       MAIN
  -------         ENDMOD        MAIN

  -------         MODULE        INIT
  C:0000H         SYMBOL        _ICE_DUMMY_
  D:0080H         PUBLIC        P0
  D:0090H         PUBLIC        P1
  D:00A0H         PUBLIC        P2
BL51 BANKED LINKER/LOCATER V6.22                                                      03/28/2025  23:34:06  PAGE 9


  D:00B0H         PUBLIC        P3
  D:00C0H         PUBLIC        P4
  D:00C8H         PUBLIC        P5
  D:00E8H         PUBLIC        P6
  D:00F8H         PUBLIC        P7
  D:00A8H         PUBLIC        IE
  D:00B8H         PUBLIC        IP
  D:00D8H         PUBLIC        CCON
  D:0098H         PUBLIC        SCON
  D:0088H         PUBLIC        TCON
  C:0B5DH         PUBLIC        Sys_Init
  D:00D0H         PUBLIC        PSW
  -------         PROC          SYS_INIT
  C:0B5DH         LINE#         2
  C:0B5DH         LINE#         3
  C:0B5DH         LINE#         4
  C:0B60H         LINE#         5
  C:0B68H         LINE#         6
  C:0B6BH         LINE#         8
  C:0B6EH         LINE#         9
  C:0B76H         LINE#         10
  C:0B79H         LINE#         11
  -------         ENDPROC       SYS_INIT
  -------         ENDMOD        INIT

  -------         MODULE        KEY
  C:0000H         SYMBOL        _ICE_DUMMY_
  D:0080H         PUBLIC        P0
  D:0090H         PUBLIC        P1
  D:00A0H         PUBLIC        P2
  D:00B0H         PUBLIC        P3
  D:00C0H         PUBLIC        P4
  D:00C8H         PUBLIC        P5
  D:00E8H         PUBLIC        P6
  D:00F8H         PUBLIC        P7
  C:0B3FH         PUBLIC        Key_Read
  D:00A8H         PUBLIC        IE
  D:00B8H         PUBLIC        IP
  D:00D8H         PUBLIC        CCON
  B:00B0H.0       PUBLIC        P30
  B:00B0H.1       PUBLIC        P31
  D:0098H         PUBLIC        SCON
  B:00B0H.2       PUBLIC        P32
  D:0088H         PUBLIC        TCON
  B:00B0H.3       PUBLIC        P33
  B:00A8H.3       PUBLIC        ET1
  D:00D0H         PUBLIC        PSW
  -------         PROC          KEY_READ
  -------         DO            
  D:0007H         SYMBOL        temp
  -------         ENDDO         
  C:0B3FH         LINE#         2
  C:0B3FH         LINE#         3
  C:0B3FH         LINE#         4
  C:0B41H         LINE#         5
  C:0B43H         LINE#         6
  C:0B48H         LINE#         7
BL51 BANKED LINKER/LOCATER V6.22                                                      03/28/2025  23:34:06  PAGE 10


  C:0B4DH         LINE#         8
  C:0B52H         LINE#         9
  C:0B57H         LINE#         10
  C:0B59H         LINE#         11
  C:0B5CH         LINE#         12
  C:0B5CH         LINE#         13
  -------         ENDPROC       KEY_READ
  -------         ENDMOD        KEY

  -------         MODULE        LED
  C:0000H         SYMBOL        _ICE_DUMMY_
  C:0B1CH         PUBLIC        Relay
  D:0080H         PUBLIC        P0
  D:0090H         PUBLIC        P1
  D:00A0H         PUBLIC        P2
  D:00B0H         PUBLIC        P3
  D:00C0H         PUBLIC        P4
  D:00C8H         PUBLIC        P5
  D:00E8H         PUBLIC        P6
  D:00F8H         PUBLIC        P7
  C:0A33H         PUBLIC        _Led_Disp
  D:00A8H         PUBLIC        IE
  D:00B8H         PUBLIC        IP
  D:00D8H         PUBLIC        CCON
  D:0098H         PUBLIC        SCON
  D:0088H         PUBLIC        TCON
  C:0AF9H         PUBLIC        Beeper
  D:00D0H         PUBLIC        PSW
  -------         PROC          _LED_DISP
  D:0007H         SYMBOL        addr
  D:0004H         SYMBOL        enable
  -------         DO            
  D:0021H         SYMBOL        temp
  D:0022H         SYMBOL        temp_old
  -------         ENDDO         
  C:0A33H         LINE#         2
  C:0A33H         LINE#         3
  C:0A33H         LINE#         7
  C:0A37H         LINE#         8
  C:0A46H         LINE#         10
  C:0A54H         LINE#         12
  C:0A5AH         LINE#         13
  C:0A5AH         LINE#         14
  C:0A5FH         LINE#         15
  C:0A67H         LINE#         16
  C:0A6AH         LINE#         17
  C:0A6DH         LINE#         18
  C:0A6DH         LINE#         19
  -------         ENDPROC       _LED_DISP
  -------         PROC          BEEPER
  B:0020H.4       SYMBOL        enable
  -------         DO            
  D:0023H         SYMBOL        temp
  D:0024H         SYMBOL        temp_old
  -------         ENDDO         
  C:0AF9H         LINE#         21
  C:0AF9H         LINE#         22
BL51 BANKED LINKER/LOCATER V6.22                                                      03/28/2025  23:34:06  PAGE 11


  C:0AF9H         LINE#         26
  C:0AFCH         LINE#         27
  C:0B01H         LINE#         29
  C:0B04H         LINE#         31
  C:0B0AH         LINE#         32
  C:0B0AH         LINE#         33
  C:0B0DH         LINE#         34
  C:0B15H         LINE#         35
  C:0B18H         LINE#         36
  C:0B1BH         LINE#         37
  C:0B1BH         LINE#         38
  -------         ENDPROC       BEEPER
  -------         PROC          RELAY
  B:0020H.4       SYMBOL        enable
  -------         DO            
  D:0025H         SYMBOL        temp
  D:0026H         SYMBOL        temp_old
  -------         ENDDO         
  C:0B1CH         LINE#         40
  C:0B1CH         LINE#         41
  C:0B1CH         LINE#         45
  C:0B1FH         LINE#         46
  C:0B24H         LINE#         48
  C:0B27H         LINE#         50
  C:0B2DH         LINE#         51
  C:0B2DH         LINE#         52
  C:0B30H         LINE#         53
  C:0B38H         LINE#         54
  C:0B3BH         LINE#         55
  C:0B3EH         LINE#         56
  C:0B3EH         LINE#         57
  -------         ENDPROC       RELAY
  -------         ENDMOD        LED

  -------         MODULE        SEG
  C:0000H         SYMBOL        _ICE_DUMMY_
  D:0080H         PUBLIC        P0
  D:0090H         PUBLIC        P1
  D:00A0H         PUBLIC        P2
  D:00B0H         PUBLIC        P3
  D:00C0H         PUBLIC        P4
  D:00C8H         PUBLIC        P5
  D:00E8H         PUBLIC        P6
  D:00F8H         PUBLIC        P7
  D:0008H         PUBLIC        Seg_Dula
  D:0017H         PUBLIC        Seg_Wela
  D:00A8H         PUBLIC        IE
  C:09F1H         PUBLIC        _Seg_Disp
  D:00B8H         PUBLIC        IP
  D:00D8H         PUBLIC        CCON
  D:0098H         PUBLIC        SCON
  D:0088H         PUBLIC        TCON
  D:00D0H         PUBLIC        PSW
  -------         PROC          _SEG_DISP
  D:0007H         SYMBOL        wela
  D:0004H         SYMBOL        dula
  D:0002H         SYMBOL        point
BL51 BANKED LINKER/LOCATER V6.22                                                      03/28/2025  23:34:06  PAGE 12


  C:09F1H         LINE#         21
  C:09F1H         LINE#         22
  C:09F1H         LINE#         23
  C:09F4H         LINE#         24
  C:09FCH         LINE#         25
  C:09FFH         LINE#         27
  C:0A06H         LINE#         28
  C:0A0EH         LINE#         29
  C:0A11H         LINE#         31
  C:0A15H         LINE#         32
  C:0A20H         LINE#         34
  C:0A27H         LINE#         35
  C:0A2FH         LINE#         36
  C:0A32H         LINE#         37
  -------         ENDPROC       _SEG_DISP
  -------         ENDMOD        SEG

  -------         MODULE        ULTRASOUND
  C:0000H         SYMBOL        _ICE_DUMMY_
  D:0080H         PUBLIC        P0
  D:0090H         PUBLIC        P1
  D:00A0H         PUBLIC        P2
  D:00B0H         PUBLIC        P3
  D:00C0H         PUBLIC        P4
  D:00C8H         PUBLIC        P5
  D:00E8H         PUBLIC        P6
  D:00F8H         PUBLIC        P7
  D:00A8H         PUBLIC        IE
  D:00B8H         PUBLIC        IP
  C:0BF5H         PUBLIC        US_Init
  D:00D8H         PUBLIC        CCON
  B:0090H.1       PUBLIC        US_RX
  D:0098H         PUBLIC        SCON
  B:0090H.0       PUBLIC        US_TX
  D:0089H         PUBLIC        TMOD
  D:0088H         PUBLIC        TCON
  C:0A6EH         PUBLIC        US_Distance_Get
  C:0C2FH         PUBLIC        Delay12us
  B:0088H.5       PUBLIC        TF0
  D:008CH         PUBLIC        TH0
  D:008AH         PUBLIC        TL0
  B:0088H.4       PUBLIC        TR0
  D:00D0H         PUBLIC        PSW
  -------         PROC          DELAY12US
  -------         DO            
  D:0007H         SYMBOL        i
  -------         ENDDO         
  C:0C2FH         LINE#         2
  C:0C2FH         LINE#         3
  C:0C2FH         LINE#         6
  C:0C30H         LINE#         7
  C:0C31H         LINE#         8
  C:0C33H         LINE#         9
  C:0C35H         LINE#         10
  -------         ENDPROC       DELAY12US
  -------         PROC          US_INIT
  -------         DO            
BL51 BANKED LINKER/LOCATER V6.22                                                      03/28/2025  23:34:06  PAGE 13


  D:0006H         SYMBOL        i
  -------         ENDDO         
  C:0BF5H         LINE#         12
  C:0BF5H         LINE#         13
  C:0BF5H         LINE#         15
  C:0BF7H         LINE#         16
  C:0BF7H         LINE#         17
  C:0BF9H         LINE#         18
  C:0BFCH         LINE#         19
  C:0BFEH         LINE#         20
  C:0C01H         LINE#         21
  C:0C05H         LINE#         22
  -------         ENDPROC       US_INIT
  -------         PROC          US_DISTANCE_GET
  -------         DO            
  D:0006H         SYMBOL        time
  -------         ENDDO         
  C:0A6EH         LINE#         24
  C:0A6EH         LINE#         25
  C:0A6EH         LINE#         27
  C:0A71H         LINE#         28
  C:0A74H         LINE#         29
  C:0A76H         LINE#         30
  C:0A79H         LINE#         32
  C:0A7BH         LINE#         33
  C:0A81H         LINE#         34
  C:0A83H         LINE#         35
  C:0A86H         LINE#         36
  C:0A86H         LINE#         37
  C:0A8EH         LINE#         38
  C:0AA2H         LINE#         39
  C:0AA2H         LINE#         41
  C:0AA2H         LINE#         42
  C:0AA4H         LINE#         43
  C:0AA6H         LINE#         44
  C:0AA6H         LINE#         45
  -------         ENDPROC       US_DISTANCE_GET
  -------         ENDMOD        ULTRASOUND

  -------         MODULE        IIC
  C:0000H         SYMBOL        _ICE_DUMMY_
  D:0080H         PUBLIC        P0
  D:0090H         PUBLIC        P1
  D:00A0H         PUBLIC        P2
  D:00B0H         PUBLIC        P3
  D:00C0H         PUBLIC        P4
  D:00C8H         PUBLIC        P5
  D:00E8H         PUBLIC        P6
  D:00F8H         PUBLIC        P7
  D:00A8H         PUBLIC        IE
  C:0BB7H         SYMBOL        _I2C_Delay
  D:00B8H         PUBLIC        IP
  C:0B7AH         PUBLIC        I2CReceiveByte
  D:00D8H         PUBLIC        CCON
  D:0098H         PUBLIC        SCON
  D:0088H         PUBLIC        TCON
  B:00A0H.1       PUBLIC        sda
BL51 BANKED LINKER/LOCATER V6.22                                                      03/28/2025  23:34:06  PAGE 14


  B:00A0H.0       PUBLIC        scl
  C:0C06H         PUBLIC        I2CStart
  C:0003H         PUBLIC        _I2CSendAck
  C:0AA7H         PUBLIC        _I2CSendByte
  C:0AD3H         PUBLIC        _AD_Read
  C:0BA1H         PUBLIC        I2CWaitAck
  C:0C23H         PUBLIC        I2CStop
  C:0BE2H         PUBLIC        _DA_Write
  D:00D0H         PUBLIC        PSW
  C:0BB3H         SYMBOL        L?0024
  -------         PROC          L?0023
  -------         ENDPROC       L?0023
  C:0BB3H         SYMBOL        L?0024
  -------         PROC          _I2C_DELAY
  D:0007H         SYMBOL        n
  C:0BB7H         LINE#         11
  C:0BB7H         LINE#         12
  C:0BB7H         LINE#         14
  C:0BB7H         LINE#         15
  C:0BBCH         LINE#         16
  C:0BC1H         LINE#         17
  C:0BC6H         LINE#         18
  C:0BC6H         LINE#         19
  C:0BCCH         LINE#         20
  -------         ENDPROC       _I2C_DELAY
  -------         PROC          I2CSTART
  C:0C06H         LINE#         23
  C:0C06H         LINE#         24
  C:0C06H         LINE#         25
  C:0C08H         LINE#         26
  C:0C08H         LINE#         27
  C:0C0BH         LINE#         28
  C:0C0DH         LINE#         29
  C:0C12H         LINE#         30
  C:0C14H         LINE#         31
  -------         ENDPROC       I2CSTART
  -------         PROC          I2CSTOP
  C:0C23H         LINE#         34
  C:0C23H         LINE#         35
  C:0C23H         LINE#         36
  C:0C25H         LINE#         37
  C:0C25H         LINE#         38
  C:0C28H         LINE#         39
  C:0C2AH         LINE#         40
  -------         ENDPROC       I2CSTOP
  -------         PROC          _I2CSENDBYTE
  D:0005H         SYMBOL        byt
  -------         DO            
  D:0004H         SYMBOL        i
  -------         ENDDO         
  C:0AA7H         LINE#         44
  C:0AA9H         LINE#         45
  C:0AA9H         LINE#         48
  C:0AABH         LINE#         49
  C:0AADH         LINE#         50
  C:0AB2H         LINE#         51
  C:0AB6H         LINE#         52
BL51 BANKED LINKER/LOCATER V6.22                                                      03/28/2025  23:34:06  PAGE 15


  C:0AB8H         LINE#         53
  C:0ABAH         LINE#         54
  C:0ABAH         LINE#         55
  C:0ABCH         LINE#         56
  C:0ABCH         LINE#         57
  C:0AC1H         LINE#         58
  C:0AC3H         LINE#         59
  C:0AC7H         LINE#         60
  C:0ACCH         LINE#         61
  C:0AD0H         LINE#         63
  C:0AD2H         LINE#         64
  -------         ENDPROC       _I2CSENDBYTE
  -------         PROC          I2CRECEIVEBYTE
  -------         DO            
  D:0005H         SYMBOL        da
  D:0004H         SYMBOL        i
  -------         ENDDO         
  C:0B7AH         LINE#         67
  C:0B7AH         LINE#         68
  C:0B7AH         LINE#         71
  C:0B7CH         LINE#         72
  C:0B7CH         LINE#         73
  C:0B7FH         LINE#         74
  C:0B83H         LINE#         75
  C:0B86H         LINE#         76
  C:0B89H         LINE#         77
  C:0B8BH         LINE#         78
  C:0B90H         LINE#         79
  C:0B94H         LINE#         80
  C:0B96H         LINE#         81
  -------         ENDPROC       I2CRECEIVEBYTE
  -------         PROC          L?0022
  -------         ENDPROC       L?0022
  -------         PROC          I2CWAITACK
  -------         DO            
  D:0005H         SYMBOL        ackbit
  -------         ENDDO         
  C:0BA1H         LINE#         84
  C:0BA1H         LINE#         85
  C:0BA1H         LINE#         88
  C:0BA1H         LINE#         89
  C:0BA4H         LINE#         90
  C:0BA9H         LINE#         91
  C:0BABH         LINE#         92
  C:0BB0H         LINE#         94
  C:0BB2H         LINE#         95
  -------         ENDPROC       I2CWAITACK
  -------         PROC          _I2CSENDACK
  D:0007H         SYMBOL        ackbit
  C:0003H         LINE#         98
  C:0003H         LINE#         99
  C:0003H         LINE#         100
  C:0005H         LINE#         101
  C:000AH         LINE#         102
  C:000FH         LINE#         103
  C:000FH         LINE#         104
  C:0012H         LINE#         105
BL51 BANKED LINKER/LOCATER V6.22                                                      03/28/2025  23:34:06  PAGE 16


  C:0014H         LINE#         106
  C:0016H         LINE#         107
  -------         ENDPROC       _I2CSENDACK
  -------         PROC          _AD_READ
  D:0003H         SYMBOL        addr
  -------         DO            
  D:0005H         SYMBOL        temp
  -------         ENDDO         
  C:0AD3H         LINE#         109
  C:0AD3H         LINE#         110
  C:0AD3H         LINE#         112
  C:0AD3H         LINE#         113
  C:0AD3H         LINE#         114
  C:0AD6H         LINE#         115
  C:0ADBH         LINE#         116
  C:0ADEH         LINE#         118
  C:0AE1H         LINE#         119
  C:0AE6H         LINE#         120
  C:0AE9H         LINE#         121
  C:0AEEH         LINE#         122
  C:0AF3H         LINE#         124
  C:0AF6H         LINE#         125
  C:0AF8H         LINE#         126
  -------         ENDPROC       _AD_READ
  -------         PROC          _DA_WRITE
  D:0003H         SYMBOL        dat
  C:0BE2H         LINE#         127
  C:0BE2H         LINE#         128
  C:0BE2H         LINE#         129
  C:0BE2H         LINE#         130
  C:0BE2H         LINE#         131
  C:0BE5H         LINE#         132
  C:0BEAH         LINE#         133
  C:0BEDH         LINE#         134
  C:0BF2H         LINE#         135
  -------         ENDPROC       _DA_WRITE
  -------         ENDMOD        IIC

  -------         MODULE        ?C?FPADD
  C:0025H         PUBLIC        ?C?FPADD
  C:0021H         PUBLIC        ?C?FPSUB
  -------         ENDMOD        ?C?FPADD

  -------         MODULE        ?C?FPMUL
  C:0116H         PUBLIC        ?C?FPMUL
  -------         ENDMOD        ?C?FPMUL

  -------         MODULE        ?C?FPDIV
  C:021FH         PUBLIC        ?C?FPDIV
  -------         ENDMOD        ?C?FPDIV

  -------         MODULE        ?C?FPCMP
  C:02BEH         PUBLIC        ?C?FPCMP
  C:02BCH         PUBLIC        ?C?FPCMP3
  -------         ENDMOD        ?C?FPCMP

  -------         MODULE        ?C?FCAST
BL51 BANKED LINKER/LOCATER V6.22                                                      03/28/2025  23:34:06  PAGE 17


  C:033FH         PUBLIC        ?C?FCASTC
  C:033AH         PUBLIC        ?C?FCASTI
  C:0335H         PUBLIC        ?C?FCASTL
  -------         ENDMOD        ?C?FCAST

  -------         MODULE        ?C?CASTF
  C:0373H         PUBLIC        ?C?CASTF
  -------         ENDMOD        ?C?CASTF

  -------         MODULE        ?C?UIDIV
  C:03F4H         PUBLIC        ?C?UIDIV
  -------         ENDMOD        ?C?UIDIV

  -------         MODULE        ?C?LNEG
  C:0449H         PUBLIC        ?C?LNEG
  -------         ENDMOD        ?C?LNEG

  -------         MODULE        ?C?LLDIDATA
  C:0457H         PUBLIC        ?C?LLDIDATA
  -------         ENDMOD        ?C?LLDIDATA

  -------         MODULE        ?C?LLDIDATA0
  C:0463H         PUBLIC        ?C?LLDIDATA0
  -------         ENDMOD        ?C?LLDIDATA0

  -------         MODULE        ?C?LSTIDATA
  C:0470H         PUBLIC        ?C?LSTIDATA
  -------         ENDMOD        ?C?LSTIDATA

  -------         MODULE        ?C?LSTKIDATA
  C:047CH         PUBLIC        ?C?LSTKIDATA
  -------         ENDMOD        ?C?LSTKIDATA

Program Size: data=97.5 xdata=0 code=3132
LINK/LOCATE RUN COMPLETE.  0 WARNING(S),  0 ERROR(S)
