C51 COMPILER V9.54   ULTRASOUND                                                            03/28/2025 23:34:06 PAGE 1   


C51 COMPILER V9.54, COMPILATION OF MODULE ULTRASOUND
OBJECT MODULE PLACED IN .\Objects\Ultrasound.obj
COMPILER INVOKED BY: D:\Keil_v5\C51\BIN\C51.EXE Driver\Ultrasound.c OPTIMIZE(8,SPEED) BROWSE INCDIR(.\Driver;.\User) DEB
                    -UG OBJECTEXTEND PRINT(.\Listings\Ultrasound.lst) OBJECT(.\Objects\Ultrasound.obj)

line level    source

   1          #include <Ultrasound.H>
   2          void Delay12us(void)    //@12.000MHz
   3          {
   4   1              unsigned char data i;
   5   1      
   6   1              _nop_();
   7   1              _nop_();
   8   1              i = 33;
   9   1              while (--i);
  10   1      }
  11          
  12          void US_Init()
  13          {
  14   1              unsigned char i;
  15   1              for(i=0;i<8;i++)
  16   1              {
  17   2                      US_TX=1;
  18   2                      Delay12us();
  19   2                      US_TX=0;
  20   2                      Delay12us();
  21   2              }
  22   1      }
  23          
  24          unsigned char US_Distance_Get()
  25          {
  26   1              unsigned int time;
  27   1              TMOD &= 0xF0;                   //设置定时器模式
  28   1              TL0 = 0x00;                             //设置定时初始值
  29   1              TH0 = 0x00;                             //设置定时初始值
  30   1              US_Init();
  31   1      //      TF0 = 0;                                //清除TF0标志
  32   1              TR0 = 1;                                //定时器0开始计时
  33   1              while(US_RX==1 && TF0==0);
  34   1              TR0 = 0;                                //定时器0停止计时
  35   1              if(TF0==0)
  36   1              {
  37   2                      time=(TH0<<8)|TL0;
  38   2                      return (time*0.017);
  39   2              }
  40   1              else
  41   1              {
  42   2                      TF0 = 0;
  43   2                      return 0;
  44   2              }
  45   1      }


MODULE INFORMATION:   STATIC OVERLAYABLE
   CODE SIZE        =     81    ----
   CONSTANT SIZE    =   ----    ----
   XDATA SIZE       =   ----    ----
   PDATA SIZE       =   ----    ----
   DATA SIZE        =   ----    ----
   IDATA SIZE       =   ----    ----
C51 COMPILER V9.54   ULTRASOUND                                                            03/28/2025 23:34:06 PAGE 2   

   BIT SIZE         =   ----    ----
END OF MODULE INFORMATION.


C51 COMPILATION COMPLETE.  0 WARNING(S),  0 ERROR(S)
